******************************************************************************
            TI ARM Clang Linker PC v4.0.4                      
******************************************************************************
>> Linked Sat Mar  7 09:46:05 2026

OUTPUT FILE NAME:   <basic_ble_LP_EM_CC2340R5_freertos_ticlang.out>
ENTRY POINT SYMBOL: "resetISR"  address: 00028755


MEMORY CONFIGURATION

         name            origin    length      used     unused   attr    fill
----------------------  --------  ---------  --------  --------  ----  --------
  FLASH                 00000000   0007d000  0002dd97  0004f269  R  X
  NVS_SLOT              0007d000   00003000  00003000  00000000  R  X
  SRAM                  20000000   00009000  00007b39  000014c7  RW X
  S2RRAM                40098000   00001000  00000000  00001000  RW  
  CCFG                  4e020000   00000800  00000800  00000000  R   
  LOG_DATA              90000000   00040000  00000000  00040000  R   
  LOG_PTR               94000008   00040000  00000000  00040000  R   


SEGMENT ALLOCATION MAP

run origin  load origin   length   init length attrs members
----------  ----------- ---------- ----------- ----- -------
00000000    00000000    0002dd9c   0002dd9c    r-x
  00000000    00000000    0000008c   0000008c    r-- .resetVecs
  00000090    00000090    00029860   00029860    r-x .text
  000298f0    000298f0    00003ff3   00003ff3    r-- .rodata
  0002d8e4    0002d8e4    000004b8   000004b8    r-- .cinit
0007d000    0007d000    00003000   00000000    rw-
  0007d000    0007d000    00003000   00000000    rw- .TI.bound:flashBuf0
20000400    20000400    00000020   00000000    rw-
  20000400    20000400    00000010   00000000    rw- .TI.bound:dmaChannel0ControlTableEntry
  20000410    20000410    00000010   00000000    rw- .TI.bound:dmaChannel1ControlTableEntry
20000440    20000440    00000020   00000000    rw-
  20000440    20000440    00000010   00000000    rw- .TI.bound:dmaChannel4ControlTableEntry
  20000450    20000450    00000010   00000000    rw- .TI.bound:dmaChannel5ControlTableEntry
20000460    20000460    00007673   00000000    rw-
  20000460    20000460    000067f2   00000000    rw- .bss
  20006c58    20006c58    00000e7b   00000000    rw- .data
20008c00    20008c00    00000400   00000000    rw-
  20008c00    20008c00    00000400   00000000    rw- .stack
4e020000    4e020000    00000800   00000800    r--
  4e020000    4e020000    00000800   00000800    r-- .ccfg


SECTION ALLOCATION MAP

 output                                  attributes/
section   page    origin      length       input sections
--------  ----  ----------  ----------   ----------------
.resetVecs 
*          0    00000000    0000008c     
                  00000000    0000008c     ti_freertos_config.o (.resetVecs)

.text      0    00000090    00029860     
                  00000090    00000c74     rcl_cc23x0r5.a : ble5.c.obj (.text.RCL_Handler_BLE5_adv)
                  00000d04    00000ac0     OneLib.a : OneLib_LL_ll_ble.obj (.text.llProcessPeripheralControlPacket)
                  000017c4    00000a54              : OneLib_Host_Profiles_gattservapp.obj (.text.GATTServApp_ProcessEvent)
                  00002218    000007e8     StackWrapper.a : StackWrapper_Host_gapbondmgr.obj (.text.GAPBondMgr_ProcessGAPMsg)
                  00002a00    0000061c     OneLib.a : OneLib_Host_GATT_gatt_client.obj (.text.gattClientProcessMsgCB)
                  0000301c    000005b0              : OneLib_LL_ll_peripheral_end_causes.obj (.text.llProcessPeripheralControlProcedures)
                  000035cc    000004f8     nvocmp.o (.text.NVOCMP_compactPage)
                  00003ac4    000004c8     nvocmp.o (.text.NVOCMP_initNvApi)
                  00003f8c    000004ac     rcl_cc23x0r5.a : ble5.c.obj (.text.RCL_Handler_BLE5_conn)
                  00004438    00000410     OneLib.a : OneLib_LL_ll_peripheral_end_causes.obj (.text.llPeripheral_TaskEnd)
                  00004848    000003e4              : OneLib_LL_ll_ae.obj (.text.llSetupExtAdvLegacy)
                  00004c2c    000003c0              : OneLib_LL_ll_peripheral_end_causes.obj (.text.llSetupNextPeripheralEvent)
                  00004fec    0000036c     ecc.a : scalarMul.c.obj (.text.SCALARMUL_core)
                  00005358    0000035c     StackWrapper.a : StackWrapper_Host_gapbondmgr.obj (.text.GAPBondMgr_SetParameter)
                  000056b4    00000348     OneLib.a : OneLib_LL_ll.obj (.text.LL_ProcessEvent)
                  000059fc    00000330     ecc.a : scalarMul.c.obj (.text.ATOMICPATTERN)
                  00005d2c    00000314     ti_freertos_config.o (.text.doPrint)
                  00006040    00000310     ecc.a : lowlevelapi_m0_gnu.s.obj (.text)
                  00006350    000002f4     rcl_cc23x0r5.a : LRFCC23X0.c.obj (.text.LRF_temperatureCompensateTrim)
                  00006644    000002f4     secure_drivers_cc23x0r5.a : RNGLPF3RF.c.obj (.text.RNGLPF3RF_conditionNoiseToGenerateSeed)
                  00006938    000002f4     OneLib.a : OneLib_LL_ll_scheduler.obj (.text.llSchedulerConnectable)
                  00006c2c    000002c8     rcl_cc23x0r5.a : LRF.c.obj (.text.LRF_applySettings)
                  00006ef4    000002ac     OneLib.a : OneLib_LL_ll.obj (.text.LE_SetExtAdvParams)
                  000071a0    000002a4     rcl_cc23x0r5.a : LRFCC23X0.c.obj (.text.LRF_programFrequency)
                  00007444    0000029c     StackWrapper.a : StackWrapper_Host_gapbondmgr.obj (.text.GAPBondMgr_ProcessEvent)
                  000076e0    00000294     OneLib.a : OneLib_LL_ll_common.obj (.text.llAllocConnId)
                  00007974    00000294              : OneLib_LL_ll_common.obj (.text.llSetupCtrlPkt)
                  00007c08    0000028c              : OneLib_LL_ll_common.obj (.text.llRealignConn)
                  00007e94    00000288              : OneLib_LL_ll_common.obj (.text.llProcessPeripheralConnectionCreated)
                  0000811c    00000244              : OneLib_LL_ll_isr.obj (.text.llRxEntryDoneEventHandleStateConnection)
                  00008360    0000023c              : OneLib_Host_Profiles_gattservapp.obj (.text.GATTServApp_ReadAttr)
                  0000859c    00000228     nvocmp.o (.text.NVOCMP_addItem)
                  000087c4    00000220     secure_drivers_cc23x0r5.a : AESCCMLPF3.c.obj (.text.AESCCMLPF3_processSegmentedCBCMAC)
                  000089e4    00000214     drivers_cc23x0r5.a : UART2LPF3.c.obj (.text.UART2LPF3_hwiIntFxn)
                  00008bf8    0000020c     rcl_cc23x0r5.a : adc_noise.c.obj (.text.RCL_Handler_ADC_Noise_getNoise)
                  00008e04    00000200                    : RCL.c.obj (.text.rclCommandHwi)
                  00009004    000001fc     OneLib.a : OneLib_LL_ll.obj (.text.LE_SetExtAdvEnable)
                  00009200    000001f4              : OneLib_Host_SM_sm_rsppairing.obj (.text.smResponderSendNextKeyInfo)
                  000093f4    000001ec     rcl_cc23x0r5.a : LRFCC23X0.c.obj (.text.LRF_setupRadio)
                  000095e0    000001ea     OneLib.a : OneLib_LL_ll_common.obj (.text.llSelectConn)
                  000097ca    00000002     ti_drivers_config.o (.text.Board_initHook)
                  000097cc    000001e4     ecc.a : scalarMul.c.obj (.text.INVERT)
                  000099b0    000001e4     OneLib.a : OneLib_Host_SM_sm_pairing.obj (.text.smSavePairInfo)
                  00009b94    000001d4              : OneLib_LL_ll_scheduler.obj (.text.llFindNextSecTask)
                  00009d68    000001d4     ti_freertos_config.o (.text.mq_open)
                  00009f3c    000001c4     secure_drivers_cc23x0r5.a : AESCMACLPF3.c.obj (.text.AESCMACLPF3_startOperation)
                  0000a100    000001c4     OneLib.a : OneLib_Host_GAP_gap_advertiser.obj (.text.GapAdv_create)
                  0000a2c4    000001a8     secure_drivers_cc23x0r5.a : ECDHLPF3SW.c.obj (.text.ECDH_computeSharedSecret)
                  0000a46c    000001a8     ecc.a : scalarMul.c.obj (.text.JACADD)
                  0000a614    000001a8     OneLib.a : OneLib_Host_GAP_gap_advertiser.obj (.text.gapAdv_controllerCb)
                  0000a7bc    000001a8              : OneLib_LL_ll_scheduler.obj (.text.llSchedulerSecondaryTasksConn)
                  0000a964    000001a4     ecc.a : scalarMul25519.c.obj (.text.X25519_core)
                  0000ab08    0000019c     OneLib.a : OneLib_LL_ll_common.obj (.text.llCalcConnMaxTimeLength)
                  0000aca4    0000019c              : OneLib_Host_SM_sm_task.obj (.text.smProcessHCIBLEMetaEventCode)
                  0000ae40    00000198              : OneLib_LL_ll_adv_end_causes.obj (.text.llExtAdv_PostProcess)
                  0000afd8    00000192     libclang_rt.builtins.a : adddf3.S.obj (.text.adddf3_subdf3)
                  0000b16a    00000002     ble_user_config.o (.text.DefaultAssertCback)
                  0000b16c    00000190     OneLib.a : OneLib_LL_ll_common.obj (.text.llGetNextConn)
                  0000b2fc    00000190     StackWrapper.a : StackWrapper_OSAL_osal.obj (.text.osal_run_system)
                  0000b48c    00000188     OneLib.a : OneLib_LL_ll_scheduler.obj (.text.llScheduler)
                  0000b614    00000184     secure_drivers_cc23x0r5.a : AESCCMLPF3.c.obj (.text.AESCCMLPF3_hwiFxn)
                  0000b798    00000182                               : AESCCMLPF3.c.obj (.text.AESCCMLPF3_oneStepOperation)
                  0000b91a    00000002     display_cc23x0r5.a : DisplayUart2.c.obj (.text.DisplayUart2Ansi_init)
                  0000b91c    00000180     drivers_cc23x0r5.a : UART2LPF3.c.obj (.text.UART2_open)
                  0000ba9c    00000180     OneLib.a : OneLib_Host_L2CAP_l2cap_task.obj (.text.l2capProcessReq)
                  0000bc1c    00000180              : OneLib_Host_SM_sm_mgr.obj (.text.sm_f5)
                  0000bd9c    0000017c     StackWrapper.a : StackWrapper_Host_gapbondmgr.obj (.text.gapBondMgrAuthenticate)
                  0000bf18    00000178     OneLib.a : OneLib_LL_ll_adv_end_causes.obj (.text.llAdv_TaskConnect)
                  0000c090    00000174     nvocmp.o (.text.NVOCMP_findItem)
                  0000c204    00000170     OneLib.a : OneLib_Host_GATT_gatt_server.obj (.text.gattServerProcessMsgCB)
                  0000c374    00000168              : OneLib_Host_GAP_gap_advertiser.obj (.text.GapAdv_enable)
                  0000c4dc    00000168              : OneLib_LL_ll.obj (.text.LL_AddDeviceToResolvingList)
                  0000c644    00000164              : OneLib_LL_ll_isr.obj (.text.LL_rclAdvRxEntryDone)
                  0000c7a8    0000015c              : OneLib_Host_Profiles_gattservapp.obj (.text.gattServApp_ProcessReadByTypeReq)
                  0000c904    00000158              : OneLib_LL_ll_common.obj (.text.llConnCleanup)
                  0000ca5c    00000156     drivers_cc23x0r5.a : UART2.c.obj (.text.UART2_writeTimeoutBlocking)
                  0000cbb2    00000002     secure_drivers_cc23x0r5.a : ECDHLPF3SW.c.obj (.text.ECDH_init)
                  0000cbb4    00000154     OneLib.a : OneLib_LL_ll.obj (.text.LL_Init)
                  0000cd08    00000154     secure_drivers_cc23x0r5.a : RNGLPF3RF.c.obj (.text.RNGLPF3RF_getValidatedNumber)
                  0000ce5c    00000148     StackWrapper.a : StackWrapper_Host_gapbondmgr.obj (.text.gapBondMgrSaveBond)
                  0000cfa4    00000146     OneLib.a : OneLib_LL_ll_common.obj (.text.llCombinePDU)
                  0000d0ea    00000002     driverlib.a : interrupt.c.obj (.text.IntDefaultHandler)
                  0000d0ec    00000144     OneLib.a : OneLib_Host_GAP_gap_task.obj (.text.gapProcessBLEEvents)
                  0000d230    00000144     ti_freertos_config.o (.text.prvTimerTask)
                  0000d374    00000140     drivers_cc23x0r5.a : NVSLPF3.c.obj (.text.NVSLPF3_write)
                  0000d4b4    00000140     rcl_cc23x0r5.a : RCL.c.obj (.text.rclStop)
                  0000d5f4    00000138                    : RCL_Scheduler.c.obj (.text.rclSchedulerProcessCmdStartStopTime)
                  0000d72c    00000134     ecc.a : ECCSW.c.obj (.text.ECCSW_validatePublicKeyWeierstrass)
                  0000d860    00000134     OneLib.a : OneLib_LL_ll.obj (.text.LL_Reset)
                  0000d994    00000130              : OneLib_LL_ll_scheduler.obj (.text.llCheckIsSecTaskCollideWithPrimTaskInLsto)
                  0000dac4    00000130              : OneLib_Host_SM_sm_mgr.obj (.text.sm_CMAC)
                  0000dbf4    0000012c              : OneLib_Host_L2CAP_l2cap_task.obj (.text.l2capProcessRsp)
                  0000dd20    00000128     StackWrapper.a : StackWrapper_Host_gapbondmgr.obj (.text.gapBondMgrEraseBonding)
                  0000de48    00000128     ti_freertos_config.o (.text.xQueueSemaphoreTake)
                  0000df70    00000124     drivers_cc23x0r5.a : UART2LPF3.c.obj (.text.UART2LPF3_initHw)
                  0000e094    00000124     OneLib.a : OneLib_LL_ll_scheduler.obj (.text.llExtAdvSchedSetup)
                  0000e1b8    00000124              : OneLib_Host_SM_sm_rsppairing.obj (.text.smResponderProcessLTKReq)
                  0000e2dc    00000120     secure_drivers_cc23x0r5.a : ECDHLPF3SW.c.obj (.text.ECDH_generatePublicKey)
                  0000e3fc    00000120     StackWrapper.a : StackWrapper_OSAL_osal_timers.obj (.text.osalTimerUpdate)
                  0000e51c    0000011c     OneLib.a : OneLib_HCI_hci_event.obj (.text.LL_EnhancedConnectionCompleteCback)
                  0000e638    0000011c              : OneLib_LL_ll_scheduler.obj (.text.llFindStartType)
                  0000e754    0000011c              : OneLib_LL_ll_isr.obj (.text.llLastCmdDoneEventHandleConnectRequest)
                  0000e870    00000118              : OneLib_LL_ll.obj (.text.LL_ConnUpdate)
                  0000e988    00000116     icall_POSIX.o (.text.ICall_waitMatch)
                  0000ea9e    00000002     rom_init.o (.text.MAP_Handover_ApplyCnData)
                  0000eaa0    00000114     OneLib.a : OneLib_LL_ll_ae.obj (.text.llFindNextAdvSet)
                  0000ebb4    00000110              : OneLib_Host_SM_sm_rsppairing.obj (.text.smpResponderProcessPairingRandom)
                  0000ecc4    0000010e     secure_drivers_cc23x0r5.a : AESCTRDRBGXX.c.obj (.text.AESCTRDRBG_getRandomBytes)
                  0000edd2    00000002     rom_init.o (.text.MAP_L2CAP_HandoverInitSN)
                  0000edd4    0000010c     rcl_cc23x0r5.a : ble5.c.obj (.text.RCL_Handler_BLE5_updateTxBuffers)
                  0000eee0    00000108     OneLib.a : OneLib_LL_ll_al.obj (.text.AL_AddEntry)
                  0000efe8    00000108     drivers_cc23x0r5.a : UART2.c.obj (.text.UART2_writeTimeoutNonblocking)
                  0000f0f0    00000108     OneLib.a : OneLib_Host_GAP_gap_linkmgr.obj (.text.gapPairingCompleteCB)
                  0000f1f8    00000108     ti_freertos_config.o (.text.prvAddNewTaskToReadyList)
                  0000f300    00000104     rcl_cc23x0r5.a : ble5.c.obj (.text.RCL_Handler_BLE5_getAuxPtrFromTxBuffer)
                  0000f404    00000104     ecc.a : scalarMul.c.obj (.text.SCALARMUL_init)
                  0000f508    00000104     OneLib.a : OneLib_Host_SM_sm_mgr.obj (.text.sm_f6)
                  0000f60c    00000100     secure_drivers_cc23x0r5.a : AESCTRDRBGXX.c.obj (.text.AESCTRDRBG_reseed)
                  0000f70c    00000100     dev_info_service.o (.text.DevInfo_setParameter)
                  0000f80c    00000100     OneLib.a : OneLib_Host_GATT_gatt_server.obj (.text.gattProcessFindInfoReq)
                  0000f90c    00000100     rcl_cc23x0r5.a : RCL.c.obj (.text.rclSchedulerHwi)
                  0000fa0c    000000fc     secure_drivers_cc23x0r5.a : AESCTRDRBGXX.c.obj (.text.AESCTRDRBG_construct)
                  0000fb08    000000fc     OneLib.a : OneLib_LL_ll_privacy.obj (.text.LL_PRIV_ValidatePrivacyCompliance)
                  0000fc04    000000fc              : OneLib_LL_ll_common.obj (.text.llProcessAdvAddrResolutionTimeout)
                  0000fd00    000000f8              : OneLib_LL_ll.obj (.text.LL_SetPhy)
                  0000fdf8    000000f8     drivers_cc23x0r5.a : PowerCC23X0.c.obj (.text.PowerCC23X0_oscillatorISR)
                  0000fef0    000000f8     ti_freertos_config.o (.text.xTaskIncrementTick)
                  0000ffe8    000000f4     OneLib.a : OneLib_Host_GAP_gap_advertiser.obj (.text.GapAdv_loadByHandle)
                  000100dc    000000f4              : OneLib_LL_ll_ae.obj (.text.LE_AE_SetData)
                  000101d0    000000f4     ti_freertos_config.o (.text.PowerCC23X0_standbyPolicy)
                  000102c4    000000f4     StackWrapper.a : StackWrapper_Host_gapbondmgr.obj (.text.gapBondMgrUpdateCharCfg)
                  000103b8    000000f4     OneLib.a : OneLib_Host_SM_sm_rsppairing.obj (.text.smpResponderProcessIncoming)
                  000104ac    000000f0     nvocmp.o (.text.NVOCMP_cleanPage)
                  0001059c    000000f0     ecc.a : scalarMul.c.obj (.text.SCALARMUL_final)
                  0001068c    000000f0     OneLib.a : OneLib_Host_SM_sm_mgr.obj (.text.SM_VerifyAuthenSig)
                  0001077c    000000f0              : OneLib_Host_SM_sm_mgr.obj (.text.sm_c1new)
                  0001086c    000000f0     ti_freertos_config.o (.text.xTaskResumeAll)
                  0001095c    000000ec     secure_drivers_cc23x0r5.a : AESCCMLPF3.c.obj (.text.AESCCMLPF3_processOneStepCBCMACPolling)
                  00010a48    000000ec     drivers_cc23x0r5.a : PowerCC23X0.c.obj (.text.Power_init)
                  00010b34    000000ec     rcl_cc23x0r5.a : ble5.c.obj (.text.RCL_Handler_BLE5_updateAuxPtr)
                  00010c20    000000ec     OneLib.a : OneLib_LL_ll_common.obj (.text.llConnExists)
                  00010d0c    000000ec              : OneLib_Host_SM_sm_pairing.obj (.text.sm_c1)
                  00010df8    000000e8              : OneLib_Host_ATT_att_util.obj (.text.attSendMsg)
                  00010ee0    000000e8              : OneLib_LL_ll_ae.obj (.text.llAddAdvSortedEntry)
                  00010fc8    000000e8              : OneLib_Host_GAP_gap_linkmgr.obj (.text.sendAuthEvent)
                  000110b0    000000e8     ti_freertos_config.o (.text.xQueueGenericSend)
                  00011198    000000e4     bleapputil_task.o (.text.BLEAppUtil_Task)
                  0001127c    000000e4     bleapputil_process.o (.text.BLEAppUtil_convertGAPEvents)
                  00011360    000000e4     OneLib.a : OneLib_Host_GATT_gatt_task.obj (.text.GATT_ProcessEvent)
                  00011444    000000e4              : OneLib_Host_SM_sm_pairing.obj (.text.SM_PasskeyUpdate)
                  00011528    000000e4     libclang_rt.builtins.a : muldf3.S.obj (.text.__muldf3)
                  0001160c    000000e4     OneLib.a : OneLib_Host_Profiles_gapgattserver.obj (.text.ggs_ReadAttrCB)
                  000116f0    000000e4              : OneLib_LL_ll_common.obj (.text.llSetupConnCmd)
                  000117d4    000000e4     ecc.a : lowlevelapi.c.obj (.text.mSET)
                  000118b8    000000e4     ti_freertos_config.o (.text.xQueueReceive)
                  0001199c    000000e0     OneLib.a : OneLib_LL_ll.obj (.text.LL_TxData)
                  00011a7c    000000e0              : OneLib_LL_ll_data.obj (.text.llDynamicAlloc_connectable)
                  00011b5c    000000e0              : OneLib_Host_SM_sm_mgr.obj (.text.sm_f4)
                  00011c3c    000000e0              : OneLib_Host_SM_sm_mgr.obj (.text.sm_g2)
                  00011d1c    000000dc              : OneLib_Host_GATT_gatt_server.obj (.text.GATT_SendRsp)
                  00011df8    000000dc              : OneLib_LL_ll_common.obj (.text.llPeriSetupConnWindow)
                  00011ed4    000000d8     app_connection.o (.text.Connection_ConnEventHandler)
                  00011fac    000000d8     drivers_cc23x0r5.a : GPIOLPF3.c.obj (.text.GPIO_init)
                  00012084    000000d8     OneLib.a : OneLib_Host_Profiles_gattservapp.obj (.text.gattServApp_HandleConnStatusCB)
                  0001215c    000000d8              : OneLib_LL_ll_common.obj (.text.llSendConnEvtCallback)
                  00012234    000000d8     ti_freertos_config.o (.text.pthread_create)
                  0001230c    000000d8     ti_freertos_config.o (.text.pvPortMalloc)
                  000123e4    000000d8     rcl_cc23x0r5.a : RCL.c.obj (.text.rclDispatchHwi)
                  000124bc    000000d8     ble_user_config.o (.text.setBleUserConfig)
                  00012594    000000d8     OneLib.a : OneLib_Host_SM_sm_pairing.obj (.text.smProcessDataMsg)
                  0001266c    000000d4     drivers_cc23x0r5.a : UART2LPF3.c.obj (.text.UART2Support_dmaStartRx)
                  00012740    000000d4     OneLib.a : OneLib_LL_ll_data.obj (.text.llDynamicAlloc)
                  00012814    000000d0              : OneLib_Host_GATT_gatt_server.obj (.text.GATT_RegisterService)
                  000128e4    000000d0     drivers_cc23x0r5.a : UART2LPF3.c.obj (.text.UART2Support_dmaStartTx)
                  000129b4    000000d0     OneLib.a : OneLib_Host_Profiles_gapgattserver.obj (.text.ggs_WriteAttrCB)
                  00012a84    000000d0              : OneLib_Host_SM_sm_pairing.obj (.text.smGenerateAddrInput)
                  00012b54    000000cc     secure_drivers_cc23x0r5.a : AESCTRLPF3.c.obj (.text.AESCTRLPF3_startOperation)
                  00012c20    000000cc     StackWrapper.a : StackWrapper_Host_gapbondmgr.obj (.text.gapBondMgr_FindAddr)
                  00012cec    000000c8     OneLib.a : OneLib_LL_ll_common.obj (.text.llAlignToNextEvent)
                  00012db4    000000c8     ecc.a : lowlevelapi.c.obj (.text.mINVK)
                  00012e7c    000000c8     OneLib.a : OneLib_Host_SM_sm_rsppairing.obj (.text.smContPublicKeyExchange)
                  00012f44    000000c4     dev_info_service.o (.text.DevInfo_readAttrCB)
                  00013008    000000c4     OneLib.a : OneLib_Host_GAP_gap_advertiser.obj (.text.gapAdv_init)
                  000130cc    000000c0     bleapputil_init.o (.text.BLEAppUtil_initGapBondParams)
                  0001318c    000000c0     OneLib.a : OneLib_LL_crypto_port_simplelink.obj (.text.CryptoP_RNGInit)
                  0001324c    000000c0     ti_freertos_config.o (.text.xEventGroupWaitBits)
                  0001330c    000000bc     display_cc23x0r5.a : DisplayUart2.c.obj (.text.DisplayUart2Ansi_vprintf)
                  000133c8    000000bc     OneLib.a : OneLib_Host_GAP_gap_linkmgr.obj (.text.GAP_Authenticate)
                  00013484    000000bc              : OneLib_Host_GAP_gap_linkmgr.obj (.text.GAP_UpdateLinkParamReqReply)
                  00013540    000000bc              : OneLib_Host_GAP_gap_linkmgr.obj (.text.gapProcessConnectionCompleteEvt)
                  000135fc    000000bc              : OneLib_LL_ll_scheduler.obj (.text.llAllocTask)
                  000136b8    000000bc     StackWrapper.a : StackWrapper_OSAL_osal.obj (.text.osal_set_event)
                  00013774    000000bc     OneLib.a : OneLib_Host_SM_sm_rsppairing.obj (.text.smpResponderSendPairRspEvent)
                  00013830    000000ba     secure_drivers_cc23x0r5.a : AESCMACLPF3.c.obj (.text.AESCMACLPF3_oneStepOperation)
                  000138ea    00000002     rom_init.o (.text.MAP_gapInit_initiatingEnd)
                  000138ec    000000b8     StackWrapper.a : StackWrapper_Host_gattservapp_util.obj (.text.GATTServApp_ProcessCharCfg)
                  000139a4    000000b8     app_pairing.o (.text.Pairing_pairStateHandler)
                  00013a5c    000000b8     rcl_cc23x0r5.a : RCL.c.obj (.text.RCL_scheduleHook)
                  00013b14    000000b6     secure_drivers_cc23x0r5.a : AESCTRLPF3.c.obj (.text.AESCTRLPF3_oneStepOperation)
                  00013bca    00000002     rom_init.o (.text.MAP_gapInit_sendConnCancelledEvt)
                  00013bcc    000000b4     nvocmp.o (.text.NVOCMP_erase)
                  00013c80    000000b4     OneLib.a : OneLib_Host_L2CAP_l2cap_util.obj (.text.l2capDisconnectAllChannels)
                  00013d34    000000b4              : OneLib_LL_ll_adv_end_causes.obj (.text.llAdvSetPhyAndTxPowerInConn)
                  00013de8    000000b4     ti_freertos_config.o (.text.xTaskRemoveFromEventList)
                  00013e9c    000000b2     main_freertos.o (.text.AssertHandler)
                  00013f4e    00000002     rom_init.o (.text.MAP_gapScan_processSessionEndEvt)
                  00013f50    000000b0     StackWrapper.a : StackWrapper_Host_gapbondmgr.obj (.text.GAPBondMgr_Init)
                  00014000    000000b0     OneLib.a : OneLib_Host_L2CAP_l2cap_task.obj (.text.L2CAP_Init)
                  000140b0    000000b0              : OneLib_Host_SM_sm_mgr.obj (.text.SM_GenerateAuthenSig)
                  00014160    000000b0              : OneLib_LL_ll_data.obj (.text.llDynamicFree)
                  00014210    000000ac              : OneLib_Host_GATT_gatt_server.obj (.text.GATT_Indication)
                  000142bc    000000ac              : OneLib_Host_SM_sm_task.obj (.text.SM_ProcessEvent)
                  00014368    000000ac     StackWrapper.a : StackWrapper_Host_gapbondmgr.obj (.text.gapBondMgrEraseLocalInfo)
                  00014414    000000ac                    : StackWrapper_Host_gapbondmgr.obj (.text.gapBondMgr_syncResolvingList)
                  000144c0    000000ac     OneLib.a : OneLib_Host_GAP_gap_task.obj (.text.gapProcessHCICmdCompleteEvt)
                  0001456c    000000ac              : OneLib_Host_SM_sm_mgr.obj (.text.generate_subkey)
                  00014618    000000ac              : OneLib_LL_ll_common.obj (.text.llFindNextConn)
                  000146c4    000000a8     secure_drivers_cc23x0r5.a : AESECBLPF3.c.obj (.text.AESECBLPF3_startOperation)
                  0001476c    000000a8     OneLib.a : OneLib_LL_ll.obj (.text.LL_EXT_GetConnInfo)
                  00014814    000000a8              : OneLib_HCI_hci_data.obj (.text.LL_RxDataCompleteCback)
                  000148bc    000000a8              : OneLib_Host_GAP_linkdb.obj (.text.linkDB_Add)
                  00014964    000000a8              : OneLib_LL_ll_scheduler.obj (.text.llScheduleTask)
                  00014a0c    000000a4     secure_drivers_cc23x0r5.a : AESCCMLPF3.c.obj (.text.AESCCMLPF3_processSegmentedCTR)
                  00014ab0    000000a4     OneLib.a : OneLib_LL_ll_ae.obj (.text.LL_GetAdvSet)
                  00014b54    000000a4     drivers_cc23x0r5.a : PowerCC23X0.c.obj (.text.PowerCC23X0_lfxtQual)
                  00014bf8    000000a4                        : PowerCC23X0.c.obj (.text.PowerLPF3_sleep)
                  00014c9c    000000a4     StackWrapper.a : StackWrapper_Host_gapbondmgr.obj (.text.gapBondStateStartSecurity)
                  00014d40    000000a4     OneLib.a : OneLib_Host_L2CAP_l2cap_util.obj (.text.l2capAllocChannel)
                  00014de4    000000a4              : OneLib_Host_SM_sm_pairing.obj (.text.smF5Wrapper)
                  00014e88    000000a4              : OneLib_Host_SM_sm_pairing.obj (.text.smProcessEncryptChange)
                  00014f2c    000000a2              : OneLib_Host_GATT_gatt_server.obj (.text.GATT_VerifyWritePermissions)
                  00014fce    00000002     rom_init.o (.text.MAP_gap_CentConnRegister)
                  00014fd0    000000a2     libclang_rt.builtins.a : udivmoddi4.S.obj (.text)
                  00015072    00000002     rom_init.o (.text.MAP_l2capDisconnectChannel)
                  00015074    000000a0     OneLib.a : OneLib_Host_GAP_gap_linkmgr.obj (.text.GAP_UpdateLinkParamReq)
                  00015114    000000a0              : OneLib_Host_GATT_gatt_client.obj (.text.GATT_InitClient)
                  000151b4    000000a0              : OneLib_LL_ll_scheduler.obj (.text.llFreeTask)
                  00015254    000000a0     StackWrapper.a : StackWrapper_OSAL_osal_bufmgr.obj (.text.osal_bm_free)
                  000152f4    000000a0     rcl_cc23x0r5.a : RCL_Scheduler.c.obj (.text.rclSchedulerCancelStopTime)
                  00015394    0000009c     OneLib.a : OneLib_LL_crypto_port_simplelink.obj (.text.CryptoP_AESInit)
                  00015430    0000009c              : OneLib_Host_GAP_gap_linkmgr.obj (.text.GAP_Bond)
                  000154cc    0000009c     rcl_cc23x0r5.a : LRF.c.obj (.text.LRF_TxPowerTable_findValue)
                  00015568    0000009c     StackWrapper.a : StackWrapper_OSAL_osal_cbtimer.obj (.text.cbTimerSetup)
                  00015604    0000009c     drivers_cc23x0r5.a : NVSLPF3.c.obj (.text.doErase)
                  000156a0    0000009c     OneLib.a : OneLib_LL_ll_common.obj (.text.llInitFeatureSet)
                  0001573c    0000009c              : OneLib_Host_SM_sm_pairing.obj (.text.smGetECCKeys)
                  000157d8    0000009a     drivers_cc23x0r5.a : UART2.c.obj (.text.UART2_writeCancel)
                  00015872    00000002     rom_init.o (.text.MAP_l2capGetCoChannelInfo)
                  00015874    00000098     StackWrapper.a : StackWrapper_Host_gap.obj (.text.GAP_DeviceInit)
                  0001590c    00000098     rcl_cc23x0r5.a : RCL_Buffer.c.obj (.text.RCL_MultiBuffer_RxEntry_next)
                  000159a4    00000098     OneLib.a : OneLib_Host_Profiles_gattservapp.obj (.text.gattServApp_SetNumPrepareWrites)
                  00015a3c    00000098              : OneLib_LL_ll_common.obj (.text.llProcessTxData)
                  00015ad4    00000094              : OneLib_Host_Profiles_gattservapp.obj (.text.GATTServApp_Init)
                  00015b68    00000094              : OneLib_HCI_hci_event.obj (.text.HCI_CommandCompleteEvent)
                  00015bfc    00000094     main_freertos.o (.text.HX711Task)
                  00015c90    00000094     icall_POSIX.o (.text.ICall_send)
                  00015d24    00000094     drivers_cc23x0r5.a : NVSLPF3.c.obj (.text.NVSLPF3_open)
                  00015db8    00000094     rcl_cc23x0r5.a : RCL_Scheduler.c.obj (.text.RCL_Scheduler_setStopTimes)
                  00015e4c    00000094     OneLib.a : OneLib_Host_SM_sm_pairing.obj (.text.SM_StartPairing)
                  00015ee0    00000094     ecc.a : scalarMul.c.obj (.text.SQUAREMULTIPLYWORD)
                  00015f74    00000094     simple_gatt_profile.o (.text.SimpleGattProfile_setParameter)
                  00016008    00000094     simple_gatt_profile.o (.text.SimpleGattProfile_writeAttrCB)
                  0001609c    00000094     OneLib.a : OneLib_LL_ll_common.obj (.text.llReleaseConnId)
                  00016130    00000092              : OneLib_LL_ll_common.obj (.text.llApplyParamUpdate)
                  000161c2    00000092              : OneLib_LL_ll_common.obj (.text.llValidateConnParams)
                  00016254    0000000c     secure_drivers_cc23x0r5.a : AESCMAC.c.obj (.text.AESCMAC_Operation_init)
                  00016260    00000092     driverlib.a : aes_ticlang.s.obj (.text)
                  000162f2    00000002     rom_init.o (.text.MAP_l2capNotifyChannelEstEvt)
                  000162f4    00000090     secure_drivers_cc23x0r5.a : AESCMACLPF3.c.obj (.text.AESCMACLPF3_getResult)
                  00016384    00000090     display_cc23x0r5.a : DisplayUart2.c.obj (.text.DisplayUart2Ansi_clearLines)
                  00016414    00000090     OneLib.a : OneLib_Host_L2CAP_l2cap_if.obj (.text.L2CAP_SendData)
                  000164a4    00000090              : OneLib_LL_ll.obj (.text.LE_SetExtAdvParamsAdvConn)
                  00016534    00000090     rcl_cc23x0r5.a : RCL_Buffer.c.obj (.text.RCL_MultiBuffer_RxEntry_get)
                  000165c4    00000090     drivers_cc23x0r5.a : UART2LPF3.c.obj (.text.UART2_close)
                  00016654    00000090     OneLib.a : OneLib_Host_Profiles_gattservapp.obj (.text.gattServApp_EnqueueReTx)
                  000166e4    00000090              : OneLib_Host_L2CAP_l2cap_util.obj (.text.l2capEncapSendData)
                  00016774    00000090              : OneLib_Host_L2CAP_l2cap_util.obj (.text.l2capSendReq)
                  00016804    00000090              : OneLib_LL_ll_ble.obj (.text.llManageControlPacketQueue)
                  00016894    00000090              : OneLib_LL_ll_common.obj (.text.llRclUpdateFilterList)
                  00016924    00000090     StackWrapper.a : StackWrapper_OSAL_osal_cbtimer.obj (.text.osal_CbTimerProcessEvent)
                  000169b4    00000090     ti_freertos_config.o (.text.vTaskDelete)
                  00016a44    00000090     ti_freertos_config.o (.text.vTaskRemoveFromUnorderedEventList)
                  00016ad4    00000090     ti_freertos_config.o (.text.vTaskSuspend)
                  00016b64    00000090     ti_freertos_config.o (.text.xQueueGenericReset)
                  00016bf4    00000090     ecc.a : lowlevelapi.c.obj (.text.zSUB)
                  00016c84    0000008c     OneLib.a : OneLib_Host_Profiles_gattservapp.obj (.text.GATTServApp_WriteAttr)
                  00016d10    0000008c              : OneLib_Host_GATT_gatt_server.obj (.text.GATT_FindNextAttr)
                  00016d9c    0000008c              : OneLib_Host_GATT_gatt_client.obj (.text.gattClientHandleConnStatusCB)
                  00016e28    0000008c              : OneLib_Host_GATT_gatt_server.obj (.text.gattServerHandleConnStatusCB)
                  00016eb4    0000008c     StackWrapper.a : StackWrapper_OSAL_osal.obj (.text.osal_msg_enqueue_push)
                  00016f40    0000008c     OneLib.a : OneLib_Host_SM_sm_pairing.obj (.text.smUpdateEncInfo)
                  00016fcc    0000008c     ti_freertos_config.o (.text.xTaskPriorityInherit)
                  00017058    00000088     secure_drivers_cc23x0r5.a : AESCTRLPF3.c.obj (.text.AESCTRLPF3_processData)
                  000170e0    00000088     OneLib.a : OneLib_Host_GATT_gatt_task.obj (.text.GATT_bm_alloc)
                  00017168    00000088     app_menu.o (.text.Menu_workWithCB)
                  000171f0    00000088     nvocmp.o (.text.NVOCMP_getDstPage)
                  00017278    00000088     rcl_cc23x0r5.a : RCL_AdcNoise.c.obj (.text.RCL_AdcNoise_get_samples_blocking)
                  00017300    00000088     StackWrapper.a : StackWrapper_Host_gapbondmgr.obj (.text.gapBondMgr_ServiceChangeInd)
                  00017388    00000088                    : StackWrapper_ICallBLE_ble_dispatch_lite.obj (.text.icall_liteTranslation)
                  00017410    00000088     OneLib.a : OneLib_Host_L2CAP_l2cap_task.obj (.text.l2capProcessSignal)
                  00017498    00000088              : OneLib_LL_ll_common.obj (.text.llCBTimer_AptoExpiredCback)
                  00017520    00000088              : OneLib_LL_ll_common.obj (.text.llVerifyConnParamReqParams)
                  000175a8    00000088              : OneLib_Host_SM_sm_rsppairing.obj (.text.smpResponderProcessPairingConfirm)
                  00017630    00000088     libc.a : strcmp-armv6m.S.obj (.text:strcmp)
                  000176b8    00000086     OneLib.a : OneLib_LL_ll.obj (.text.LL_RemoteConnParamReqReply)
                  0001773e    00000086              : OneLib_LL_ll_common.obj (.text.llWriteTxData)
                  000177c4    00000086              : OneLib_Host_SMP_smp.obj (.text.smpParsePairingReq)
                  0001784a    00000002     rom_init.o (.text.MAP_l2capNotifyChannelTermEvt)
                  0001784c    00000084     bleapputil_init.o (.text.BLEAppUtil_initGatt)
                  000178d0    00000084     OneLib.a : OneLib_Host_L2CAP_l2cap_task.obj (.text.L2CAP_ProcessEvent)
                  00017954    00000084              : OneLib_LL_ll_privacy.obj (.text.LL_PRIV_FindPeerInRL)
                  000179d8    00000084     StackWrapper.a : StackWrapper_Host_gattservapp_util.obj (.text.gattServApp_SendNotiInd)
                  00017a5c    00000084     OneLib.a : OneLib_LL_ll_ae.obj (.text.llFindNextSecCmd)
                  00017ae0    00000084     ti_freertos_config.o (.text.memalign)
                  00017b64    00000084     rcl_cc23x0r5.a : RCL_Scheduler.c.obj (.text.rclSchedulerSetNewStopTime)
                  00017be8    00000084     OneLib.a : OneLib_Host_SM_sm_pairing.obj (.text.smGenerateDHKeyCheck)
                  00017c6c    00000084              : OneLib_Host_SMP_smp.obj (.text.smpBuildPairingReqRsp)
                  00017cf0    00000080     secure_drivers_cc23x0r5.a : AESCTRLPF3.c.obj (.text.AESCTRLPF3_hwiFxn)
                  00017d70    00000080     OneLib.a : OneLib_LL_crypto_port_simplelink.obj (.text.CryptoP_ECDHGenerateDHKey)
                  00017df0    00000080              : OneLib_LL_ll.obj (.text.LL_EXT_GetActiveConnInfo)
                  00017e70    00000080              : OneLib_Host_Profiles_gattservapp.obj (.text.gattServApp_buildReadByTypeRsp)
                  00017ef0    00000080              : OneLib_LL_ll_common.obj (.text.llPeriSetConnChannelParams)
                  00017f70    00000080              : OneLib_LL_ll_common.obj (.text.llReplaceCtrlPkt)
                  00017ff0    00000080              : OneLib_LL_ll_ble.obj (.text.llReplaceRxBuffers)
                  00018070    00000080     ti_freertos_config.o (.text.prvAddCurrentTaskToDelayedList)
                  000180f0    00000080     ti_freertos_config.o (.text.vTaskSwitchContext)
                  00018170    00000080     ecc.a : lowlevelapi.c.obj (.text.zMACC32)
                  000181f0    0000007e           : scalarMul25519.c.obj (.text.X25519_final)
                  0001826e    00000002     rom_init.o (.text.MAP_l2capProcessConnectReq)
                  00018270    0000007c     ti_freertos_config.o (.text.ClockP_startup)
                  000182ec    0000007c     StackWrapper.a : StackWrapper_Host_gapbondmgr.obj (.text.GAPBondMgr_checkRandomAddr)
                  00018368    0000007c     OneLib.a : OneLib_Host_Profiles_gattservapp.obj (.text.GATTServApp_RegisterService)
                  000183e4    0000007c              : OneLib_Host_GATT_gatt_server.obj (.text.GATT_Notification)
                  00018460    0000007c              : OneLib_Host_L2CAP_l2cap_if.obj (.text.L2CAP_ConnParamUpdateReq)
                  000184dc    0000007c              : OneLib_LL_ll_isr.obj (.text.LL_rclPeripheralCallback)
                  00018558    0000007c     ti_freertos_config.o (.text.formatNum)
                  000185d4    0000007c     StackWrapper.a : StackWrapper_Host_gapbondmgr.obj (.text.gapBondMgr_SyncCharCfg)
                  00018650    0000007c     OneLib.a : OneLib_Host_GAP_gap_linkmgr.obj (.text.gapProcessDisconnectCompleteEvt)
                  000186cc    0000007c              : OneLib_Host_GAP_gap_task.obj (.text.gapProcessOSALMsg)
                  00018748    0000007c              : OneLib_Host_L2CAP_l2cap_task.obj (.text.l2capProcessRxData)
                  000187c4    0000007c              : OneLib_LL_ll_scheduler.obj (.text.llLinkSchedSetup)
                  00018840    0000007c     drivers_cc23x0r5.a : TemperatureLPF3.c.obj (.text.temperatureEventCb)
                  000188bc    0000007c     ti_freertos_config.o (.text.xQueueGenericSendFromISR)
                  00018938    0000007c     libc.a : copy_decompress_lzss.c.obj (.text:decompress:lzss)
                  000189b4    0000007a     ecc.a : ECCSW.c.obj (.text.ECCSW_validatePrivateKeyWeierstrass)
                  00018a2e    0000007a     OneLib.a : OneLib_Host_GATT_gatt_client.obj (.text.gattResetClientInfo)
                  00018aa8    0000007a              : OneLib_LL_ll_common.obj (.text.llFragmentPDU)
                  00018b22    00000078     secure_drivers_cc23x0r5.a : AESECBLPF3.c.obj (.text.AESECB_oneStepEncrypt)
                  00018b9a    00000002     OneLib.a : common_lib_opt_ctrl_stub_scanner.obj (.text.OPT_LL_DisableScanning)
                  00018b9c    00000078     bleapputil_process.o (.text.BLEAppUtil_isStackEventRequired)
                  00018c14    00000078     ti_freertos_config.o (.text.ClockP_hwiCallback)
                  00018c8c    00000078     OneLib.a : OneLib_LL_crypto_port_simplelink.obj (.text.CryptoP_ECDHGenerateKeyPair)
                  00018d04    00000078              : OneLib_Host_GATT_gatt_server.obj (.text.GATT_ServiceChangedInd)
                  00018d7c    00000078     drivers_cc23x0r5.a : GPIOLPF3.c.obj (.text.GPIO_setConfigAndMux)
                  00018df4    00000078     ti_freertos_config.o (.text.HwiP_construct)
                  00018e6c    00000078     icall_POSIX.o (.text.ICall_setTimer)
                  00018ee4    00000078     OneLib.a : OneLib_LL_ll_enc.obj (.text.LL_ENC_Decrypt)
                  00018f5c    00000078              : OneLib_LL_ll.obj (.text.LL_EXT_SetMaxDataLen)
                  00018fd4    00000078     nvocmp.o (.text.NVOCMP_writeItemApi)
                  0001904c    00000078     rcl_cc23x0r5.a : RCL_Scheduler.c.obj (.text.RCL_Scheduler_findStopStatus)
                  000190c4    00000078     app_simple_gatt.o (.text.SimpleGatt_start)
                  0001913c    00000078     OneLib.a : OneLib_Host_GAP_gap_perilinkmgr.obj (.text.gapPeriProcessSignalEvt)
                  000191b4    00000078              : OneLib_Host_GAP_gap_task.obj (.text.gapProcessCommandStatusEvt)
                  0001922c    00000078     rcl_cc23x0r5.a : hal_cc23x0.c.obj (.text.hal_init_fsm)
                  000192a4    00000078     StackWrapper.a : StackWrapper_OSAL_osal.obj (.text.osal_init_system)
                  0001931c    00000078                    : StackWrapper_OSAL_osal.obj (.text.osal_msg_receive)
                  00019394    00000078     rcl_cc23x0r5.a : RCL_Scheduler.c.obj (.text.rclSchedulerFindEarliestStopTime)
                  0001940c    00000078     OneLib.a : OneLib_Host_GAP_gap_linkmgr.obj (.text.sendEstLinkEvent)
                  00019484    00000078     driverlib.a : udma.c.obj (.text.uDMASetChannelTransfer)
                  000194fc    00000078     ti_freertos_config.o (.text.xEventGroupSetBits)
                  00019574    00000078     ti_freertos_config.o (.text.xQueueReceiveFromISR)
                  000195ec    00000076     secure_drivers_cc23x0r5.a : AESCTRDRBGXX.c.obj (.text.AESCTRDRBGXX_updateState)
                  00019662    00000076     ti_freertos_config.o (.text.prvCopyDataToQueue)
                  000196d8    00000074     OneLib.a : OneLib_LL_crypto_port_simplelink.obj (.text.CryptoP_AESCCM)
                  0001974c    00000074     libclang_rt.builtins.a : comparedf2.c.obj (.text.__gedf2)
                  000197c0    00000074     OneLib.a : OneLib_Host_L2CAP_l2cap_util.obj (.text.l2capSendCmd)
                  00019834    00000074              : OneLib_LL_ll_common.obj (.text.llIsThereACollisionBetweenConn)
                  000198a8    00000074     ti_freertos_config.o (.text.prvUnlockQueue)
                  0001991c    00000074     OneLib.a : OneLib_Host_SM_sm_pairing.obj (.text.smOobSCAuthentication)
                  00019990    00000072              : OneLib_Host_GATT_gatt_server.obj (.text.GATT_VerifyReadPermissions)
                  00019a02    00000072     osal_icall_ble.o (.text.osalInitTasks)
                  00019a74    00000070     OneLib.a : OneLib_LL_ll_al.obj (.text.AL_FindEntry)
                  00019ae4    00000070     StackWrapper.a : StackWrapper_Host_gap.obj (.text.GAP_DeviceInit_validate_params)
                  00019b54    00000070     OneLib.a : OneLib_Host_GAP_gap_configmgr.obj (.text.GAP_GetDevAddress)
                  00019bc4    00000070              : OneLib_Host_GATT_gatt_server.obj (.text.GATT_FindHandleUUID)
                  00019c34    00000070              : OneLib_Host_GATT_gatt_server.obj (.text.GATT_InitServer)
                  00019ca4    00000070              : OneLib_HCI_hci_event.obj (.text.LL_PhyUpdateCompleteEventCback)
                  00019d14    00000070     nvocmp.o (.text.NVOCMP_eraseNvApi)
                  00019d84    00000070     nvocmp.o (.text.NVOCMP_readItemApi)
                  00019df4    00000070     drivers_cc23x0r5.a : PowerCC23X0.c.obj (.text.PowerCC23X0_startHFXT)
                  00019e64    00000070                        : PowerCC23X0.c.obj (.text.Power_sleep)
                  00019ed4    00000070     OneLib.a : OneLib_Host_SM_sm_rsppairing.obj (.text.SM_ResponderInit)
                  00019f44    00000070     drivers_cc23x0r5.a : UART2LPF3.c.obj (.text.UART2Support_dmaStopTx)
                  00019fb4    00000070     StackWrapper.a : StackWrapper_Host_gapbondmgr.obj (.text.gapBondMgrSetStateFlagFromConnhandle)
                  0001a024    00000070     OneLib.a : OneLib_Host_L2CAP_l2cap_util.obj (.text.l2capParsePacket)
                  0001a094    00000070              : OneLib_Host_L2CAP_l2cap_task.obj (.text.l2capProcessOSALMsg)
                  0001a104    00000070              : OneLib_LL_ll_common.obj (.text.llAllocConnection)
                  0001a174    00000070              : OneLib_LL_ll_common.obj (.text.llPeriSetConnSyncParams)
                  0001a1e4    00000070     StackWrapper.a : StackWrapper_OSAL_osal.obj (.text.osal_event_send)
                  0001a254    00000070     ti_freertos_config.o (.text.prvInitialiseNewTask)
                  0001a2c4    00000070     OneLib.a : OneLib_Host_SM_sm_pairing.obj (.text.smFreePairingParams)
                  0001a334    00000070     ti_freertos_config.o (.text.vTaskPriorityDisinheritAfterTimeout)
                  0001a3a4    0000006c     drivers_cc23x0r5.a : BatMonSupportLPF3.c.obj (.text.BatMonSupportLPF3_init)
                  0001a410    0000006c     secure_drivers_cc23x0r5.a : CryptoUtils.c.obj (.text.CryptoUtils_reverseCopyPad)
                  0001a47c    0000006c     OneLib.a : OneLib_Host_Profiles_gapgattserver.obj (.text.GGS_SetParameter)
                  0001a4e8    0000006c              : OneLib_LL_ll.obj (.text.LE_RemoveAdvSet)
                  0001a554    0000006c              : OneLib_LL_ll_enc.obj (.text.LL_ENC_Encrypt)
                  0001a5c0    0000006c              : OneLib_LL_ll_isr.obj (.text.LL_rclAdvCallback)
                  0001a62c    0000006c     nvocmp.o (.text.NVOCMP_getFreeNvApi)
                  0001a698    0000006c     nvocmp.o (.text.NVOCMP_readHeader)
                  0001a704    0000006c     OneLib.a : OneLib_LL_ll_common.obj (.text.RfBleDpl_setConnPhy)
                  0001a770    0000006c     simple_gatt_profile.o (.text.SimpleGattProfile_readAttrCB)
                  0001a7dc    0000006c     OneLib.a : OneLib_Host_GAP_gap_perilinkmgr.obj (.text.gapPeriProcessConnUpdateCompleteEvt)
                  0001a848    0000006c              : OneLib_Host_GAP_gap_configmgr.obj (.text.gapSendDeviceInitDoneEvent)
                  0001a8b4    0000006c              : OneLib_Host_GAP_gap_configmgr.obj (.text.gapSetIRK)
                  0001a920    0000006c              : OneLib_LL_ll_ae.obj (.text.llCompareSecondaryPrimaryTasksQoSParam)
                  0001a98c    0000006c              : OneLib_LL_ll_common.obj (.text.llCreateCommonFeatureSet)
                  0001a9f8    0000006c              : OneLib_LL_ll_ble.obj (.text.llSetupConnRxDataEntryQueue)
                  0001aa64    0000006c              : OneLib_LL_ll_common.obj (.text.llUpdateRxBuffersForActiveConnections)
                  0001aad0    0000006c              : OneLib_LL_ll_ae.obj (.text.llUpdateSortedAdvList)
                  0001ab3c    0000006c     ti_freertos_config.o (.text.prvCheckForValidListAndQueue)
                  0001aba8    0000006c     ti_freertos_config.o (.text.vPortGetHeapStats)
                  0001ac14    00000068     ti_freertos_config.o (.text.ClockP_start)
                  0001ac7c    00000068     display_cc23x0r5.a : DisplayUart2.c.obj (.text.DisplayUart2Ansi_open)
                  0001ace4    00000068     secure_drivers_cc23x0r5.a : ECDHLPF3SW.c.obj (.text.ECDHLPF3SW_getKeyResult)
                  0001ad4c    00000068     OneLib.a : OneLib_Host_GAP_gap_task.obj (.text.GAP_ProcessEvent)
                  0001adb4    00000068     ecc.a : scalarMul.c.obj (.text.GETDIGITL2R)
                  0001ae1c    00000068     icall_POSIX.o (.text.ICall_enrollService)
                  0001ae84    00000068     OneLib.a : OneLib_LL_ll.obj (.text.LE_SetExtAdvAndScanRspData)
                  0001aeec    00000068              : OneLib_LL_ll_ae.obj (.text.LL_DisableAdvSets)
                  0001af54    00000068              : OneLib_LL_ll_privacy.obj (.text.LL_PRIV_Init)
                  0001afbc    00000068              : OneLib_HCI_hci_event.obj (.text.LL_RemoteConnParamReqCback)
                  0001b024    00000068              : OneLib_LL_ll.obj (.text.LL_WriteDefaultDataLen)
                  0001b08c    00000068     rcl_cc23x0r5.a : LRFCC23X0.c.obj (.text.LRF_setTrimCommon)
                  0001b0f4    00000068     libclang_rt.builtins.a : comparedf2.c.obj (.text.__ledf2)
                  0001b15c    00000068     OneLib.a : OneLib_Host_GAP_gap_linkmgr.obj (.text.gapSendPairingReqEvent)
                  0001b1c4    00000068              : OneLib_Host_GATT_gatt_client.obj (.text.gattReadByType)
                  0001b22c    00000068              : OneLib_Host_GAP_linkdb.obj (.text.linkDB_Authen)
                  0001b294    00000068              : OneLib_Host_GAP_linkdb.obj (.text.linkDB_Init)
                  0001b2fc    00000068              : OneLib_LL_ll_common.obj (.text.llSetNextDataChan)
                  0001b364    00000068     main_freertos.o (.text.main)
                  0001b3cc    00000068     ti_freertos_config.o (.text.mq_send)
                  0001b434    00000068     OneLib.a : OneLib_Host_SM_sm_rsppairing.obj (.text.smpResponderProcessCentralID)
                  0001b49c    00000068              : OneLib_Host_SM_sm_rsppairing.obj (.text.smpResponderProcessPairingDHKeyCheck)
                  0001b504    00000066              : OneLib_HCI_hci_event_raw.obj (.text.HCI_SendCommandCompleteEvent)
                  0001b56a    00000002              : common_lib_opt_ctrl_stub_initiator.obj (.text.OPT_LL_DisableScanningForInitiator)
                  0001b56c    00000064     secure_drivers_cc23x0r5.a : AESCommonLPF3.c.obj (.text.AESCommonLPF3_construct)
                  0001b5d0    00000064     app_main.o (.text.App_StackInitDoneHandler)
                  0001b634    00000064     bleapputil_init.o (.text.BLEAppUtil_initHostAdvSet)
                  0001b698    00000064     secure_drivers_cc23x0r5.a : CryptoUtils.c.obj (.text.CryptoUtils_copyPad)
                  0001b6fc    00000064     OneLib.a : OneLib_HCI_hci_event.obj (.text.HCI_VendorSpecifcCommandCompleteEvent)
                  0001b760    00000064     driverlib.a : interrupt.c.obj (.text.IntSetPriority)
                  0001b7c4    00000064     OneLib.a : OneLib_LL_ll.obj (.text.LL_ClearAdvSets)
                  0001b828    00000064              : OneLib_HCI_hci_event.obj (.text.LL_ReadLocalP256PublicKeyCompleteEventCback)
                  0001b88c    00000064     rcl_cc23x0r5.a : ble5.c.obj (.text.RCL_Handler_BLE5_findRfFreq)
                  0001b8f0    00000064                    : ble5.c.obj (.text.RCL_Handler_BLE5_updateConnStats)
                  0001b954    00000064     app_simple_gatt.o (.text.SimpleGatt_changeCB)
                  0001b9b8    00000064     drivers_cc23x0r5.a : UART2LPF3.c.obj (.text.UART2Support_dmaStopRx)
                  0001ba1c    00000064     StackWrapper.a : StackWrapper_Host_gapbondmgr.obj (.text.gapBondStateDoGATTDisc)
                  0001ba80    00000064     OneLib.a : OneLib_LL_ll_common.obj (.text.llEnqueueCtrlPkt)
                  0001bae4    00000064              : OneLib_LL_ll_common.obj (.text.llPeriUpdateConnParamsByInitiatorPhy)
                  0001bb48    00000064              : OneLib_LL_ll_scheduler.obj (.text.llScheduler_getHandle)
                  0001bbac    00000064              : OneLib_LL_ll_ae.obj (.text.llSendAdvSetTermEvent)
                  0001bc10    00000064     ti_freertos_config.o (.text.xQueueGiveFromISR)
                  0001bc74    00000064     ti_freertos_config.o (.text.xTaskCreate)
                  0001bcd8    00000062     libclang_rt.builtins.a : aeabi_dcmp.S.obj (.text.__aeabi_dcmp)
                  0001bd3a    00000062     StackWrapper.a : StackWrapper_Host_gapbondmgr.obj (.text.gapBondMgrBondReq)
                  0001bd9c    00000060     secure_drivers_cc23x0r5.a : AESCMACLPF3.c.obj (.text.AESCMACLPF3_hwiFxn)
                  0001bdfc    00000060     OneLib.a : OneLib_Host_ATT_att_util.obj (.text.ATT_ParsePacket)
                  0001be5c    00000060     bleapputil_task.o (.text.BLEAppUtil_createBLEAppUtilTask)
                  0001bebc    00000060     ti_freertos_config.o (.text.ClockP_stop)
                  0001bf1c    00000060     app_connection.o (.text.Connection_HciGAPEventHandler)
                  0001bf7c    00000060     OneLib.a : OneLib_HCI_hci.obj (.text.HCI_HostNumCompletedPktCmd)
                  0001bfdc    00000060     icall_POSIX.o (.text.ICall_sendServiceComplete)
                  0001c03c    00000060     OneLib.a : OneLib_LL_ll_dfl.obj (.text.LL_DFL_AddEntry)
                  0001c09c    00000060              : OneLib_LL_ll.obj (.text.LL_EncLtkNegReply)
                  0001c0fc    00000060     menu_module.o (.text.MenuModule_displayMenu)
                  0001c15c    00000060     nvocmp.o (.text.NVOCMP_compactNvApi)
                  0001c1bc    00000060     rcl_cc23x0r5.a : ble5.c.obj (.text.RCL_BLE5_updateFilterList)
                  0001c21c    00000060     StackWrapper.a : StackWrapper_Host_gapbondmgr.obj (.text.gapBondMgrUpdateLruBondList)
                  0001c27c    00000060                    : StackWrapper_Host_gapbondmgr.obj (.text.gapBondMgr_Pair)
                  0001c2dc    00000060     icall_POSIX.o (.text.icall_directAPIva)
                  0001c33c    00000060     OneLib.a : OneLib_LL_ll_common.obj (.text.llDequeueCtrlPkt)
                  0001c39c    00000060              : OneLib_Host_SM_sm_task.obj (.text.smProcessLTKRequest_gapBond)
                  0001c3fc    00000060              : OneLib_Host_SM_sm_rsppairing.obj (.text.smpResponderProcessPairingPublicKey)
                  0001c45c    00000060     ti_freertos_config.o (.text.xTaskPriorityDisinherit)
                  0001c4bc    0000005e     OneLib.a : OneLib_Host_L2CAP_l2cap_util.obj (.text.l2capNotifyEvent)
                  0001c51a    00000002              : common_lib_opt_ctrl_stub_connection_handover.obj (.text.OPT_LL_Handover_SetRxBlockValue)
                  0001c51c    0000005c     secure_drivers_cc23x0r5.a : AESECBLPF3.c.obj (.text.AESECBLPF3_hwiFxn)
                  0001c578    0000005c     bleapputil_stack_callbacks.o (.text.BLEAppUtil_advCB)
                  0001c5d4    0000005c     ti_freertos_config.o (.text.ClockP_walkQueueDynamic)
                  0001c630    0000005c     secure_drivers_cc23x0r5.a : CryptoResourceLPF3.c.obj (.text.CryptoResourceLPF3_constructRTOSObjects)
                  0001c68c    0000005c     OneLib.a : OneLib_Host_GAP_gap_advertiser.obj (.text.GapAdv_abortLoad)
                  0001c6e8    0000005c              : OneLib_HCI_hci_event_raw.obj (.text.HCI_getPacketLen)
                  0001c744    0000005c     icall_POSIX.o (.text.ICall_createRemoteTasksAtRuntime)
                  0001c7a0    0000005c     OneLib.a : OneLib_LL_ll.obj (.text.LL_Disconnect)
                  0001c7fc    0000005c              : OneLib_LL_ll_enc.obj (.text.LL_ENC_DecryptMsg)
                  0001c858    0000005c              : OneLib_LL_ll.obj (.text.LL_RemoveDeviceFromResolvingList)
                  0001c8b4    0000005c              : OneLib_LL_ll.obj (.text.LL_SetAddressResolutionEnable)
                  0001c910    0000005c              : OneLib_LL_ll.obj (.text.LL_SetRandomAddress)
                  0001c96c    0000005c     nvocmp.o (.text.NVOCMP_checkItem)
                  0001c9c8    0000005c     nvocmp.o (.text.NVOCMP_verifyCRC)
                  0001ca24    0000005c     rcl_cc23x0r5.a : adc_noise.c.obj (.text.RCL_Handler_Adc_Noise_powerDown)
                  0001ca80    0000005c     StackWrapper.a : StackWrapper_Host_sm_ecc.obj (.text.SM_p256KeyCB)
                  0001cadc    0000005c                    : StackWrapper_Host_gapbondmgr.obj (.text.gapBondMgr_UpdateCharCfg)
                  0001cb38    0000005c     OneLib.a : OneLib_Host_GAP_gap_configmgr.obj (.text.gap_ParamsInit)
                  0001cb94    0000005c              : OneLib_LL_ll_common.obj (.text.llQueryTxQueue)
                  0001cbf0    0000005c     StackWrapper.a : StackWrapper_OSAL_osal_cbtimer.obj (.text.osal_CbTimerUpdate)
                  0001cc4c    0000005c                    : StackWrapper_OSAL_osal_timers.obj (.text.osal_timer_refTimeUpdate)
                  0001cca8    0000005c     ti_freertos_config.o (.text.prvIdleTask)
                  0001cd04    0000005c     OneLib.a : OneLib_Host_SM_sm_rsppairing.obj (.text.smResponderAuthStageTwo)
                  0001cd60    0000005a     StackWrapper.a : StackWrapper_Host_gapbondmgr.obj (.text.GapBondMgr_GetPrevAuth)
                  0001cdba    0000005a     OneLib.a : OneLib_LL_ll_common.obj (.text.llValidateConnectIndPkt)
                  0001ce14    00000058     secure_drivers_cc23x0r5.a : AESECBLPF3.c.obj (.text.AESECBLPF3_processData)
                  0001ce6c    00000058     bleapputil_init.o (.text.BLEAppUtil_init)
                  0001cec4    00000058     bleapputil_process.o (.text.BLEAppUtil_processStackEvents)
                  0001cf1c    00000058     bleapputil_init.o (.text.BLEAppUtil_stackInit)
                  0001cf74    00000058     app_dev_info.o (.text.DevInfo_start)
                  0001cfcc    00000058     icall_POSIX.o (.text.ICall_fetchMsg)
                  0001d024    00000058     icall_POSIX.o (.text.ICall_workerThreadSendMsg)
                  0001d07c    00000058     OneLib.a : OneLib_LL_ll.obj (.text.LE_checkAdvConnStatus)
                  0001d0d4    00000058              : OneLib_LL_ll.obj (.text.LL_GenerateDHKeyCmd)
                  0001d12c    00000058              : OneLib_HCI_hci_event_raw.obj (.text.LL_ReadRemoteUsedFeaturesCompleteCback)
                  0001d184    00000058     rcl_cc23x0r5.a : LRFCC23X0.c.obj (.text.LRF_setRxFifoEffSz)
                  0001d1dc    00000058     menu_module.o (.text.MenuModule_displayItem)
                  0001d234    00000058     drivers_cc23x0r5.a : PowerCC23X0.c.obj (.text.Power_releaseDependency)
                  0001d28c    00000058                        : PowerCC23X0.c.obj (.text.Power_setDependency)
                  0001d2e4    00000058     libclang_rt.builtins.a : clzsi2.c.obj (.text.__clzsi2)
                  0001d33c    00000058     StackWrapper.a : StackWrapper_Host_gapbondmgr.obj (.text.gapBondMgrChangeState)
                  0001d394    00000058     OneLib.a : OneLib_Host_GATT_gatt_server.obj (.text.gattProcessReadMultiReq)
                  0001d3ec    00000058              : OneLib_LL_ll_common.obj (.text.llSetupDenyList)
                  0001d444    00000058              : OneLib_LL_ll_common.obj (.text.llShellSortActiveConns)
                  0001d49c    00000058     ti_freertos_config.o (.text.pthread_exit)
                  0001d4f4    00000058     OneLib.a : OneLib_Host_SM_sm_pairing.obj (.text.smDetermineIOCaps)
                  0001d54c    00000058              : OneLib_Host_SM_sm_pairing.obj (.text.smSendPublicKeys)
                  0001d5a4    00000058     osal_icall_ble.o (.text.stack_main)
                  0001d5fc    00000058     ti_freertos_config.o (.text.vTaskStartScheduler)
                  0001d654    00000058     ti_freertos_config.o (.text.xQueueGenericCreate)
                  0001d6ac    00000056     StackWrapper.a : StackWrapper_Host_gapbondmgr.obj (.text.GAPBondMgr_ReadLocalLTK)
                  0001d702    00000056     hx711.o (.text.HX711_readRaw)
                  0001d758    00000056     libclang_rt.builtins.a : aeabi_idivmod.S.obj (.text.__aeabi_idivmod)
                  0001d7ae    00000056     OneLib.a : OneLib_Host_GATT_gatt_client.obj (.text.gattFindByTypeValue)
                  0001d804    00000056              : OneLib_LL_ll_common.obj (.text.llBuildCtrlPktPeri)
                  0001d85a    00000056              : OneLib_LL_ll_dfl.obj (.text.llDFLUpdateRanks)
                  0001d8b0    00000054     ti_drivers_config.o (.text.Board_shutDownExtFlash)
                  0001d904    00000054     OneLib.a : OneLib_LL_crypto_port_simplelink.obj (.text.CryptoP_AESECB)
                  0001d958    00000054     display_cc23x0r5.a : Display.c.obj (.text.Display_doOpen)
                  0001d9ac    00000054     OneLib.a : OneLib_Host_GAP_gap_perilinkmgr.obj (.text.GAP_SendPeripheralSecurityRequest)
                  0001da00    00000054              : OneLib_Host_GAP_gap_configmgr.obj (.text.GapConfig_SetParameter)
                  0001da54    00000054     icall_POSIX.o (.text.ICall_registerApp)
                  0001daa8    00000054     OneLib.a : OneLib_HCI_hci_event.obj (.text.LL_GenerateDHKeyCompleteEventCback)
                  0001dafc    00000054              : OneLib_LL_ll_privacy.obj (.text.LL_PRIV_GenerateRPA)
                  0001db50    00000054     rcl_cc23x0r5.a : LRFCC23X0.c.obj (.text.LRF_readRxFifoWords)
                  0001dba4    00000054                    : RCL.c.obj (.text.RCL_Command_pend)
                  0001dbf8    00000054                    : RCL_Scheduler.c.obj (.text.RCL_Scheduler_setStartStopTimeEarliestStart)
                  0001dc4c    00000054     drivers_cc23x0r5.a : UART2.c.obj (.text.UART2_readCancel)
                  0001dca0    00000054     OneLib.a : OneLib_Host_GAP_gap_linkmgr.obj (.text.gapPasskeyNeededCB)
                  0001dcf4    00000054              : OneLib_Host_GATT_gatt_task.obj (.text.gattNotifyEvent)
                  0001dd48    00000054     rcl_cc23x0r5.a : hal_cc23x0.c.obj (.text.hal_check_clear_timer_compare)
                  0001dd9c    00000054     OneLib.a : OneLib_Host_L2CAP_l2cap_util.obj (.text.l2capSendFCPkt)
                  0001ddf0    00000054              : OneLib_LL_ll_common.obj (.text.llAllocatePDU)
                  0001de44    00000054              : OneLib_LL_ll_data.obj (.text.llDynamicFree_connectable)
                  0001de98    00000054              : OneLib_LL_ll_common.obj (.text.llEstimateConnMinTimeLength)
                  0001deec    00000054              : OneLib_LL_ll_common.obj (.text.llSetCodedMaxTxTime)
                  0001df40    00000054              : OneLib_LL_ll_common.obj (.text.llVerifyCodedConnInterval)
                  0001df94    00000054              : OneLib_LL_ll_ecc.obj (.text.ll_GenerateDHKey)
                  0001dfe8    00000054     StackWrapper.a : StackWrapper_OSAL_osal_clock.obj (.text.osalAdjustTimer)
                  0001e03c    00000054                    : StackWrapper_OSAL_osal_bufmgr.obj (.text.osal_bm_alloc)
                  0001e090    00000054     rcl_cc23x0r5.a : RCL.c.obj (.text.rclPowerNotify)
                  0001e0e4    00000054     OneLib.a : OneLib_Host_SM_sm_rsppairing.obj (.text.smpResponderProcessIdentityAddrInfo)
                  0001e138    00000052     StackWrapper.a : StackWrapper_Host_gap.obj (.text.GAP_DeviceInit_per_role)
                  0001e18a    00000052     OneLib.a : OneLib_LL_ll.obj (.text.LL_EncLtkReply)
                  0001e1dc    00000052              : OneLib_Host_GAP_gap_devmgr.obj (.text.gapFindADType)
                  0001e22e    00000052              : OneLib_Host_GATT_gatt_client.obj (.text.gattPrepareWriteReq)
                  0001e280    00000052              : OneLib_LL_ll_common.obj (.text.llGetNextDataChanAlgo1)
                  0001e2d2    00000052              : OneLib_LL_ll_ble.obj (.text.llMoveTempTxDataEntries)
                  0001e324    00000052              : OneLib_Host_SMP_smp.obj (.text.smSendSMMsg)
                  0001e376    00000002              : common_lib_opt_ctrl_stub_past_receiver.obj (.text.OPT_LL_PAST_R_DynamicFree)
                  0001e378    00000050     secure_drivers_cc23x0r5.a : AESCCMLPF3.c.obj (.text.AESCCMLPF3_processB1withAAD)
                  0001e3c8    00000050                               : AESCTRLPF3.c.obj (.text.AESCTRLPF3_configDataDMA)
                  0001e418    00000050     bleapputil_process.o (.text.BLEAppUtil_convertGATTEvents)
                  0001e468    00000050     bleapputil_stack_callbacks.o (.text.BLEAppUtil_passcodeCB)
                  0001e4b8    00000050     ti_drivers_config.o (.text.Board_sendExtFlashByte)
                  0001e508    00000050     secure_drivers_cc23x0r5.a : ECCInitLPF3SW.c.obj (.text.ECCInitLPF3SW_NISTP256)
                  0001e558    00000050     OneLib.a : OneLib_Host_GAP_gap_linkmgr.obj (.text.GAP_Signable)
                  0001e5a8    00000050              : OneLib_Host_GAP_gap_advertiser.obj (.text.GapAdv_setEventMask)
                  0001e5f8    00000050     StackWrapper.a : StackWrapper_Host_gapbondmgr.obj (.text.GapBondMgr_StartEnc)
                  0001e648    00000050     OneLib.a : OneLib_HCI_hci_event.obj (.text.HCI_CommandStatusEvent)
                  0001e698    00000050              : OneLib_HCI_hci_event_raw.obj (.text.HCI_SendEventToHost)
                  0001e6e8    00000050              : OneLib_LL_ll_enc.obj (.text.LL_ENC_AES128_Encrypt)
                  0001e738    00000050     rcl_cc23x0r5.a : ble5.c.obj (.text.RCL_Handler_BLE5_initAdvScanInitStats)
                  0001e788    00000050     secure_drivers_cc23x0r5.a : RNGLPF3RF.c.obj (.text.RNG_construct)
                  0001e7d8    00000050     drivers_cc23x0r5.a : UDMALPF3.c.obj (.text.UDMALPF3_init)
                  0001e828    00000050     StackWrapper.a : StackWrapper_Host_gapbondmgr.obj (.text.gapBondMgrReadBonds)
                  0001e878    00000050                    : StackWrapper_Host_gapbondmgr.obj (.text.gapBondMgr_SupportsCentAddrRes)
                  0001e8c8    00000050     OneLib.a : OneLib_Host_GAP_gap_perilinkmgr.obj (.text.gapPeriProcessConnEvt)
                  0001e918    00000050              : OneLib_Host_GAP_gap_perilinkmgr.obj (.text.gap_PeriConnRegister)
                  0001e968    00000050              : OneLib_Host_L2CAP_l2cap_util.obj (.text.l2capAllocConnChannel)
                  0001e9b8    00000050              : OneLib_LL_ll_ae.obj (.text.llSendAdvSetEndEvent)
                  0001ea08    00000050     StackWrapper.a : StackWrapper_OSAL_osal_cbtimer.obj (.text.osal_CbTimerStop)
                  0001ea58    00000050     OneLib.a : OneLib_Host_SM_sm_pairing.obj (.text.smGenerateAddrInput_sPatch)
                  0001eaa8    00000050              : OneLib_Host_SM_sm_pairing.obj (.text.smProcessPairingReq)
                  0001eaf8    00000050              : OneLib_Host_SM_sm_mgr.obj (.text.sm_s1)
                  0001eb48    00000050     ti_freertos_config.o (.text.xTaskCreateStatic)
                  0001eb98    0000004e     OneLib.a : OneLib_Host_ATT_att_util.obj (.text.ATT_CompareUUID)
                  0001ebe6    0000004e     ti_freertos_config.o (.text.realloc)
                  0001ec34    0000004c     secure_drivers_cc23x0r5.a : AESCommonLPF3.c.obj (.text.AESCommonLPF3_cleanup)
                  0001ec80    0000004c     bleapputil_process.o (.text.BLEAppUtil_convertHCIGAPEvents)
                  0001eccc    0000004c     OneLib.a : OneLib_LL_crypto_port_simplelink.obj (.text.CryptoP_ECDHInit)
                  0001ed18    0000004c              : OneLib_Host_GAP_gap_linkmgr.obj (.text.GAP_PasscodeUpdate)
                  0001ed64    0000004c              : OneLib_Host_GAP_gap_linkmgr.obj (.text.GAP_TerminateLinkReq)
                  0001edb0    0000004c              : OneLib_Host_Profiles_gattservapp.obj (.text.GATTServApp_AddService)
                  0001edfc    0000004c     StackWrapper.a : StackWrapper_Host_gattservapp_util.obj (.text.GATTServApp_ProcessCCCWriteReq)
                  0001ee48    0000004c     OneLib.a : OneLib_Host_Profiles_gattservapp.obj (.text.GATTServApp_SendCCCUpdatedEvent)
                  0001ee94    0000004c              : OneLib_Host_GATT_gatt_task.obj (.text.GATT_UpdateMTU)
                  0001eee0    0000004c              : OneLib_HCI_hci_event.obj (.text.HCI_HardwareErrorEvent)
                  0001ef2c    0000004c              : OneLib_HCI_hci_event_raw.obj (.text.HCI_InitEventMasks)
                  0001ef78    0000004c              : OneLib_HCI_hci.obj (.text.HCI_LE_ConnUpdateCmd)
                  0001efc4    0000004c              : OneLib_HCI_hci_event.obj (.text.HCI_NumOfCompletedPacketsEvent)
                  0001f010    0000004c     driverlib.a : interrupt.c.obj (.text.IntSetPend)
                  0001f05c    0000004c     OneLib.a : OneLib_LL_ll.obj (.text.LL_ClearResolvingList)
                  0001f0a8    0000004c              : OneLib_LL_ll.obj (.text.LL_clearAllActiveConns)
                  0001f0f4    0000004c     driverlib.a : lrfd.c.obj (.text.LRFDApplyClockDependencies)
                  0001f140    0000004c     rcl_cc23x0r5.a : LRFCC23X0.c.obj (.text.LRF_programTemperatureCompensatedTxPower)
                  0001f18c    0000004c                    : LRFCC23X0.c.obj (.text.LRF_writeTxFifoWords)
                  0001f1d8    0000004c     ti_freertos_config.o (.text.MessageQueueP_pend)
                  0001f224    0000004c     ti_freertos_config.o (.text.MessageQueueP_post)
                  0001f270    0000004c     rcl_cc23x0r5.a : RCL.c.obj (.text.RCL_open)
                  0001f2bc    0000004c     ti_freertos_config.o (.text.SemaphoreP_construct)
                  0001f308    0000004c     simple_gatt_profile.o (.text.SimpleGattProfile_getParameter)
                  0001f354    0000004c     ti_freertos_config.o (.text.__aeabi_errno_addr)
                  0001f3a0    0000004c     OneLib.a : OneLib_Host_GAP_gap_configmgr.obj (.text.gapReadBufSizeCmdStatus)
                  0001f3ec    0000004c              : OneLib_Host_Profiles_gattservapp.obj (.text.gattServApp_ClearPrepareWriteQ)
                  0001f438    0000004c              : OneLib_LL_ll_common.obj (.text.llGenPrnE)
                  0001f484    0000004c              : OneLib_LL_ll_common.obj (.text.llProcessChanMap)
                  0001f4d0    0000004c              : OneLib_LL_ll_common.obj (.text.llReleaseAllConnId)
                  0001f51c    0000004c              : OneLib_LL_ll_ae.obj (.text.llRemoveAdvSortedEntry)
                  0001f568    0000004c              : OneLib_LL_ll_scheduler.obj (.text.llSelectTaskAdv)
                  0001f5b4    0000004c              : OneLib_LL_ll_common.obj (.text.llSetStarvationMode)
                  0001f600    0000004c              : OneLib_LL_ll_ecc.obj (.text.ll_eccInit)
                  0001f64c    0000004c     ti_freertos_config.o (.text.removeThreadKeys)
                  0001f698    0000004c     OneLib.a : OneLib_Host_SM_sm_pairing.obj (.text.sm_computeDHKey)
                  0001f6e4    0000004c     ti_freertos_config.o (.text.xTaskCheckForTimeOut)
                  0001f730    0000004a     rcl_cc23x0r5.a : LRF.c.obj (.text.LRF_loadImage)
                  0001f77a    00000002     OneLib.a : common_lib_opt_ctrl_stub_past_receiver.obj (.text.OPT_LL_PAST_R_ProcessIndPackets)
                  0001f77c    0000004a     libclang_rt.builtins.a : fixdfsi.S.obj (.text.__fixdfsi)
                  0001f7c6    0000004a     ti_freertos_config.o (.text.calloc)
                  0001f810    0000004a     OneLib.a : OneLib_Host_GAP_linkdb.obj (.text.linkDB_GetInfo)
                  0001f85a    0000004a              : OneLib_LL_ll_common.obj (.text.llGetNextDataChanAlgo2)
                  0001f8a4    0000004a     ecc.a : lowlevelapi.c.obj (.text.zADD32)
                  0001f8ee    00000002     OneLib.a : common_lib_opt_ctrl_stub_past_receiver.obj (.text.OPT_LL_PAST_R_ResetConnParamsToDefault)
                  0001f8f0    00000048     secure_drivers_cc23x0r5.a : AESCCMLPF3.c.obj (.text.AESCCMLPF3_processCTRCounterBlock)
                  0001f938    00000048                               : AESCCMLPF3.c.obj (.text.AESCCMLPF3_processOneStepCTRPolling)
                  0001f980    00000048     bleapputil_process.o (.text.BLEAppUtil_callEventHandler)
                  0001f9c8    00000048     bleapputil_init.o (.text.BLEAppUtil_invokeFunction)
                  0001fa10    00000048     bleapputil_stack_callbacks.o (.text.BLEAppUtil_processStackMsgCB)
                  0001fa58    00000048     ti_freertos_config.o (.text.ClockP_construct)
                  0001faa0    00000048     OneLib.a : OneLib_Host_Profiles_gattservapp.obj (.text.GATTServApp_SendServiceChangedInd)
                  0001fae8    00000048     icall_POSIX.o (.text.ICall_newTask)
                  0001fb30    00000048     icall_POSIX.o (.text.ICall_wait)
                  0001fb78    00000048     OneLib.a : OneLib_LL_ll_ae.obj (.text.LL_AE_Init)
                  0001fbc0    00000048              : OneLib_HCI_hci_event.obj (.text.LL_ConnParamUpdateCback)
                  0001fc08    00000048              : OneLib_HCI_hci_event.obj (.text.LL_ConnParamUpdateRejectCback)
                  0001fc50    00000048              : OneLib_HCI_hci_event.obj (.text.LL_DataLengthChangeEventCback)
                  0001fc98    00000048              : OneLib_HCI_hci_event.obj (.text.LL_EncLtkReqCback)
                  0001fce0    00000048              : OneLib_LL_ll.obj (.text.LL_RemoteConnParamReqNegReply)
                  0001fd28    00000048              : OneLib_LL_ll.obj (.text.LL_SetResolvablePrivateAddressTimeout)
                  0001fd70    00000048     rcl_cc23x0r5.a : LRFCC23X0.c.obj (.text.LRF_setTemperatureTrim)
                  0001fdb8    00000048     nvocmp.o (.text.NVOCMP_loadApiPtrsMin)
                  0001fe00    00000048     nvocmp.o (.text.NVOCMP_readItem)
                  0001fe48    00000048     drivers_cc23x0r5.a : NVS.c.obj (.text.NVS_open)
                  0001fe90    00000048                        : PowerCC23X0.c.obj (.text.PowerCC23X0_hfxtAmpsettledTimeout)
                  0001fed8    00000048                        : PowerCC23X0.c.obj (.text.PowerLPF3_getHfxtAmpAdjustment)
                  0001ff20    00000048     rcl_cc23x0r5.a : RCL_Scheduler.c.obj (.text.RCL_Scheduler_postEvent)
                  0001ff68    00000048     drivers_cc23x0r5.a : RingBuf.c.obj (.text.RingBuf_put)
                  0001ffb0    00000048                        : TemperatureLPF3.c.obj (.text.degreesToCode)
                  0001fff8    00000048     StackWrapper.a : StackWrapper_Host_gapbondmgr.obj (.text.gapBondStateStartNextGATTDisc)
                  00020040    00000048     OneLib.a : OneLib_Host_GAP_gap_linkmgr.obj (.text.gapFreeAuthLink)
                  00020088    00000048              : OneLib_Host_GATT_gatt_server.obj (.text.gattProcessReadByGrpTypeReq)
                  000200d0    00000048              : OneLib_HCI_hci_event_raw.obj (.text.hciAllocAndPrepHciEvtPkt)
                  00020118    00000048              : OneLib_Host_L2CAP_l2cap_util.obj (.text.l2capNotifySignal)
                  00020160    00000048              : OneLib_Host_L2CAP_l2cap_util.obj (.text.l2capSendPkt)
                  000201a8    00000048              : OneLib_LL_ll_common.obj (.text.llCalcConnMissCount)
                  000201f0    00000048              : OneLib_LL_ll_common.obj (.text.llConnSetupBuffers)
                  00020238    00000048              : OneLib_LL_ll_common.obj (.text.llPostSetupCtrlPktPeri)
                  00020280    00000048              : OneLib_LL_ll_scheduler.obj (.text.llSchedulerInit)
                  000202c8    00000048              : OneLib_LL_ll_common.obj (.text.llSendReject)
                  00020310    00000048              : OneLib_LL_ll_common.obj (.text.llSetPhy)
                  00020358    00000048              : OneLib_LL_ll_scheduler.obj (.text.llSetTaskAdv)
                  000203a0    00000048     ti_freertos_config.o (.text.mq_receive)
                  000203e8    00000048     StackWrapper.a : StackWrapper_OSAL_osal.obj (.text.osal_msg_extract)
                  00020430    00000048     ti_freertos_config.o (.text.pthread_mutex_unlock)
                  00020478    00000048     OneLib.a : OneLib_Host_GAP_gap_linkmgr.obj (.text.sendTerminateEvent)
                  000204c0    00000048              : OneLib_Host_SM_sm_rsppairing.obj (.text.smpResponderProcessSigningInfo)
                  00020508    00000048     ti_freertos_config.o (.text.xTimerCreateTimerTask)
                  00020550    00000044     secure_drivers_cc23x0r5.a : AESCMACLPF3.c.obj (.text.AESCMACLPF3_generateSubKey)
                  00020594    00000044                               : AESCMACLPF3.c.obj (.text.AESCMACLPF3_processBlocks)
                  000205d8    00000044     OneLib.a : OneLib_LL_ll_al.obj (.text.AL_Alloc)
                  0002061c    00000044     bleapputil_task.o (.text.BLEAppUtil_convertBdAddr2Str)
                  00020660    00000044     bleapputil_init.o (.text.BLEAppUtil_registerEventHandler)
                  000206a4    00000044     secure_drivers_cc23x0r5.a : ECCInitLPF3SW.c.obj (.text.ECCInitLPF3SW_Curve25519)
                  000206e8    00000044     OneLib.a : OneLib_Host_GATT_gatt_server.obj (.text.GATT_FindHandle)
                  0002072c    00000044              : OneLib_Host_GAP_gap_advertiser.obj (.text.GapAdv_disable)
                  00020770    00000044              : OneLib_HCI_TL_hci_tl.obj (.text.HCI_Init)
                  000207b4    00000044              : OneLib_HCI_TL_hci_tl.obj (.text.HCI_ProcessEvent)
                  000207f8    00000044              : OneLib_LL_ll_enc.obj (.text.LL_ENC_EncryptMsg)
                  0002083c    00000044              : OneLib_LL_ll_privacy.obj (.text.LL_PRIV_ResolveRPA)
                  00020880    00000044     app_peripheral.o (.text.Peripheral_start)
                  000208c4    00000044     rcl_cc23x0r5.a : RCL_Buffer.c.obj (.text.RCL_MultiBuffer_ListInfo_init)
                  00020908    00000044                    : RCL_Buffer.c.obj (.text.RCL_MultiBuffer_getBuffer)
                  0002094c    00000044     drivers_cc23x0r5.a : UART2LPF3.c.obj (.text.UART2LPF3_initIO)
                  00020990    00000044     OneLib.a : OneLib_Host_GATT_gatt_task.obj (.text.gattGetPayload)
                  000209d4    00000044              : OneLib_Host_L2CAP_l2cap_util.obj (.text.l2capParseCmdReject)
                  00020a18    00000044              : OneLib_Host_GAP_linkdb.obj (.text.linkDB_Find)
                  00020a5c    00000044              : OneLib_LL_ll_common.obj (.text.llAtLeastTwoChans)
                  00020aa0    00000044              : OneLib_LL_ll_scheduler.obj (.text.llCmdAdvStartedEventHandle)
                  00020ae4    00000044              : OneLib_LL_ll_common.obj (.text.llPeriSetConnAddr)
                  00020b28    00000044              : OneLib_LL_ll_common.obj (.text.llTime2Octets)
                  00020b6c    00000044              : OneLib_LL_ll_ecc.obj (.text.ll_ReadLocalP256PublicKey)
                  00020bb0    00000044     StackWrapper.a : StackWrapper_OSAL_osal_timers.obj (.text.osalAddTimer)
                  00020bf4    00000044                    : StackWrapper_OSAL_osal_timers.obj (.text.osal_start_timerEx)
                  00020c38    00000044     ti_freertos_config.o (.text.prvInsertBlockIntoFreeList)
                  00020c7c    00000044     ti_freertos_config.o (.text.prvSampleTimeNow)
                  00020cc0    00000044     ti_freertos_config.o (.text.pthread_mutex_init)
                  00020d04    00000044     drivers_cc23x0r5.a : TemperatureLPF3.c.obj (.text.setNextThresholds)
[...]
2000686c  gapBond_localOobData                             
2000688c  localPrivKeyMaterial                             
200068e4  CryptoResourceLPF3_hwi                           
20006900  clockHwi                                         
2000691c  gapParams                                        
20006938  workerThreadEntity                               
20006954  connOutput                                       
20006994  cpOperationECB                                   
200069a8  operationComputeSharedSecret                     
200069bc  remoteTaskParams                                 
200069d0  gLtkReqDetails                                   
200069e2  deviceFeatureSet                                 
200069f4  eccParams                                        
20006a04  encParamsCCM                                     
20006a14  encParamsECB                                     
20006a24  gRankFLTable                                     
20006a34  llTaskList                                       
20006a44  localCryptoKey                                   
20006a54  localPrivateKey                                  
20006a64  localPublicKey                                   
20006a74  operationECB                                     
20006a84  operationGeneratePublicKey                       
20006a94  remotePublicKey                                  
20006aa4  sharedSecret                                     
20006ab4  swParamList                                      
20006aec  displayUart2Object                               
20006b18  BLEAppUtil_threadEntity                          
20006b20  POSIX_args                                       
20006b28  RNGLPF3RF_objects                                
20006b30  gParamUpdateReq                                  
20006b38  llConnEvtNotice                                  
20006b40  llConns                                          
20006b48  privInfo                                         
20006b50  rclState                                         
20006b58  gapCurrentRandomAddr                             
20006b5e  buildInfo                                        
20006b60  ownPublicAddr                                    
20006b66  connInitialMaxTxOctets                           
20006b68  ownRandomAddr                                    
20006b6e  connInitialMaxTxTime                             
20006b70  ownSavedPublicAddr                               
20006b76  verInfo                                          
20006b81  gAntennasInfo                                    
20006ba0  BDAddrPerConnHandle                              
20006ba4  SysBootMsg                                       
20006ba8  activeConns                                      
20006bac  appInitDoneHandler                               
20006bb0  dtmInfo                                          
20006bb4  ecdhHandle                                       
20006bb8  encHandleCCM                                     
20006bbc  encHandleECB                                     
20006bc0  errorHandlerCb                                   
20006bc4  extStackSettings                                 
20006bc8  l2capChannels                                    
20006bcc  l2capPsm                                         
20006bd0  linkDB                                           
20006bd4  llECCCurveParams                                 
20006bd8  operationResult                                  
20006bdc  osal_last_timestamp                              
20006be0  osal_max_msecs                                   
20006be4  osal_qHead                                       
20006be8  osal_syncHandle                                  
20006bec  osal_tickperiod                                  
20006bf0  pNextAdvSet                                      
20006bf4  pRfPathComp                                      
20006bf8  resolvingList                                    
20006bfc  rfHandle                                         
20006c00  rngHandle                                        
20006c04  taskEndAction                                    
20006c08  tasksEvents                                      
20006c0c  timerHead                                        
20006c10  connInitialMaxTxTimeCoded                        
20006c12  connInitialMaxTxTimeUncoded                      
20006c14  maximumPduSize                                   
20006c16  pwrmgr_attribute                                 
20006c18  supportedMaxRxOctets                             
20006c1a  supportedMaxRxTime                               
20006c1c  supportedMaxTxOctets                             
20006c1e  supportedMaxTxTime                               
20006c20  LL_TaskID                                        
20006c21  NVOCMP_size                                      
20006c22  NVSLPF3_objects                                  
20006c23  adcNoiseHandlerState                             
20006c24  aeCurAdvEnableHandle                             
20006c25  aeCurConnHandle                                  
20006c26  aeCurHandle                                      
20006c27  alSize                                           
20006c28  defaultPhy                                       
20006c29  extInitIndex                                     
20006c2a  extScanIndex                                     
20006c2b  fastTxRespTime                                   
20006c2c  gAction                                          
20006c2d  gCurTxPowerVal                                   
20006c2e  gapDeviceAddrMode                                
20006c2f  gapTaskID                                        
20006c30  gattNumConns                                     
20006c31  gattTaskID                                       
20006c32  hciGapTaskID                                     
20006c33  hciL2capTaskID                                   
20006c34  hciSmpTaskID                                     
20006c35  hciTaskID                                        
20006c36  hciTestTaskID                                    
20006c37  hciVsEvtMask                                     
20006c38  icall_liteTaskId                                 
20006c39  l2capNumChannels                                 
20006c3a  l2capTaskID                                      
20006c3b  l2cap_gattServAppTaskID                          
20006c3c  linkDBNumConns                                   
20006c3d  llCryptoMode                                     
20006c3e  llECDHMode                                       
20006c3f  llState                                          
20006c40  maxNumConns                                      
20006c41  maxNumTxDataBufs                                 
20006c42  maxTxPwrForDTM                                   
20006c43  numActiveAdvSets                                 
20006c44  numComplPkts                                     
20006c45  numComplPktsFlush                                
20006c46  numComplPktsLimit                                
20006c47  numTxDataBufs                                    
20006c48  onePktPerEvt                                     
20006c49  osal_entity                                      
20006c4a  peripheralAdvHandles                             
20006c4b  rlSize                                           
20006c4c  rxFifoFlowCtrl                                   
20006c4d  secondaryAdvChannelMapPopCount                   
20006c4e  slOverride                                       
20006c4f  smGenerateDHKeyStatus                            
20006c50  smReadLocalP256PublicKeyStatus                   
20006c51  smTaskID                                         
20006e98  gapAttrTbl                                       
200070ca  smExpectAppKeysInd                               
200070cb  SM_appTaskID                                     
20007264  HwiP_swiPIntNum                                  
20007280  gpioPinConfigs                                   
200072e8  gapBond_removeLRUBond                            
200072e9  gapBond_syncRL                                   
20007304  gapBondStateNodeHead                             
20007308  gapBond_lruBondList                              
20007318  clientCbs                                        
2000732c  gapBond_remoteOobData                            
200074fc  pairMode                                         
200074fd  mitm                                             
200074fe  ioCap                                            
200074ff  bonding                                          
20007500  secureConnection                                 
20007501  authenPairingOnly                                
20007502  autoSyncAL                                       
20007503  eccReGenPolicy                                   
20007504  KeySize                                          
20007505  removeLRUBond                                    
20007506  KeyDistList                                      
20007507  eccDebugKeys                                     
20007508  allowDebugKeys                                   
20007509  eraseBondWhileInConn                             
2000750a  sameIrkAction                                    
2000750b  advData1                                         
20007512  scanResData1                                     
2000752c  advParams1                                       
20007548  llUserConfig                                     
20007590  sm_eccKeys_sc_host_debug                         
200075d0  centAddrRes                                      
200075d1  resolvablePrivateAddressOnly                     
200075d2  appearance                                       
200075d8  periConnParameters                               
200075e0  deviceName                                       
2000765a  gapAppTaskID                                     
2000765b  gapEndAppTaskID                                  
2000765c  linkParam                                        
20007660  rxDataQ                                          
20007684  appMainPeriCentParams                            
2000768c  appMainParams                                    
200076b0  dispHandle                                       
200076d4  eccParams_NISTP256                               
200076f8  gapProfileRole                                   
200076f9  gapConfig_IRK                                    
20007709  gapConfig_SRK                                    
2000771c  enckey                                           
2000773c  attDeviceName                                    
2000775c  gapParameters                                    
2000777a  baseTaskID                                       
2000777e  rclTemperatureThreshold                          
20007798  hciEvtMaskLe                                     
200077a0  hciEvtMaskPage1                                  
200077a8  hciEvtMaskPage2                                  
200077b0  connectionConnHandler                            
200077bc  connectionHciGAPHandler                          
200077c8  pairingPasscodeHandler                           
200077d4  PairingPairStateHandler                          
200077e0  peripheralConnHandler                            
200077ec  peripheralAdvHandler                             
200077f8  DisplayUart2Ansi_escInitial                      
2000780c  randomAddressConfigured                          
20007810  defaultChannelMap                                
20007818  secondaryAdvChannelMap                           
20007872  devInfo11073CertUUID                             
20007884  maxSupportedAdvSets                              
20007885  aePeripheralSCA                                  
20007888  advSetList                                       
2000788c  extScanInfo                                      
20007890  extInitInfo                                      
20007898  osal_eventloop_hook                              
2000789c  osal_icallMsg_hook                               
200078a4  BLEAppUtilLocal_GeneralParams                    
200078a8  BLEAppUtilLocal_PeriCentParams                   
200078ac  BLEAppUtil_bondMgrCBs                            
200078cc  user0Cfg                                         
200078d4  eccCryptoKey                                     
200078e4  encCryptoKey                                     
20007903  gapBondParams                                    
20007912  devInfoFirmwareRevUUID                           
20007921  devInfoHardwareRevUUID                           
20007923  appTaskID                                        
20007924  pPairingParams                                   
20007928  pfnResponderCBs                                  
2000792c  pfnInitiatorCBs                                  
20007930  alTable                                          
20007934  alTableScan                                      
20007938  gDenyList                                        
20007948  ICall_enterCriticalSection                       
2000794c  ICall_leaveCriticalSection                       
20007950  ICall_dispatcher                                 
20007954  halSchedFsmCb                                    
20007958  halDispatchFsmCb                                 
2000795c  halCommandFsmCb                                  
20007960  bleAppServiceInfoTable                           
2000796c  dataGATTHandler                                  
20007978  hciEvtMask                                       
2000798d  devInfoMfrNameUUID                               
2000798f  appearanceCharProps                              
200079a0  terminateReason                                  
200079a2  gParamUpdateConnHandle                           
200079a4  pAuthLink                                        
200079c0  assertSubcause                                   
200079c1  legacyMode                                       
200079c4  halAssertCback                                   
200079c8  bm_preReleaseBuffCB                              
200079d0  OSAL_timeSeconds                                 
200079d8  fXtalInv                                         
200079e0  rclHandles                                       
200079e8  l2capNumDataPkts                                 
200079e9  flowCtrlTaskId                                   
200079ea  flowCtrlFwdTaskId                                
200079eb  l2capNumPSM                                      
200079ec  l2capNumCoChannels                               
200079ed  l2capUserConfig                                  
200079ef  pRandomAddress                                   
200079f5  DisplayUart2Ansi_escClearScreen                  
200079fa  ctrlToHostEnable                                 
200079fc  numHostBufs                                      
200079fe  defaultTxPowerDbm                                
20007a00  bleUserCfg_maxPduSize                            
20007a06  devInfoModelNumberUUID                           
20007a08  BLEAppUtilEventHandlersHead                      
20007a10  RNGLPF3RF_noiseConditioningKeyWord0              
20007a14  RNGLPF3RF_noiseConditioningKeyWord1              
20007a18  RNGLPF3RF_noiseConditioningKeyWord2              
20007a1c  RNGLPF3RF_noiseConditioningKeyWord3              
20007a20  RemoteTask                                       
20007a24  appAssertCback                                   
20007a28  attClientNotifyTxCB                              
20007a2c  attServerNotifyTxCB                              
20007a30  enckeyLen                                        
20007a38  ggs_AppCBs                                       
20007a3c  linkCmd                                          
20007a40  llSystemStatus                                   
20007a44  localPrivKeyMaterialLen                          
20007a48  pAdvDataEntry                                    
20007a4c  pGapPeripheralConnCBs                            
20007a54  pSmResponderCBs                                  
20007a58  pfnBMAlloc                                       
20007a5c  pfnBMFree                                        
20007a60  pfnBondMgrCBs                                    
20007a64  pfnCentralConnCBs                                
20007a68  pfnPeripheralConnCBs                             
20007a6c  pxCurrentTCB                                     
20007a7c  txDataQ                                          
20007a84  devInfoPnpIdUUID                                 
20007a86  devInfoSerialNumberUUID                          
20007a88  devInfoServUUID                                  
20007a8a  devInfoSoftwareRevUUID                           
20007a8c  devInfoSystemIdUUID                              
20007a8e  disconnectImmedConnId                            
20007a90  l2capMtuSize                                     
20007a94  llUserConfig_maxPduSize                          
20007a96  maxExtAdvDataLen                                 
20007a98  simpleGattProfile_ServUUID                       
20007a9a  simpleGattProfile_char1UUID                      
20007a9c  simpleGattProfile_char2UUID                      
20007a9e  simpleGattProfile_char3UUID                      
20007aa0  simpleGattProfile_char4UUID                      
20007aa2  simpleGattProfile_char5UUID                      
20007aa4  smRspWaitingConnHandle                           
20007aa6  att_sendRspOnly                                  
20007aa7  centAddrResCharProps                             
20007aa8  channel2usage                                    
20007ab2  deviceNameCharProps                              
20007ab3  extScanChanMap                                   
20007ab4  gapState                                         
20007ab5  gapUnwantedTaskID                                
20007ab7  hciPTMenabled                                    
20007abf  l2capFlowCtrlMode                                
20007ac0  l2capId                                          
20007ac1  linkDB_secureConnectionOnlyMode                  
20007ac2  periConnParamCharProps                           
20007ac3  pwrmgr_initialized                               
20007ac4  qosDefaultPriorityAdvParameter                   
20007ac5  qosDefaultPriorityConnParameter                  
20007ac6  rclPbeGpoMask                                    
20007ac8  resolvablePrivateAddressOnlyCharProps            
20007ad0  smAllowDebugKeysMode                             
20007ad1  smAppProcessLTKRequest                           
20007ad2  smAuthenPairingOnlyMode                          
20008c00  __stack                                          
20009000  __STACK_END                                      
20009000  __STACK_TOP                                      
4e020000  ccfg                                             
4e020000  ti_utils_build_GenMap_sym_CRC_CCFG_BOOT_CFG_begin
4e02000b  ti_utils_build_GenMap_sym_CRC_CCFG_BOOT_CFG_end  
4e020010  ti_utils_build_GenMap_sym_CRC_CCFG_begin         
4e02074b  ti_utils_build_GenMap_sym_CRC_CCFG_end           
4e0207d0  ti_utils_build_GenMap_sym_CRC_CCFG_DEBUG_begin   
4e0207fb  ti_utils_build_GenMap_sym_CRC_CCFG_DEBUG_end     
90000000  TimestampP_nativeFormat64_copy                   
90000004  TimestampP_nativeFormat32_copy                   
ffffffff  __TI_pprof_out_hndl                              
ffffffff  __TI_prof_data_size                              
ffffffff  __TI_prof_data_start                             
ffffffff  __binit__                                        
ffffffff  binit                                            
UNDEFED   RCL_Debug_assertProxy                            
UNDEFED   RCL_Profiling_eventHook                          
UNDEFED   __mpu_init                                       
UNDEFED   _system_post_cinit                               

[2324 symbols]
