******************************************************************************
            TI ARM Clang Linker PC v4.0.4                      
******************************************************************************
>> Linked Mon Mar  2 13:47:44 2026

OUTPUT FILE NAME:   <basic_ble_LP_EM_CC2340R5_freertos_ticlang.out>
ENTRY POINT SYMBOL: "resetISR"  address: 00028a2d


MEMORY CONFIGURATION

         name            origin    length      used     unused   attr    fill
----------------------  --------  ---------  --------  --------  ----  --------
  FLASH                 00000000   0007d000  0002e177  0004ee89  R  X
  NVS_SLOT              0007d000   00003000  00003000  00000000  R  X
  SRAM                  20000000   00009000  00007b79  00001487  RW X
  S2RRAM                40098000   00001000  00000000  00001000  RW  
  CCFG                  4e020000   00000800  00000800  00000000  R   
  LOG_DATA              90000000   00040000  00000000  00040000  R   
  LOG_PTR               94000008   00040000  00000000  00040000  R   


SEGMENT ALLOCATION MAP

run origin  load origin   length   init length attrs members
----------  ----------- ---------- ----------- ----- -------
00000000    00000000    0002e17c   0002e17c    r-x
  00000000    00000000    0000008c   0000008c    r-- .resetVecs
  00000090    00000090    00029b2c   00029b2c    r-x .text
  00029bbc    00029bbc    00004103   00004103    r-- .rodata
  0002dcc0    0002dcc0    000004bc   000004bc    r-- .cinit
0007d000    0007d000    00003000   00000000    rw-
  0007d000    0007d000    00003000   00000000    rw- .TI.bound:flashBuf0
20000400    20000400    00000020   00000000    rw-
  20000400    20000400    00000010   00000000    rw- .TI.bound:dmaChannel0ControlTableEntry
  20000410    20000410    00000010   00000000    rw- .TI.bound:dmaChannel1ControlTableEntry
20000440    20000440    00000020   00000000    rw-
  20000440    20000440    00000010   00000000    rw- .TI.bound:dmaChannel4ControlTableEntry
  20000450    20000450    00000010   00000000    rw- .TI.bound:dmaChannel5ControlTableEntry
20000460    20000460    000076b3   00000000    rw-
  20000460    20000460    0000683a   00000000    rw- .bss
  20006ca0    20006ca0    00000e73   00000000    rw- .data
20008c00    20008c00    00000400   00000000    rw-
  20008c00    20008c00    00000400   00000000    rw- .stack
4e020000    4e020000    00000800   00000800    r--
  4e020000    4e020000    00000800   00000800    r-- .ccfg


SECTION ALLOCATION MAP

 output                                  attributes/
section   page    origin      length       input sections
--------  ----  ----------  ----------   ----------------
.resetVecs 
*          0    00000000    0000008c     
                  00000000    0000008c     ti_freertos_config.o (.resetVecs)

.text      0    00000090    00029b2c     
                  00000090    00000c74     rcl_cc23x0r5.a : ble5.c.obj (.text.RCL_Handler_BLE5_adv)
                  00000d04    00000ac0     OneLib.a : OneLib_LL_ll_ble.obj (.text.llProcessPeripheralControlPacket)
                  000017c4    00000a54              : OneLib_Host_Profiles_gattservapp.obj (.text.GATTServApp_ProcessEvent)
                  00002218    000007e8     StackWrapper.a : StackWrapper_Host_gapbondmgr.obj (.text.GAPBondMgr_ProcessGAPMsg)
                  00002a00    0000061c     OneLib.a : OneLib_Host_GATT_gatt_client.obj (.text.gattClientProcessMsgCB)
                  0000301c    000005b0              : OneLib_LL_ll_peripheral_end_causes.obj (.text.llProcessPeripheralControlProcedures)
                  000035cc    000004f8     nvocmp.o (.text.NVOCMP_compactPage)
                  00003ac4    000004c8     nvocmp.o (.text.NVOCMP_initNvApi)
                  00003f8c    000004ac     rcl_cc23x0r5.a : ble5.c.obj (.text.RCL_Handler_BLE5_conn)
                  00004438    00000410     OneLib.a : OneLib_LL_ll_peripheral_end_causes.obj (.text.llPeripheral_TaskEnd)
                  00004848    000003e4              : OneLib_LL_ll_ae.obj (.text.llSetupExtAdvLegacy)
                  00004c2c    000003c0              : OneLib_LL_ll_peripheral_end_causes.obj (.text.llSetupNextPeripheralEvent)
                  00004fec    0000036c     ecc.a : scalarMul.c.obj (.text.SCALARMUL_core)
                  00005358    0000035c     StackWrapper.a : StackWrapper_Host_gapbondmgr.obj (.text.GAPBondMgr_SetParameter)
                  000056b4    00000348     OneLib.a : OneLib_LL_ll.obj (.text.LL_ProcessEvent)
                  000059fc    00000330     ecc.a : scalarMul.c.obj (.text.ATOMICPATTERN)
                  00005d2c    00000314     ti_freertos_config.o (.text.doPrint)
                  00006040    00000310     ecc.a : lowlevelapi_m0_gnu.s.obj (.text)
                  00006350    000002f4     rcl_cc23x0r5.a : LRFCC23X0.c.obj (.text.LRF_temperatureCompensateTrim)
                  00006644    000002f4     secure_drivers_cc23x0r5.a : RNGLPF3RF.c.obj (.text.RNGLPF3RF_conditionNoiseToGenerateSeed)
                  00006938    000002f4     OneLib.a : OneLib_LL_ll_scheduler.obj (.text.llSchedulerConnectable)
                  00006c2c    000002c8     rcl_cc23x0r5.a : LRF.c.obj (.text.LRF_applySettings)
                  00006ef4    000002ac     OneLib.a : OneLib_LL_ll.obj (.text.LE_SetExtAdvParams)
                  000071a0    000002a4     rcl_cc23x0r5.a : LRFCC23X0.c.obj (.text.LRF_programFrequency)
                  00007444    0000029c     StackWrapper.a : StackWrapper_Host_gapbondmgr.obj (.text.GAPBondMgr_ProcessEvent)
                  000076e0    00000294     OneLib.a : OneLib_LL_ll_common.obj (.text.llAllocConnId)
                  00007974    00000294              : OneLib_LL_ll_common.obj (.text.llSetupCtrlPkt)
                  00007c08    0000028c              : OneLib_LL_ll_common.obj (.text.llRealignConn)
                  00007e94    00000288              : OneLib_LL_ll_common.obj (.text.llProcessPeripheralConnectionCreated)
                  0000811c    00000244              : OneLib_LL_ll_isr.obj (.text.llRxEntryDoneEventHandleStateConnection)
                  00008360    0000023c              : OneLib_Host_Profiles_gattservapp.obj (.text.GATTServApp_ReadAttr)
                  0000859c    00000228     nvocmp.o (.text.NVOCMP_addItem)
                  000087c4    00000220     secure_drivers_cc23x0r5.a : AESCCMLPF3.c.obj (.text.AESCCMLPF3_processSegmentedCBCMAC)
                  000089e4    00000214     drivers_cc23x0r5.a : UART2LPF3.c.obj (.text.UART2LPF3_hwiIntFxn)
                  00008bf8    0000020c     rcl_cc23x0r5.a : adc_noise.c.obj (.text.RCL_Handler_ADC_Noise_getNoise)
                  00008e04    00000200                    : RCL.c.obj (.text.rclCommandHwi)
                  00009004    000001fc     OneLib.a : OneLib_LL_ll.obj (.text.LE_SetExtAdvEnable)
                  00009200    000001f4              : OneLib_Host_SM_sm_rsppairing.obj (.text.smResponderSendNextKeyInfo)
                  000093f4    000001ec     rcl_cc23x0r5.a : LRFCC23X0.c.obj (.text.LRF_setupRadio)
                  000095e0    000001ea     OneLib.a : OneLib_LL_ll_common.obj (.text.llSelectConn)
                  000097ca    00000002     ti_drivers_config.o (.text.Board_initHook)
                  000097cc    000001e4     ecc.a : scalarMul.c.obj (.text.INVERT)
                  000099b0    000001e4     OneLib.a : OneLib_Host_SM_sm_pairing.obj (.text.smSavePairInfo)
                  00009b94    000001d4              : OneLib_LL_ll_scheduler.obj (.text.llFindNextSecTask)
                  00009d68    000001d4     ti_freertos_config.o (.text.mq_open)
                  00009f3c    000001c4     secure_drivers_cc23x0r5.a : AESCMACLPF3.c.obj (.text.AESCMACLPF3_startOperation)
                  0000a100    000001c4     OneLib.a : OneLib_Host_GAP_gap_advertiser.obj (.text.GapAdv_create)
                  0000a2c4    000001a8     secure_drivers_cc23x0r5.a : ECDHLPF3SW.c.obj (.text.ECDH_computeSharedSecret)
                  0000a46c    000001a8     ecc.a : scalarMul.c.obj (.text.JACADD)
                  0000a614    000001a8     OneLib.a : OneLib_Host_GAP_gap_advertiser.obj (.text.gapAdv_controllerCb)
                  0000a7bc    000001a8              : OneLib_LL_ll_scheduler.obj (.text.llSchedulerSecondaryTasksConn)
                  0000a964    000001a4     ecc.a : scalarMul25519.c.obj (.text.X25519_core)
                  0000ab08    0000019c     OneLib.a : OneLib_LL_ll_common.obj (.text.llCalcConnMaxTimeLength)
                  0000aca4    0000019c              : OneLib_Host_SM_sm_task.obj (.text.smProcessHCIBLEMetaEventCode)
                  0000ae40    00000198              : OneLib_LL_ll_adv_end_causes.obj (.text.llExtAdv_PostProcess)
                  0000afd8    00000192     libclang_rt.builtins.a : adddf3.S.obj (.text.adddf3_subdf3)
                  0000b16a    00000002     ble_user_config.o (.text.DefaultAssertCback)
                  0000b16c    00000190     OneLib.a : OneLib_LL_ll_common.obj (.text.llGetNextConn)
                  0000b2fc    00000190     StackWrapper.a : StackWrapper_OSAL_osal.obj (.text.osal_run_system)
                  0000b48c    00000188     OneLib.a : OneLib_LL_ll_scheduler.obj (.text.llScheduler)
                  0000b614    00000184     secure_drivers_cc23x0r5.a : AESCCMLPF3.c.obj (.text.AESCCMLPF3_hwiFxn)
                  0000b798    00000182                               : AESCCMLPF3.c.obj (.text.AESCCMLPF3_oneStepOperation)
                  0000b91a    00000002     display_cc23x0r5.a : DisplayUart2.c.obj (.text.DisplayUart2Ansi_init)
                  0000b91c    00000180     drivers_cc23x0r5.a : UART2LPF3.c.obj (.text.UART2_open)
                  0000ba9c    00000180     OneLib.a : OneLib_Host_L2CAP_l2cap_task.obj (.text.l2capProcessReq)
                  0000bc1c    00000180              : OneLib_Host_SM_sm_mgr.obj (.text.sm_f5)
                  0000bd9c    0000017c     StackWrapper.a : StackWrapper_Host_gapbondmgr.obj (.text.gapBondMgrAuthenticate)
                  0000bf18    00000178     OneLib.a : OneLib_LL_ll_adv_end_causes.obj (.text.llAdv_TaskConnect)
                  0000c090    00000174     nvocmp.o (.text.NVOCMP_findItem)
                  0000c204    00000170     OneLib.a : OneLib_Host_GATT_gatt_server.obj (.text.gattServerProcessMsgCB)
                  0000c374    00000168              : OneLib_Host_GAP_gap_advertiser.obj (.text.GapAdv_enable)
                  0000c4dc    00000168              : OneLib_LL_ll.obj (.text.LL_AddDeviceToResolvingList)
                  0000c644    00000164              : OneLib_LL_ll_isr.obj (.text.LL_rclAdvRxEntryDone)
                  0000c7a8    0000015c              : OneLib_Host_Profiles_gattservapp.obj (.text.gattServApp_ProcessReadByTypeReq)
                  0000c904    00000158              : OneLib_LL_ll_common.obj (.text.llConnCleanup)
                  0000ca5c    00000156     drivers_cc23x0r5.a : UART2.c.obj (.text.UART2_writeTimeoutBlocking)
                  0000cbb2    00000002     secure_drivers_cc23x0r5.a : ECDHLPF3SW.c.obj (.text.ECDH_init)
                  0000cbb4    00000154     OneLib.a : OneLib_LL_ll.obj (.text.LL_Init)
                  0000cd08    00000154     secure_drivers_cc23x0r5.a : RNGLPF3RF.c.obj (.text.RNGLPF3RF_getValidatedNumber)
                  0000ce5c    0000014c     drivers_cc23x0r5.a : Button.c.obj (.text.Button_clockTimeoutHandler)
                  0000cfa8    00000148     StackWrapper.a : StackWrapper_Host_gapbondmgr.obj (.text.gapBondMgrSaveBond)
                  0000d0f0    00000146     OneLib.a : OneLib_LL_ll_common.obj (.text.llCombinePDU)
                  0000d236    00000002     driverlib.a : interrupt.c.obj (.text.IntDefaultHandler)
                  0000d238    00000144     OneLib.a : OneLib_Host_GAP_gap_task.obj (.text.gapProcessBLEEvents)
                  0000d37c    00000144     ti_freertos_config.o (.text.prvTimerTask)
                  0000d4c0    00000140     drivers_cc23x0r5.a : NVSLPF3.c.obj (.text.NVSLPF3_write)
                  0000d600    00000140     rcl_cc23x0r5.a : RCL.c.obj (.text.rclStop)
                  0000d740    00000138                    : RCL_Scheduler.c.obj (.text.rclSchedulerProcessCmdStartStopTime)
                  0000d878    00000134     ecc.a : ECCSW.c.obj (.text.ECCSW_validatePublicKeyWeierstrass)
                  0000d9ac    00000134     OneLib.a : OneLib_LL_ll.obj (.text.LL_Reset)
                  0000dae0    00000130              : OneLib_LL_ll_scheduler.obj (.text.llCheckIsSecTaskCollideWithPrimTaskInLsto)
                  0000dc10    00000130              : OneLib_Host_SM_sm_mgr.obj (.text.sm_CMAC)
                  0000dd40    0000012c              : OneLib_Host_L2CAP_l2cap_task.obj (.text.l2capProcessRsp)
                  0000de6c    00000128     StackWrapper.a : StackWrapper_Host_gapbondmgr.obj (.text.gapBondMgrEraseBonding)
                  0000df94    00000128     ti_freertos_config.o (.text.xQueueSemaphoreTake)
                  0000e0bc    00000124     drivers_cc23x0r5.a : UART2LPF3.c.obj (.text.UART2LPF3_initHw)
                  0000e1e0    00000124     OneLib.a : OneLib_LL_ll_scheduler.obj (.text.llExtAdvSchedSetup)
                  0000e304    00000124              : OneLib_Host_SM_sm_rsppairing.obj (.text.smResponderProcessLTKReq)
                  0000e428    00000120     secure_drivers_cc23x0r5.a : ECDHLPF3SW.c.obj (.text.ECDH_generatePublicKey)
                  0000e548    00000120     StackWrapper.a : StackWrapper_OSAL_osal_timers.obj (.text.osalTimerUpdate)
                  0000e668    0000011c     OneLib.a : OneLib_HCI_hci_event.obj (.text.LL_EnhancedConnectionCompleteCback)
                  0000e784    0000011c              : OneLib_LL_ll_scheduler.obj (.text.llFindStartType)
                  0000e8a0    0000011c              : OneLib_LL_ll_isr.obj (.text.llLastCmdDoneEventHandleConnectRequest)
                  0000e9bc    00000118              : OneLib_LL_ll.obj (.text.LL_ConnUpdate)
                  0000ead4    00000116     icall_POSIX.o (.text.ICall_waitMatch)
                  0000ebea    00000002     rom_init.o (.text.MAP_Handover_ApplyCnData)
                  0000ebec    00000114     OneLib.a : OneLib_LL_ll_ae.obj (.text.llFindNextAdvSet)
                  0000ed00    00000110              : OneLib_Host_SM_sm_rsppairing.obj (.text.smpResponderProcessPairingRandom)
                  0000ee10    0000010e     secure_drivers_cc23x0r5.a : AESCTRDRBGXX.c.obj (.text.AESCTRDRBG_getRandomBytes)
                  0000ef1e    00000002     rom_init.o (.text.MAP_L2CAP_HandoverInitSN)
                  0000ef20    0000010c     rcl_cc23x0r5.a : ble5.c.obj (.text.RCL_Handler_BLE5_updateTxBuffers)
                  0000f02c    00000108     OneLib.a : OneLib_LL_ll_al.obj (.text.AL_AddEntry)
                  0000f134    00000108     drivers_cc23x0r5.a : UART2.c.obj (.text.UART2_writeTimeoutNonblocking)
                  0000f23c    00000108     OneLib.a : OneLib_Host_GAP_gap_linkmgr.obj (.text.gapPairingCompleteCB)
                  0000f344    00000108     ti_freertos_config.o (.text.prvAddNewTaskToReadyList)
                  0000f44c    00000104     rcl_cc23x0r5.a : ble5.c.obj (.text.RCL_Handler_BLE5_getAuxPtrFromTxBuffer)
                  0000f550    00000104     ecc.a : scalarMul.c.obj (.text.SCALARMUL_init)
                  0000f654    00000104     OneLib.a : OneLib_Host_SM_sm_mgr.obj (.text.sm_f6)
                  0000f758    00000100     secure_drivers_cc23x0r5.a : AESCTRDRBGXX.c.obj (.text.AESCTRDRBG_reseed)
                  0000f858    00000100     dev_info_service.o (.text.DevInfo_setParameter)
                  0000f958    00000100     OneLib.a : OneLib_Host_GATT_gatt_server.obj (.text.gattProcessFindInfoReq)
                  0000fa58    00000100     rcl_cc23x0r5.a : RCL.c.obj (.text.rclSchedulerHwi)
                  0000fb58    000000fc     secure_drivers_cc23x0r5.a : AESCTRDRBGXX.c.obj (.text.AESCTRDRBG_construct)
                  0000fc54    000000fc     OneLib.a : OneLib_LL_ll_privacy.obj (.text.LL_PRIV_ValidatePrivacyCompliance)
                  0000fd50    000000fc              : OneLib_LL_ll_common.obj (.text.llProcessAdvAddrResolutionTimeout)
                  0000fe4c    000000f8              : OneLib_LL_ll.obj (.text.LL_SetPhy)
                  0000ff44    000000f8     drivers_cc23x0r5.a : PowerCC23X0.c.obj (.text.PowerCC23X0_oscillatorISR)
                  0001003c    000000f8     ti_freertos_config.o (.text.xTaskIncrementTick)
                  00010134    000000f4     OneLib.a : OneLib_Host_GAP_gap_advertiser.obj (.text.GapAdv_loadByHandle)
                  00010228    000000f4              : OneLib_LL_ll_ae.obj (.text.LE_AE_SetData)
                  0001031c    000000f4     ti_freertos_config.o (.text.PowerCC23X0_standbyPolicy)
                  00010410    000000f4     StackWrapper.a : StackWrapper_Host_gapbondmgr.obj (.text.gapBondMgrUpdateCharCfg)
                  00010504    000000f4     OneLib.a : OneLib_Host_SM_sm_rsppairing.obj (.text.smpResponderProcessIncoming)
                  000105f8    000000f0     nvocmp.o (.text.NVOCMP_cleanPage)
                  000106e8    000000f0     ecc.a : scalarMul.c.obj (.text.SCALARMUL_final)
                  000107d8    000000f0     OneLib.a : OneLib_Host_SM_sm_mgr.obj (.text.SM_VerifyAuthenSig)
                  000108c8    000000f0              : OneLib_Host_SM_sm_mgr.obj (.text.sm_c1new)
                  000109b8    000000f0     ti_freertos_config.o (.text.xTaskResumeAll)
                  00010aa8    000000ec     secure_drivers_cc23x0r5.a : AESCCMLPF3.c.obj (.text.AESCCMLPF3_processOneStepCBCMACPolling)
                  00010b94    000000ec     drivers_cc23x0r5.a : PowerCC23X0.c.obj (.text.Power_init)
                  00010c80    000000ec     rcl_cc23x0r5.a : ble5.c.obj (.text.RCL_Handler_BLE5_updateAuxPtr)
                  00010d6c    000000ec     OneLib.a : OneLib_LL_ll_common.obj (.text.llConnExists)
                  00010e58    000000ec              : OneLib_Host_SM_sm_pairing.obj (.text.sm_c1)
                  00010f44    000000e8              : OneLib_Host_ATT_att_util.obj (.text.attSendMsg)
                  0001102c    000000e8              : OneLib_LL_ll_ae.obj (.text.llAddAdvSortedEntry)
                  00011114    000000e8              : OneLib_Host_GAP_gap_linkmgr.obj (.text.sendAuthEvent)
                  000111fc    000000e8     ti_freertos_config.o (.text.xQueueGenericSend)
                  000112e4    000000e4     bleapputil_task.o (.text.BLEAppUtil_Task)
                  000113c8    000000e4     bleapputil_process.o (.text.BLEAppUtil_convertGAPEvents)
                  000114ac    000000e4     OneLib.a : OneLib_Host_GATT_gatt_task.obj (.text.GATT_ProcessEvent)
                  00011590    000000e4              : OneLib_Host_SM_sm_pairing.obj (.text.SM_PasskeyUpdate)
                  00011674    000000e4     libclang_rt.builtins.a : muldf3.S.obj (.text.__muldf3)
                  00011758    000000e4     OneLib.a : OneLib_Host_Profiles_gapgattserver.obj (.text.ggs_ReadAttrCB)
                  0001183c    000000e4              : OneLib_LL_ll_common.obj (.text.llSetupConnCmd)
                  00011920    000000e4     ecc.a : lowlevelapi.c.obj (.text.mSET)
                  00011a04    000000e4     ti_freertos_config.o (.text.xQueueReceive)
                  00011ae8    000000e0     OneLib.a : OneLib_LL_ll.obj (.text.LL_TxData)
                  00011bc8    000000e0              : OneLib_LL_ll_data.obj (.text.llDynamicAlloc_connectable)
                  00011ca8    000000e0              : OneLib_Host_SM_sm_mgr.obj (.text.sm_f4)
                  00011d88    000000e0              : OneLib_Host_SM_sm_mgr.obj (.text.sm_g2)
                  00011e68    000000dc              : OneLib_Host_GATT_gatt_server.obj (.text.GATT_SendRsp)
                  00011f44    000000dc              : OneLib_LL_ll_common.obj (.text.llPeriSetupConnWindow)
                  00012020    000000d8     app_connection.o (.text.Connection_ConnEventHandler)
                  000120f8    000000d8     drivers_cc23x0r5.a : GPIOLPF3.c.obj (.text.GPIO_init)
                  000121d0    000000d8     OneLib.a : OneLib_Host_Profiles_gattservapp.obj (.text.gattServApp_HandleConnStatusCB)
                  000122a8    000000d8              : OneLib_LL_ll_common.obj (.text.llSendConnEvtCallback)
                  00012380    000000d8     ti_freertos_config.o (.text.pthread_create)
                  00012458    000000d8     ti_freertos_config.o (.text.pvPortMalloc)
                  00012530    000000d8     rcl_cc23x0r5.a : RCL.c.obj (.text.rclDispatchHwi)
                  00012608    000000d8     ble_user_config.o (.text.setBleUserConfig)
                  000126e0    000000d8     OneLib.a : OneLib_Host_SM_sm_pairing.obj (.text.smProcessDataMsg)
                  000127b8    000000d4     drivers_cc23x0r5.a : UART2LPF3.c.obj (.text.UART2Support_dmaStartRx)
                  0001288c    000000d4     OneLib.a : OneLib_LL_ll_data.obj (.text.llDynamicAlloc)
                  00012960    000000d0              : OneLib_Host_GATT_gatt_server.obj (.text.GATT_RegisterService)
                  00012a30    000000d0     drivers_cc23x0r5.a : UART2LPF3.c.obj (.text.UART2Support_dmaStartTx)
                  00012b00    000000d0     OneLib.a : OneLib_Host_Profiles_gapgattserver.obj (.text.ggs_WriteAttrCB)
                  00012bd0    000000d0              : OneLib_Host_SM_sm_pairing.obj (.text.smGenerateAddrInput)
                  00012ca0    000000cc     secure_drivers_cc23x0r5.a : AESCTRLPF3.c.obj (.text.AESCTRLPF3_startOperation)
                  00012d6c    000000cc     drivers_cc23x0r5.a : Button.c.obj (.text.Button_open)
                  00012e38    000000cc     StackWrapper.a : StackWrapper_Host_gapbondmgr.obj (.text.gapBondMgr_FindAddr)
                  00012f04    000000c8     OneLib.a : OneLib_LL_ll_common.obj (.text.llAlignToNextEvent)
                  00012fcc    000000c8     ecc.a : lowlevelapi.c.obj (.text.mINVK)
                  00013094    000000c8     OneLib.a : OneLib_Host_SM_sm_rsppairing.obj (.text.smContPublicKeyExchange)
                  0001315c    000000c4     dev_info_service.o (.text.DevInfo_readAttrCB)
                  00013220    000000c4     OneLib.a : OneLib_Host_GAP_gap_advertiser.obj (.text.gapAdv_init)
                  000132e4    000000c0     bleapputil_init.o (.text.BLEAppUtil_initGapBondParams)
                  000133a4    000000c0     OneLib.a : OneLib_LL_crypto_port_simplelink.obj (.text.CryptoP_RNGInit)
                  00013464    000000c0     ti_freertos_config.o (.text.xEventGroupWaitBits)
                  00013524    000000bc     display_cc23x0r5.a : DisplayUart2.c.obj (.text.DisplayUart2Ansi_vprintf)
                  000135e0    000000bc     OneLib.a : OneLib_Host_GAP_gap_linkmgr.obj (.text.GAP_Authenticate)
                  0001369c    000000bc              : OneLib_Host_GAP_gap_linkmgr.obj (.text.GAP_UpdateLinkParamReqReply)
                  00013758    000000bc              : OneLib_Host_GAP_gap_linkmgr.obj (.text.gapProcessConnectionCompleteEvt)
                  00013814    000000bc              : OneLib_LL_ll_scheduler.obj (.text.llAllocTask)
                  000138d0    000000bc     StackWrapper.a : StackWrapper_OSAL_osal.obj (.text.osal_set_event)
                  0001398c    000000bc     OneLib.a : OneLib_Host_SM_sm_rsppairing.obj (.text.smpResponderSendPairRspEvent)
                  00013a48    000000ba     secure_drivers_cc23x0r5.a : AESCMACLPF3.c.obj (.text.AESCMACLPF3_oneStepOperation)
                  00013b02    00000002     rom_init.o (.text.MAP_gapInit_initiatingEnd)
                  00013b04    000000b8     StackWrapper.a : StackWrapper_Host_gattservapp_util.obj (.text.GATTServApp_ProcessCharCfg)
                  00013bbc    000000b8     app_pairing.o (.text.Pairing_pairStateHandler)
                  00013c74    000000b8     rcl_cc23x0r5.a : RCL.c.obj (.text.RCL_scheduleHook)
                  00013d2c    000000b6     secure_drivers_cc23x0r5.a : AESCTRLPF3.c.obj (.text.AESCTRLPF3_oneStepOperation)
                  00013de2    00000002     rom_init.o (.text.MAP_gapInit_sendConnCancelledEvt)
                  00013de4    000000b4     nvocmp.o (.text.NVOCMP_erase)
                  00013e98    000000b4     OneLib.a : OneLib_Host_L2CAP_l2cap_util.obj (.text.l2capDisconnectAllChannels)
                  00013f4c    000000b4              : OneLib_LL_ll_adv_end_causes.obj (.text.llAdvSetPhyAndTxPowerInConn)
                  00014000    000000b4     ti_freertos_config.o (.text.xTaskRemoveFromEventList)
                  000140b4    000000b2     main_freertos.o (.text.AssertHandler)
                  00014166    00000002     rom_init.o (.text.MAP_gapScan_processSessionEndEvt)
                  00014168    000000b0     StackWrapper.a : StackWrapper_Host_gapbondmgr.obj (.text.GAPBondMgr_Init)
                  00014218    000000b0     OneLib.a : OneLib_Host_L2CAP_l2cap_task.obj (.text.L2CAP_Init)
                  000142c8    000000b0              : OneLib_Host_SM_sm_mgr.obj (.text.SM_GenerateAuthenSig)
                  00014378    000000b0              : OneLib_LL_ll_data.obj (.text.llDynamicFree)
                  00014428    000000ac              : OneLib_Host_GATT_gatt_server.obj (.text.GATT_Indication)
                  000144d4    000000ac              : OneLib_Host_SM_sm_task.obj (.text.SM_ProcessEvent)
                  00014580    000000ac     StackWrapper.a : StackWrapper_Host_gapbondmgr.obj (.text.gapBondMgrEraseLocalInfo)
                  0001462c    000000ac                    : StackWrapper_Host_gapbondmgr.obj (.text.gapBondMgr_syncResolvingList)
                  000146d8    000000ac     OneLib.a : OneLib_Host_GAP_gap_task.obj (.text.gapProcessHCICmdCompleteEvt)
                  00014784    000000ac              : OneLib_Host_SM_sm_mgr.obj (.text.generate_subkey)
                  00014830    000000ac              : OneLib_LL_ll_common.obj (.text.llFindNextConn)
                  000148dc    000000a8     secure_drivers_cc23x0r5.a : AESECBLPF3.c.obj (.text.AESECBLPF3_startOperation)
                  00014984    000000a8     OneLib.a : OneLib_LL_ll.obj (.text.LL_EXT_GetConnInfo)
                  00014a2c    000000a8              : OneLib_HCI_hci_data.obj (.text.LL_RxDataCompleteCback)
                  00014ad4    000000a8              : OneLib_Host_GAP_linkdb.obj (.text.linkDB_Add)
                  00014b7c    000000a8              : OneLib_LL_ll_scheduler.obj (.text.llScheduleTask)
                  00014c24    000000a4     secure_drivers_cc23x0r5.a : AESCCMLPF3.c.obj (.text.AESCCMLPF3_processSegmentedCTR)
                  00014cc8    000000a4     OneLib.a : OneLib_LL_ll_ae.obj (.text.LL_GetAdvSet)
                  00014d6c    000000a4     drivers_cc23x0r5.a : PowerCC23X0.c.obj (.text.PowerCC23X0_lfxtQual)
                  00014e10    000000a4                        : PowerCC23X0.c.obj (.text.PowerLPF3_sleep)
                  00014eb4    000000a4     StackWrapper.a : StackWrapper_Host_gapbondmgr.obj (.text.gapBondStateStartSecurity)
                  00014f58    000000a4     OneLib.a : OneLib_Host_L2CAP_l2cap_util.obj (.text.l2capAllocChannel)
                  00014ffc    000000a4              : OneLib_Host_SM_sm_pairing.obj (.text.smF5Wrapper)
                  000150a0    000000a4              : OneLib_Host_SM_sm_pairing.obj (.text.smProcessEncryptChange)
                  00015144    000000a2              : OneLib_Host_GATT_gatt_server.obj (.text.GATT_VerifyWritePermissions)
                  000151e6    00000002     rom_init.o (.text.MAP_gap_CentConnRegister)
                  000151e8    000000a2     libclang_rt.builtins.a : udivmoddi4.S.obj (.text)
                  0001528a    00000002     rom_init.o (.text.MAP_l2capDisconnectChannel)
                  0001528c    000000a0     OneLib.a : OneLib_Host_GAP_gap_linkmgr.obj (.text.GAP_UpdateLinkParamReq)
                  0001532c    000000a0              : OneLib_Host_GATT_gatt_client.obj (.text.GATT_InitClient)
                  000153cc    000000a0              : OneLib_LL_ll_scheduler.obj (.text.llFreeTask)
                  0001546c    000000a0     StackWrapper.a : StackWrapper_OSAL_osal_bufmgr.obj (.text.osal_bm_free)
                  0001550c    000000a0     rcl_cc23x0r5.a : RCL_Scheduler.c.obj (.text.rclSchedulerCancelStopTime)
                  000155ac    0000009c     OneLib.a : OneLib_LL_crypto_port_simplelink.obj (.text.CryptoP_AESInit)
                  00015648    0000009c              : OneLib_Host_GAP_gap_linkmgr.obj (.text.GAP_Bond)
                  000156e4    0000009c     rcl_cc23x0r5.a : LRF.c.obj (.text.LRF_TxPowerTable_findValue)
                  00015780    0000009c     StackWrapper.a : StackWrapper_OSAL_osal_cbtimer.obj (.text.cbTimerSetup)
                  0001581c    0000009c     drivers_cc23x0r5.a : NVSLPF3.c.obj (.text.doErase)
                  000158b8    0000009c     OneLib.a : OneLib_LL_ll_common.obj (.text.llInitFeatureSet)
                  00015954    0000009c              : OneLib_Host_SM_sm_pairing.obj (.text.smGetECCKeys)
                  000159f0    0000009a     drivers_cc23x0r5.a : UART2.c.obj (.text.UART2_writeCancel)
                  00015a8a    00000002     rom_init.o (.text.MAP_l2capGetCoChannelInfo)
                  00015a8c    00000098     StackWrapper.a : StackWrapper_Host_gap.obj (.text.GAP_DeviceInit)
                  00015b24    00000098     rcl_cc23x0r5.a : RCL_Buffer.c.obj (.text.RCL_MultiBuffer_RxEntry_next)
                  00015bbc    00000098     OneLib.a : OneLib_Host_Profiles_gattservapp.obj (.text.gattServApp_SetNumPrepareWrites)
                  00015c54    00000098              : OneLib_LL_ll_common.obj (.text.llProcessTxData)
                  00015cec    00000094              : OneLib_Host_Profiles_gattservapp.obj (.text.GATTServApp_Init)
                  00015d80    00000094              : OneLib_HCI_hci_event.obj (.text.HCI_CommandCompleteEvent)
                  00015e14    00000094     icall_POSIX.o (.text.ICall_send)
                  00015ea8    00000094     drivers_cc23x0r5.a : NVSLPF3.c.obj (.text.NVSLPF3_open)
                  00015f3c    00000094     rcl_cc23x0r5.a : RCL_Scheduler.c.obj (.text.RCL_Scheduler_setStopTimes)
                  00015fd0    00000094     OneLib.a : OneLib_Host_SM_sm_pairing.obj (.text.SM_StartPairing)
                  00016064    00000094     ecc.a : scalarMul.c.obj (.text.SQUAREMULTIPLYWORD)
                  000160f8    00000094     simple_gatt_profile.o (.text.SimpleGattProfile_setParameter)
                  0001618c    00000094     simple_gatt_profile.o (.text.SimpleGattProfile_writeAttrCB)
                  00016220    00000094     OneLib.a : OneLib_LL_ll_common.obj (.text.llReleaseConnId)
                  000162b4    00000092              : OneLib_LL_ll_common.obj (.text.llApplyParamUpdate)
                  00016346    00000092              : OneLib_LL_ll_common.obj (.text.llValidateConnParams)
                  000163d8    00000008     secure_drivers_cc23x0r5.a : AESCCMLPF3.c.obj (.text.AESCCM_init)
                  000163e0    00000092     driverlib.a : aes_ticlang.s.obj (.text)
                  00016472    00000002     rom_init.o (.text.MAP_l2capNotifyChannelEstEvt)
                  00016474    00000090     secure_drivers_cc23x0r5.a : AESCMACLPF3.c.obj (.text.AESCMACLPF3_getResult)
                  00016504    00000090     display_cc23x0r5.a : DisplayUart2.c.obj (.text.DisplayUart2Ansi_clearLines)
                  00016594    00000090     OneLib.a : OneLib_Host_L2CAP_l2cap_if.obj (.text.L2CAP_SendData)
                  00016624    00000090              : OneLib_LL_ll.obj (.text.LE_SetExtAdvParamsAdvConn)
                  000166b4    00000090     rcl_cc23x0r5.a : RCL_Buffer.c.obj (.text.RCL_MultiBuffer_RxEntry_get)
                  00016744    00000090     drivers_cc23x0r5.a : UART2LPF3.c.obj (.text.UART2_close)
                  000167d4    00000090     OneLib.a : OneLib_Host_Profiles_gattservapp.obj (.text.gattServApp_EnqueueReTx)
                  00016864    00000090              : OneLib_Host_L2CAP_l2cap_util.obj (.text.l2capEncapSendData)
                  000168f4    00000090              : OneLib_Host_L2CAP_l2cap_util.obj (.text.l2capSendReq)
                  00016984    00000090              : OneLib_LL_ll_ble.obj (.text.llManageControlPacketQueue)
                  00016a14    00000090              : OneLib_LL_ll_common.obj (.text.llRclUpdateFilterList)
                  00016aa4    00000090     StackWrapper.a : StackWrapper_OSAL_osal_cbtimer.obj (.text.osal_CbTimerProcessEvent)
                  00016b34    00000090     ti_freertos_config.o (.text.vTaskDelete)
                  00016bc4    00000090     ti_freertos_config.o (.text.vTaskRemoveFromUnorderedEventList)
                  00016c54    00000090     ti_freertos_config.o (.text.vTaskSuspend)
                  00016ce4    00000090     ti_freertos_config.o (.text.xQueueGenericReset)
                  00016d74    00000090     ecc.a : lowlevelapi.c.obj (.text.zSUB)
                  00016e04    0000008c     OneLib.a : OneLib_Host_Profiles_gattservapp.obj (.text.GATTServApp_WriteAttr)
                  00016e90    0000008c              : OneLib_Host_GATT_gatt_server.obj (.text.GATT_FindNextAttr)
                  00016f1c    0000008c              : OneLib_Host_GATT_gatt_client.obj (.text.gattClientHandleConnStatusCB)
                  00016fa8    0000008c              : OneLib_Host_GATT_gatt_server.obj (.text.gattServerHandleConnStatusCB)
                  00017034    0000008c     StackWrapper.a : StackWrapper_OSAL_osal.obj (.text.osal_msg_enqueue_push)
                  000170c0    0000008c     OneLib.a : OneLib_Host_SM_sm_pairing.obj (.text.smUpdateEncInfo)
                  0001714c    0000008c     ti_freertos_config.o (.text.xTaskPriorityInherit)
                  000171d8    00000088     secure_drivers_cc23x0r5.a : AESCTRLPF3.c.obj (.text.AESCTRLPF3_processData)
                  00017260    00000088     OneLib.a : OneLib_Host_GATT_gatt_task.obj (.text.GATT_bm_alloc)
                  000172e8    00000088     app_menu.o (.text.Menu_workWithCB)
                  00017370    00000088     nvocmp.o (.text.NVOCMP_getDstPage)
                  000173f8    00000088     rcl_cc23x0r5.a : RCL_AdcNoise.c.obj (.text.RCL_AdcNoise_get_samples_blocking)
                  00017480    00000088     StackWrapper.a : StackWrapper_Host_gapbondmgr.obj (.text.gapBondMgr_ServiceChangeInd)
                  00017508    00000088                    : StackWrapper_ICallBLE_ble_dispatch_lite.obj (.text.icall_liteTranslation)
                  00017590    00000088     OneLib.a : OneLib_Host_L2CAP_l2cap_task.obj (.text.l2capProcessSignal)
                  00017618    00000088              : OneLib_LL_ll_common.obj (.text.llCBTimer_AptoExpiredCback)
                  000176a0    00000088              : OneLib_LL_ll_common.obj (.text.llVerifyConnParamReqParams)
                  00017728    00000088              : OneLib_Host_SM_sm_rsppairing.obj (.text.smpResponderProcessPairingConfirm)
                  000177b0    00000088     libc.a : strcmp-armv6m.S.obj (.text:strcmp)
                  00017838    00000086     OneLib.a : OneLib_LL_ll.obj (.text.LL_RemoteConnParamReqReply)
                  000178be    00000086              : OneLib_LL_ll_common.obj (.text.llWriteTxData)
                  00017944    00000086              : OneLib_Host_SMP_smp.obj (.text.smpParsePairingReq)
                  000179ca    00000002     rom_init.o (.text.MAP_l2capNotifyChannelTermEvt)
                  000179cc    00000084     bleapputil_init.o (.text.BLEAppUtil_initGatt)
                  00017a50    00000084     OneLib.a : OneLib_Host_L2CAP_l2cap_task.obj (.text.L2CAP_ProcessEvent)
                  00017ad4    00000084              : OneLib_LL_ll_privacy.obj (.text.LL_PRIV_FindPeerInRL)
                  00017b58    00000084     StackWrapper.a : StackWrapper_Host_gattservapp_util.obj (.text.gattServApp_SendNotiInd)
                  00017bdc    00000084     OneLib.a : OneLib_LL_ll_ae.obj (.text.llFindNextSecCmd)
                  00017c60    00000084     ti_freertos_config.o (.text.memalign)
                  00017ce4    00000084     rcl_cc23x0r5.a : RCL_Scheduler.c.obj (.text.rclSchedulerSetNewStopTime)
                  00017d68    00000084     OneLib.a : OneLib_Host_SM_sm_pairing.obj (.text.smGenerateDHKeyCheck)
                  00017dec    00000084              : OneLib_Host_SMP_smp.obj (.text.smpBuildPairingReqRsp)
                  00017e70    00000080     secure_drivers_cc23x0r5.a : AESCTRLPF3.c.obj (.text.AESCTRLPF3_hwiFxn)
                  00017ef0    00000080     OneLib.a : OneLib_LL_crypto_port_simplelink.obj (.text.CryptoP_ECDHGenerateDHKey)
                  00017f70    00000080              : OneLib_LL_ll.obj (.text.LL_EXT_GetActiveConnInfo)
                  00017ff0    00000080     menu_module.o (.text.MenuModule_printMenuNavBar)
                  00018070    00000080     OneLib.a : OneLib_Host_Profiles_gattservapp.obj (.text.gattServApp_buildReadByTypeRsp)
                  000180f0    00000080              : OneLib_LL_ll_common.obj (.text.llPeriSetConnChannelParams)
                  00018170    00000080              : OneLib_LL_ll_common.obj (.text.llReplaceCtrlPkt)
                  000181f0    00000080              : OneLib_LL_ll_ble.obj (.text.llReplaceRxBuffers)
                  00018270    00000080     ti_freertos_config.o (.text.prvAddCurrentTaskToDelayedList)
                  000182f0    00000080     ti_freertos_config.o (.text.vTaskSwitchContext)
                  00018370    00000080     ecc.a : lowlevelapi.c.obj (.text.zMACC32)
                  000183f0    0000007e           : scalarMul25519.c.obj (.text.X25519_final)
                  0001846e    00000002     rom_init.o (.text.MAP_l2capProcessConnectReq)
                  00018470    0000007c     ti_freertos_config.o (.text.ClockP_startup)
                  000184ec    0000007c     StackWrapper.a : StackWrapper_Host_gapbondmgr.obj (.text.GAPBondMgr_checkRandomAddr)
                  00018568    0000007c     OneLib.a : OneLib_Host_Profiles_gattservapp.obj (.text.GATTServApp_RegisterService)
                  000185e4    0000007c              : OneLib_Host_GATT_gatt_server.obj (.text.GATT_Notification)
                  00018660    0000007c              : OneLib_Host_L2CAP_l2cap_if.obj (.text.L2CAP_ConnParamUpdateReq)
                  000186dc    0000007c              : OneLib_LL_ll_isr.obj (.text.LL_rclPeripheralCallback)
                  00018758    0000007c     ti_freertos_config.o (.text.formatNum)
                  000187d4    0000007c     StackWrapper.a : StackWrapper_Host_gapbondmgr.obj (.text.gapBondMgr_SyncCharCfg)
                  00018850    0000007c     OneLib.a : OneLib_Host_GAP_gap_linkmgr.obj (.text.gapProcessDisconnectCompleteEvt)
                  000188cc    0000007c              : OneLib_Host_GAP_gap_task.obj (.text.gapProcessOSALMsg)
                  00018948    0000007c              : OneLib_Host_L2CAP_l2cap_task.obj (.text.l2capProcessRxData)
                  000189c4    0000007c              : OneLib_LL_ll_scheduler.obj (.text.llLinkSchedSetup)
                  00018a40    0000007c     drivers_cc23x0r5.a : TemperatureLPF3.c.obj (.text.temperatureEventCb)
                  00018abc    0000007c     ti_freertos_config.o (.text.xQueueGenericSendFromISR)
                  00018b38    0000007c     libc.a : copy_decompress_lzss.c.obj (.text:decompress:lzss)
                  00018bb4    0000007a     ecc.a : ECCSW.c.obj (.text.ECCSW_validatePrivateKeyWeierstrass)
                  00018c2e    0000007a     OneLib.a : OneLib_Host_GATT_gatt_client.obj (.text.gattResetClientInfo)
                  00018ca8    0000007a              : OneLib_LL_ll_common.obj (.text.llFragmentPDU)
                  00018d22    00000078     secure_drivers_cc23x0r5.a : AESECBLPF3.c.obj (.text.AESECB_oneStepEncrypt)
                  00018d9a    00000002     OneLib.a : common_lib_opt_ctrl_stub_scanner.obj (.text.OPT_LL_DisableScanning)
                  00018d9c    00000078     bleapputil_process.o (.text.BLEAppUtil_isStackEventRequired)
                  00018e14    00000078     ti_freertos_config.o (.text.ClockP_hwiCallback)
                  00018e8c    00000078     OneLib.a : OneLib_LL_crypto_port_simplelink.obj (.text.CryptoP_ECDHGenerateKeyPair)
                  00018f04    00000078              : OneLib_Host_GATT_gatt_server.obj (.text.GATT_ServiceChangedInd)
                  00018f7c    00000078     drivers_cc23x0r5.a : GPIOLPF3.c.obj (.text.GPIO_setConfigAndMux)
                  00018ff4    00000078     ti_freertos_config.o (.text.HwiP_construct)
                  0001906c    00000078     icall_POSIX.o (.text.ICall_setTimer)
                  000190e4    00000078     OneLib.a : OneLib_LL_ll_enc.obj (.text.LL_ENC_Decrypt)
                  0001915c    00000078              : OneLib_LL_ll.obj (.text.LL_EXT_SetMaxDataLen)
                  000191d4    00000078     nvocmp.o (.text.NVOCMP_writeItemApi)
                  0001924c    00000078     rcl_cc23x0r5.a : RCL_Scheduler.c.obj (.text.RCL_Scheduler_findStopStatus)
                  000192c4    00000078     app_simple_gatt.o (.text.SimpleGatt_start)
                  0001933c    00000078     OneLib.a : OneLib_Host_GAP_gap_perilinkmgr.obj (.text.gapPeriProcessSignalEvt)
                  000193b4    00000078              : OneLib_Host_GAP_gap_task.obj (.text.gapProcessCommandStatusEvt)
                  0001942c    00000078     rcl_cc23x0r5.a : hal_cc23x0.c.obj (.text.hal_init_fsm)
                  000194a4    00000078     StackWrapper.a : StackWrapper_OSAL_osal.obj (.text.osal_init_system)
                  0001951c    00000078                    : StackWrapper_OSAL_osal.obj (.text.osal_msg_receive)
                  00019594    00000078     rcl_cc23x0r5.a : RCL_Scheduler.c.obj (.text.rclSchedulerFindEarliestStopTime)
                  0001960c    00000078     OneLib.a : OneLib_Host_GAP_gap_linkmgr.obj (.text.sendEstLinkEvent)
                  00019684    00000078     driverlib.a : udma.c.obj (.text.uDMASetChannelTransfer)
                  000196fc    00000078     ti_freertos_config.o (.text.xEventGroupSetBits)
                  00019774    00000078     ti_freertos_config.o (.text.xQueueReceiveFromISR)
                  000197ec    00000076     secure_drivers_cc23x0r5.a : AESCTRDRBGXX.c.obj (.text.AESCTRDRBGXX_updateState)
                  00019862    00000076     ti_freertos_config.o (.text.prvCopyDataToQueue)
                  000198d8    00000074     OneLib.a : OneLib_LL_crypto_port_simplelink.obj (.text.CryptoP_AESCCM)
                  0001994c    00000074     libclang_rt.builtins.a : comparedf2.c.obj (.text.__gedf2)
                  000199c0    00000074     OneLib.a : OneLib_Host_L2CAP_l2cap_util.obj (.text.l2capSendCmd)
                  00019a34    00000074              : OneLib_LL_ll_common.obj (.text.llIsThereACollisionBetweenConn)
                  00019aa8    00000074     ti_freertos_config.o (.text.prvUnlockQueue)
                  00019b1c    00000074     OneLib.a : OneLib_Host_SM_sm_pairing.obj (.text.smOobSCAuthentication)
                  00019b90    00000072              : OneLib_Host_GATT_gatt_server.obj (.text.GATT_VerifyReadPermissions)
                  00019c02    00000072     osal_icall_ble.o (.text.osalInitTasks)
                  00019c74    00000070     OneLib.a : OneLib_LL_ll_al.obj (.text.AL_FindEntry)
                  00019ce4    00000070     StackWrapper.a : StackWrapper_Host_gap.obj (.text.GAP_DeviceInit_validate_params)
                  00019d54    00000070     OneLib.a : OneLib_Host_GAP_gap_configmgr.obj (.text.GAP_GetDevAddress)
                  00019dc4    00000070              : OneLib_Host_GATT_gatt_server.obj (.text.GATT_FindHandleUUID)
                  00019e34    00000070              : OneLib_Host_GATT_gatt_server.obj (.text.GATT_InitServer)
                  00019ea4    00000070              : OneLib_HCI_hci_event.obj (.text.LL_PhyUpdateCompleteEventCback)
                  00019f14    00000070     nvocmp.o (.text.NVOCMP_eraseNvApi)
                  00019f84    00000070     nvocmp.o (.text.NVOCMP_readItemApi)
                  00019ff4    00000070     drivers_cc23x0r5.a : PowerCC23X0.c.obj (.text.PowerCC23X0_startHFXT)
                  0001a064    00000070                        : PowerCC23X0.c.obj (.text.Power_sleep)
                  0001a0d4    00000070     OneLib.a : OneLib_Host_SM_sm_rsppairing.obj (.text.SM_ResponderInit)
                  0001a144    00000070     drivers_cc23x0r5.a : UART2LPF3.c.obj (.text.UART2Support_dmaStopTx)
                  0001a1b4    00000070     StackWrapper.a : StackWrapper_Host_gapbondmgr.obj (.text.gapBondMgrSetStateFlagFromConnhandle)
                  0001a224    00000070     OneLib.a : OneLib_Host_L2CAP_l2cap_util.obj (.text.l2capParsePacket)
                  0001a294    00000070              : OneLib_Host_L2CAP_l2cap_task.obj (.text.l2capProcessOSALMsg)
                  0001a304    00000070              : OneLib_LL_ll_common.obj (.text.llAllocConnection)
                  0001a374    00000070              : OneLib_LL_ll_common.obj (.text.llPeriSetConnSyncParams)
                  0001a3e4    00000070     StackWrapper.a : StackWrapper_OSAL_osal.obj (.text.osal_event_send)
                  0001a454    00000070     ti_freertos_config.o (.text.prvInitialiseNewTask)
                  0001a4c4    00000070     OneLib.a : OneLib_Host_SM_sm_pairing.obj (.text.smFreePairingParams)
                  0001a534    00000070     ti_freertos_config.o (.text.vTaskPriorityDisinheritAfterTimeout)
                  0001a5a4    0000006c     drivers_cc23x0r5.a : BatMonSupportLPF3.c.obj (.text.BatMonSupportLPF3_init)
                  0001a610    0000006c     secure_drivers_cc23x0r5.a : CryptoUtils.c.obj (.text.CryptoUtils_reverseCopyPad)
                  0001a67c    0000006c     OneLib.a : OneLib_Host_Profiles_gapgattserver.obj (.text.GGS_SetParameter)
                  0001a6e8    0000006c              : OneLib_LL_ll.obj (.text.LE_RemoveAdvSet)
                  0001a754    0000006c              : OneLib_LL_ll_enc.obj (.text.LL_ENC_Encrypt)
                  0001a7c0    0000006c              : OneLib_LL_ll_isr.obj (.text.LL_rclAdvCallback)
                  0001a82c    0000006c     nvocmp.o (.text.NVOCMP_getFreeNvApi)
                  0001a898    0000006c     nvocmp.o (.text.NVOCMP_readHeader)
                  0001a904    0000006c     OneLib.a : OneLib_LL_ll_common.obj (.text.RfBleDpl_setConnPhy)
                  0001a970    0000006c     simple_gatt_profile.o (.text.SimpleGattProfile_readAttrCB)
                  0001a9dc    0000006c     OneLib.a : OneLib_Host_GAP_gap_perilinkmgr.obj (.text.gapPeriProcessConnUpdateCompleteEvt)
                  0001aa48    0000006c              : OneLib_Host_GAP_gap_configmgr.obj (.text.gapSendDeviceInitDoneEvent)
                  0001aab4    0000006c              : OneLib_Host_GAP_gap_configmgr.obj (.text.gapSetIRK)
                  0001ab20    0000006c              : OneLib_LL_ll_ae.obj (.text.llCompareSecondaryPrimaryTasksQoSParam)
                  0001ab8c    0000006c              : OneLib_LL_ll_common.obj (.text.llCreateCommonFeatureSet)
                  0001abf8    0000006c              : OneLib_LL_ll_ble.obj (.text.llSetupConnRxDataEntryQueue)
                  0001ac64    0000006c              : OneLib_LL_ll_common.obj (.text.llUpdateRxBuffersForActiveConnections)
                  0001acd0    0000006c              : OneLib_LL_ll_ae.obj (.text.llUpdateSortedAdvList)
                  0001ad3c    0000006c     ti_freertos_config.o (.text.prvCheckForValidListAndQueue)
                  0001ada8    0000006c     ti_freertos_config.o (.text.vPortGetHeapStats)
                  0001ae14    00000068     ti_freertos_config.o (.text.ClockP_start)
                  0001ae7c    00000068     display_cc23x0r5.a : DisplayUart2.c.obj (.text.DisplayUart2Ansi_open)
                  0001aee4    00000068     secure_drivers_cc23x0r5.a : ECDHLPF3SW.c.obj (.text.ECDHLPF3SW_getKeyResult)
                  0001af4c    00000068     OneLib.a : OneLib_Host_GAP_gap_task.obj (.text.GAP_ProcessEvent)
                  0001afb4    00000068     ecc.a : scalarMul.c.obj (.text.GETDIGITL2R)
                  0001b01c    00000068     icall_POSIX.o (.text.ICall_enrollService)
                  0001b084    00000068     OneLib.a : OneLib_LL_ll.obj (.text.LE_SetExtAdvAndScanRspData)
                  0001b0ec    00000068              : OneLib_LL_ll_ae.obj (.text.LL_DisableAdvSets)
                  0001b154    00000068              : OneLib_LL_ll_privacy.obj (.text.LL_PRIV_Init)
                  0001b1bc    00000068              : OneLib_HCI_hci_event.obj (.text.LL_RemoteConnParamReqCback)
                  0001b224    00000068              : OneLib_LL_ll.obj (.text.LL_WriteDefaultDataLen)
                  0001b28c    00000068     rcl_cc23x0r5.a : LRFCC23X0.c.obj (.text.LRF_setTrimCommon)
                  0001b2f4    00000068     menu_module.o (.text.MenuModule_doInit)
                  0001b35c    00000068     libclang_rt.builtins.a : comparedf2.c.obj (.text.__ledf2)
                  0001b3c4    00000068     OneLib.a : OneLib_Host_GAP_gap_linkmgr.obj (.text.gapSendPairingReqEvent)
                  0001b42c    00000068              : OneLib_Host_GATT_gatt_client.obj (.text.gattReadByType)
                  0001b494    00000068              : OneLib_Host_GAP_linkdb.obj (.text.linkDB_Authen)
                  0001b4fc    00000068              : OneLib_Host_GAP_linkdb.obj (.text.linkDB_Init)
                  0001b564    00000068              : OneLib_LL_ll_common.obj (.text.llSetNextDataChan)
                  0001b5cc    00000068     ti_freertos_config.o (.text.mq_send)
                  0001b634    00000068     OneLib.a : OneLib_Host_SM_sm_rsppairing.obj (.text.smpResponderProcessCentralID)
                  0001b69c    00000068              : OneLib_Host_SM_sm_rsppairing.obj (.text.smpResponderProcessPairingDHKeyCheck)
                  0001b704    00000066              : OneLib_HCI_hci_event_raw.obj (.text.HCI_SendCommandCompleteEvent)
                  0001b76a    00000002              : common_lib_opt_ctrl_stub_initiator.obj (.text.OPT_LL_DisableScanningForInitiator)
                  0001b76c    00000064     secure_drivers_cc23x0r5.a : AESCommonLPF3.c.obj (.text.AESCommonLPF3_construct)
                  0001b7d0    00000064     app_main.o (.text.App_StackInitDoneHandler)
                  0001b834    00000064     bleapputil_init.o (.text.BLEAppUtil_initHostAdvSet)
                  0001b898    00000064     secure_drivers_cc23x0r5.a : CryptoUtils.c.obj (.text.CryptoUtils_copyPad)
                  0001b8fc    00000064     OneLib.a : OneLib_HCI_hci_event.obj (.text.HCI_VendorSpecifcCommandCompleteEvent)
                  0001b960    00000064     driverlib.a : interrupt.c.obj (.text.IntSetPriority)
                  0001b9c4    00000064     OneLib.a : OneLib_LL_ll.obj (.text.LL_ClearAdvSets)
                  0001ba28    00000064              : OneLib_HCI_hci_event.obj (.text.LL_ReadLocalP256PublicKeyCompleteEventCback)
                  0001ba8c    00000064     rcl_cc23x0r5.a : ble5.c.obj (.text.RCL_Handler_BLE5_findRfFreq)
                  0001baf0    00000064                    : ble5.c.obj (.text.RCL_Handler_BLE5_updateConnStats)
                  0001bb54    00000064     app_simple_gatt.o (.text.SimpleGatt_changeCB)
                  0001bbb8    00000064     drivers_cc23x0r5.a : UART2LPF3.c.obj (.text.UART2Support_dmaStopRx)
                  0001bc1c    00000064     StackWrapper.a : StackWrapper_Host_gapbondmgr.obj (.text.gapBondStateDoGATTDisc)
                  0001bc80    00000064     OneLib.a : OneLib_LL_ll_common.obj (.text.llEnqueueCtrlPkt)
                  0001bce4    00000064              : OneLib_LL_ll_common.obj (.text.llPeriUpdateConnParamsByInitiatorPhy)
                  0001bd48    00000064              : OneLib_LL_ll_scheduler.obj (.text.llScheduler_getHandle)
                  0001bdac    00000064              : OneLib_LL_ll_ae.obj (.text.llSendAdvSetTermEvent)
                  0001be10    00000064     ti_freertos_config.o (.text.xQueueGiveFromISR)
                  0001be74    00000064     ti_freertos_config.o (.text.xTaskCreate)
                  0001bed8    00000062     libclang_rt.builtins.a : aeabi_dcmp.S.obj (.text.__aeabi_dcmp)
                  0001bf3a    00000062     StackWrapper.a : StackWrapper_Host_gapbondmgr.obj (.text.gapBondMgrBondReq)
                  0001bf9c    00000060     secure_drivers_cc23x0r5.a : AESCMACLPF3.c.obj (.text.AESCMACLPF3_hwiFxn)
                  0001bffc    00000060     OneLib.a : OneLib_Host_ATT_att_util.obj (.text.ATT_ParsePacket)
                  0001c05c    00000060     bleapputil_task.o (.text.BLEAppUtil_createBLEAppUtilTask)
                  0001c0bc    00000060     ti_freertos_config.o (.text.ClockP_stop)
                  0001c11c    00000060     app_connection.o (.text.Connection_HciGAPEventHandler)
                  0001c17c    00000060     OneLib.a : OneLib_HCI_hci.obj (.text.HCI_HostNumCompletedPktCmd)
                  0001c1dc    00000060     icall_POSIX.o (.text.ICall_sendServiceComplete)
                  0001c23c    00000060     OneLib.a : OneLib_LL_ll_dfl.obj (.text.LL_DFL_AddEntry)
                  0001c29c    00000060              : OneLib_LL_ll.obj (.text.LL_EncLtkNegReply)
                  0001c2fc    00000060     menu_module.o (.text.MenuModule_displayMenu)
                  0001c35c    00000060     nvocmp.o (.text.NVOCMP_compactNvApi)
                  0001c3bc    00000060     rcl_cc23x0r5.a : ble5.c.obj (.text.RCL_BLE5_updateFilterList)
                  0001c41c    00000060     StackWrapper.a : StackWrapper_Host_gapbondmgr.obj (.text.gapBondMgrUpdateLruBondList)
                  0001c47c    00000060                    : StackWrapper_Host_gapbondmgr.obj (.text.gapBondMgr_Pair)
                  0001c4dc    00000060     icall_POSIX.o (.text.icall_directAPIva)
                  0001c53c    00000060     OneLib.a : OneLib_LL_ll_common.obj (.text.llDequeueCtrlPkt)
                  0001c59c    00000060              : OneLib_Host_SM_sm_task.obj (.text.smProcessLTKRequest_gapBond)
                  0001c5fc    00000060              : OneLib_Host_SM_sm_rsppairing.obj (.text.smpResponderProcessPairingPublicKey)
                  0001c65c    00000060     ti_freertos_config.o (.text.xTaskPriorityDisinherit)
                  0001c6bc    0000005e     OneLib.a : OneLib_Host_L2CAP_l2cap_util.obj (.text.l2capNotifyEvent)
                  0001c71a    00000002              : common_lib_opt_ctrl_stub_connection_handover.obj (.text.OPT_LL_Handover_SetRxBlockValue)
                  0001c71c    0000005c     secure_drivers_cc23x0r5.a : AESECBLPF3.c.obj (.text.AESECBLPF3_hwiFxn)
                  0001c778    0000005c     bleapputil_stack_callbacks.o (.text.BLEAppUtil_advCB)
                  0001c7d4    0000005c     ti_freertos_config.o (.text.ClockP_walkQueueDynamic)
                  0001c830    0000005c     secure_drivers_cc23x0r5.a : CryptoResourceLPF3.c.obj (.text.CryptoResourceLPF3_constructRTOSObjects)
                  0001c88c    0000005c     OneLib.a : OneLib_Host_GAP_gap_advertiser.obj (.text.GapAdv_abortLoad)
                  0001c8e8    0000005c              : OneLib_HCI_hci_event_raw.obj (.text.HCI_getPacketLen)
                  0001c944    0000005c     icall_POSIX.o (.text.ICall_createRemoteTasksAtRuntime)
                  0001c9a0    0000005c     OneLib.a : OneLib_LL_ll.obj (.text.LL_Disconnect)
                  0001c9fc    0000005c              : OneLib_LL_ll_enc.obj (.text.LL_ENC_DecryptMsg)
                  0001ca58    0000005c              : OneLib_LL_ll.obj (.text.LL_RemoveDeviceFromResolvingList)
                  0001cab4    0000005c              : OneLib_LL_ll.obj (.text.LL_SetAddressResolutionEnable)
                  0001cb10    0000005c              : OneLib_LL_ll.obj (.text.LL_SetRandomAddress)
                  0001cb6c    0000005c     nvocmp.o (.text.NVOCMP_checkItem)
                  0001cbc8    0000005c     nvocmp.o (.text.NVOCMP_verifyCRC)
                  0001cc24    0000005c     rcl_cc23x0r5.a : adc_noise.c.obj (.text.RCL_Handler_Adc_Noise_powerDown)
                  0001cc80    0000005c     StackWrapper.a : StackWrapper_Host_sm_ecc.obj (.text.SM_p256KeyCB)
                  0001ccdc    0000005c                    : StackWrapper_Host_gapbondmgr.obj (.text.gapBondMgr_UpdateCharCfg)
                  0001cd38    0000005c     OneLib.a : OneLib_Host_GAP_gap_configmgr.obj (.text.gap_ParamsInit)
                  0001cd94    0000005c              : OneLib_LL_ll_common.obj (.text.llQueryTxQueue)
                  0001cdf0    0000005c     StackWrapper.a : StackWrapper_OSAL_osal_cbtimer.obj (.text.osal_CbTimerUpdate)
                  0001ce4c    0000005c                    : StackWrapper_OSAL_osal_timers.obj (.text.osal_timer_refTimeUpdate)
                  0001cea8    0000005c     ti_freertos_config.o (.text.prvIdleTask)
                  0001cf04    0000005c     OneLib.a : OneLib_Host_SM_sm_rsppairing.obj (.text.smResponderAuthStageTwo)
                  0001cf60    0000005a     StackWrapper.a : StackWrapper_Host_gapbondmgr.obj (.text.GapBondMgr_GetPrevAuth)
                  0001cfba    0000005a     OneLib.a : OneLib_LL_ll_common.obj (.text.llValidateConnectIndPkt)
                  0001d014    00000058     secure_drivers_cc23x0r5.a : AESECBLPF3.c.obj (.text.AESECBLPF3_processData)
                  0001d06c    00000058     bleapputil_init.o (.text.BLEAppUtil_init)
                  0001d0c4    00000058     bleapputil_process.o (.text.BLEAppUtil_processStackEvents)
                  0001d11c    00000058     bleapputil_init.o (.text.BLEAppUtil_stackInit)
                  0001d174    00000058     drivers_cc23x0r5.a : Button.c.obj (.text.Button_gpioCallbackFxn)
                  0001d1cc    00000058     app_dev_info.o (.text.DevInfo_start)
                  0001d224    00000058     icall_POSIX.o (.text.ICall_fetchMsg)
                  0001d27c    00000058     icall_POSIX.o (.text.ICall_workerThreadSendMsg)
                  0001d2d4    00000058     OneLib.a : OneLib_LL_ll.obj (.text.LE_checkAdvConnStatus)
                  0001d32c    00000058              : OneLib_LL_ll.obj (.text.LL_GenerateDHKeyCmd)
                  0001d384    00000058              : OneLib_HCI_hci_event_raw.obj (.text.LL_ReadRemoteUsedFeaturesCompleteCback)
                  0001d3dc    00000058     rcl_cc23x0r5.a : LRFCC23X0.c.obj (.text.LRF_setRxFifoEffSz)
                  0001d434    00000058     menu_module.o (.text.MenuModule_displayItem)
                  0001d48c    00000058     drivers_cc23x0r5.a : PowerCC23X0.c.obj (.text.Power_releaseDependency)
                  0001d4e4    00000058                        : PowerCC23X0.c.obj (.text.Power_setDependency)
                  0001d53c    00000058     libclang_rt.builtins.a : clzsi2.c.obj (.text.__clzsi2)
                  0001d594    00000058     StackWrapper.a : StackWrapper_Host_gapbondmgr.obj (.text.gapBondMgrChangeState)
                  0001d5ec    00000058     OneLib.a : OneLib_Host_GATT_gatt_server.obj (.text.gattProcessReadMultiReq)
                  0001d644    00000058              : OneLib_LL_ll_common.obj (.text.llSetupDenyList)
                  0001d69c    00000058              : OneLib_LL_ll_common.obj (.text.llShellSortActiveConns)
                  0001d6f4    00000058     ti_freertos_config.o (.text.pthread_exit)
                  0001d74c    00000058     OneLib.a : OneLib_Host_SM_sm_pairing.obj (.text.smDetermineIOCaps)
                  0001d7a4    00000058              : OneLib_Host_SM_sm_pairing.obj (.text.smSendPublicKeys)
                  0001d7fc    00000058     osal_icall_ble.o (.text.stack_main)
                  0001d854    00000058     ti_freertos_config.o (.text.vTaskStartScheduler)
                  0001d8ac    00000058     ti_freertos_config.o (.text.xQueueGenericCreate)
                  0001d904    00000056     StackWrapper.a : StackWrapper_Host_gapbondmgr.obj (.text.GAPBondMgr_ReadLocalLTK)
                  0001d95a    00000002     OneLib.a : common_lib_opt_ctrl_stub_past_receiver.obj (.text.OPT_LL_PAST_R_DynamicFree)
                  0001d95c    00000056     libclang_rt.builtins.a : aeabi_idivmod.S.obj (.text.__aeabi_idivmod)
                  0001d9b2    00000056     OneLib.a : OneLib_Host_GATT_gatt_client.obj (.text.gattFindByTypeValue)
                  0001da08    00000056              : OneLib_LL_ll_common.obj (.text.llBuildCtrlPktPeri)
                  0001da5e    00000056              : OneLib_LL_ll_dfl.obj (.text.llDFLUpdateRanks)
                  0001dab4    00000054     ti_drivers_config.o (.text.Board_shutDownExtFlash)
                  0001db08    00000054     OneLib.a : OneLib_LL_crypto_port_simplelink.obj (.text.CryptoP_AESECB)
                  0001db5c    00000054     display_cc23x0r5.a : Display.c.obj (.text.Display_doOpen)
                  0001dbb0    00000054     OneLib.a : OneLib_Host_GAP_gap_perilinkmgr.obj (.text.GAP_SendPeripheralSecurityRequest)
                  0001dc04    00000054              : OneLib_Host_GAP_gap_configmgr.obj (.text.GapConfig_SetParameter)
                  0001dc58    00000054     icall_POSIX.o (.text.ICall_registerApp)
                  0001dcac    00000054     OneLib.a : OneLib_HCI_hci_event.obj (.text.LL_GenerateDHKeyCompleteEventCback)
                  0001dd00    00000054              : OneLib_LL_ll_privacy.obj (.text.LL_PRIV_GenerateRPA)
                  0001dd54    00000054     rcl_cc23x0r5.a : LRFCC23X0.c.obj (.text.LRF_readRxFifoWords)
                  0001dda8    00000054     menu_module.o (.text.MenuModule_initButtons)
                  0001ddfc    00000054     rcl_cc23x0r5.a : RCL.c.obj (.text.RCL_Command_pend)
                  0001de50    00000054                    : RCL_Scheduler.c.obj (.text.RCL_Scheduler_setStartStopTimeEarliestStart)
                  0001dea4    00000054     drivers_cc23x0r5.a : UART2.c.obj (.text.UART2_readCancel)
                  0001def8    00000054     OneLib.a : OneLib_Host_GAP_gap_linkmgr.obj (.text.gapPasskeyNeededCB)
                  0001df4c    00000054              : OneLib_Host_GATT_gatt_task.obj (.text.gattNotifyEvent)
                  0001dfa0    00000054     rcl_cc23x0r5.a : hal_cc23x0.c.obj (.text.hal_check_clear_timer_compare)
                  0001dff4    00000054     OneLib.a : OneLib_Host_L2CAP_l2cap_util.obj (.text.l2capSendFCPkt)
                  0001e048    00000054              : OneLib_LL_ll_common.obj (.text.llAllocatePDU)
                  0001e09c    00000054              : OneLib_LL_ll_data.obj (.text.llDynamicFree_connectable)
                  0001e0f0    00000054              : OneLib_LL_ll_common.obj (.text.llEstimateConnMinTimeLength)
                  0001e144    00000054              : OneLib_LL_ll_common.obj (.text.llSetCodedMaxTxTime)
                  0001e198    00000054              : OneLib_LL_ll_common.obj (.text.llVerifyCodedConnInterval)
                  0001e1ec    00000054              : OneLib_LL_ll_ecc.obj (.text.ll_GenerateDHKey)
                  0001e240    00000054     StackWrapper.a : StackWrapper_OSAL_osal_clock.obj (.text.osalAdjustTimer)
                  0001e294    00000054                    : StackWrapper_OSAL_osal_bufmgr.obj (.text.osal_bm_alloc)
                  0001e2e8    00000054     rcl_cc23x0r5.a : RCL.c.obj (.text.rclPowerNotify)
                  0001e33c    00000054     OneLib.a : OneLib_Host_SM_sm_rsppairing.obj (.text.smpResponderProcessIdentityAddrInfo)
                  0001e390    00000052     StackWrapper.a : StackWrapper_Host_gap.obj (.text.GAP_DeviceInit_per_role)
                  0001e3e2    00000052     OneLib.a : OneLib_LL_ll.obj (.text.LL_EncLtkReply)
                  0001e434    00000052              : OneLib_Host_GAP_gap_devmgr.obj (.text.gapFindADType)
                  0001e486    00000052              : OneLib_Host_GATT_gatt_client.obj (.text.gattPrepareWriteReq)
                  0001e4d8    00000052              : OneLib_LL_ll_common.obj (.text.llGetNextDataChanAlgo1)
                  0001e52a    00000052              : OneLib_LL_ll_ble.obj (.text.llMoveTempTxDataEntries)
                  0001e57c    00000052              : OneLib_Host_SMP_smp.obj (.text.smSendSMMsg)
                  0001e5ce    00000002              : common_lib_opt_ctrl_stub_past_receiver.obj (.text.OPT_LL_PAST_R_ProcessIndPackets)
                  0001e5d0    00000050     secure_drivers_cc23x0r5.a : AESCCMLPF3.c.obj (.text.AESCCMLPF3_processB1withAAD)
                  0001e620    00000050                               : AESCTRLPF3.c.obj (.text.AESCTRLPF3_configDataDMA)
                  0001e670    00000050     bleapputil_process.o (.text.BLEAppUtil_convertGATTEvents)
                  0001e6c0    00000050     bleapputil_stack_callbacks.o (.text.BLEAppUtil_passcodeCB)
                  0001e710    00000050     ti_drivers_config.o (.text.Board_sendExtFlashByte)
                  0001e760    00000050     secure_drivers_cc23x0r5.a : ECCInitLPF3SW.c.obj (.text.ECCInitLPF3SW_NISTP256)
                  0001e7b0    00000050     OneLib.a : OneLib_Host_GAP_gap_linkmgr.obj (.text.GAP_Signable)
                  0001e800    00000050              : OneLib_Host_GAP_gap_advertiser.obj (.text.GapAdv_setEventMask)
                  0001e850    00000050     StackWrapper.a : StackWrapper_Host_gapbondmgr.obj (.text.GapBondMgr_StartEnc)
                  0001e8a0    00000050     OneLib.a : OneLib_HCI_hci_event.obj (.text.HCI_CommandStatusEvent)
                  0001e8f0    00000050              : OneLib_HCI_hci_event_raw.obj (.text.HCI_SendEventToHost)
                  0001e940    00000050              : OneLib_LL_ll_enc.obj (.text.LL_ENC_AES128_Encrypt)
                  0001e990    00000050     rcl_cc23x0r5.a : ble5.c.obj (.text.RCL_Handler_BLE5_initAdvScanInitStats)
                  0001e9e0    00000050     secure_drivers_cc23x0r5.a : RNGLPF3RF.c.obj (.text.RNG_construct)
                  0001ea30    00000050     drivers_cc23x0r5.a : UDMALPF3.c.obj (.text.UDMALPF3_init)
                  0001ea80    00000050     StackWrapper.a : StackWrapper_Host_gapbondmgr.obj (.text.gapBondMgrReadBonds)
                  0001ead0    00000050                    : StackWrapper_Host_gapbondmgr.obj (.text.gapBondMgr_SupportsCentAddrRes)
                  0001eb20    00000050     OneLib.a : OneLib_Host_GAP_gap_perilinkmgr.obj (.text.gapPeriProcessConnEvt)
                  0001eb70    00000050              : OneLib_Host_GAP_gap_perilinkmgr.obj (.text.gap_PeriConnRegister)
                  0001ebc0    00000050              : OneLib_Host_L2CAP_l2cap_util.obj (.text.l2capAllocConnChannel)
                  0001ec10    00000050              : OneLib_LL_ll_ae.obj (.text.llSendAdvSetEndEvent)
                  0001ec60    00000050     StackWrapper.a : StackWrapper_OSAL_osal_cbtimer.obj (.text.osal_CbTimerStop)
                  0001ecb0    00000050     OneLib.a : OneLib_Host_SM_sm_pairing.obj (.text.smGenerateAddrInput_sPatch)
                  0001ed00    00000050              : OneLib_Host_SM_sm_pairing.obj (.text.smProcessPairingReq)
                  0001ed50    00000050              : OneLib_Host_SM_sm_mgr.obj (.text.sm_s1)
                  0001eda0    00000050     ti_freertos_config.o (.text.xTaskCreateStatic)
                  0001edf0    0000004e     OneLib.a : OneLib_Host_ATT_att_util.obj (.text.ATT_CompareUUID)
                  0001ee3e    0000004e     ti_freertos_config.o (.text.realloc)
                  0001ee8c    0000004c     secure_drivers_cc23x0r5.a : AESCommonLPF3.c.obj (.text.AESCommonLPF3_cleanup)
                  0001eed8    0000004c     bleapputil_process.o (.text.BLEAppUtil_convertHCIGAPEvents)
                  0001ef24    0000004c     OneLib.a : OneLib_LL_crypto_port_simplelink.obj (.text.CryptoP_ECDHInit)
                  0001ef70    0000004c              : OneLib_Host_GAP_gap_linkmgr.obj (.text.GAP_PasscodeUpdate)
                  0001efbc    0000004c              : OneLib_Host_GAP_gap_linkmgr.obj (.text.GAP_TerminateLinkReq)
                  0001f008    0000004c              : OneLib_Host_Profiles_gattservapp.obj (.text.GATTServApp_AddService)
                  0001f054    0000004c     StackWrapper.a : StackWrapper_Host_gattservapp_util.obj (.text.GATTServApp_ProcessCCCWriteReq)
                  0001f0a0    0000004c     OneLib.a : OneLib_Host_Profiles_gattservapp.obj (.text.GATTServApp_SendCCCUpdatedEvent)
                  0001f0ec    0000004c              : OneLib_Host_GATT_gatt_task.obj (.text.GATT_UpdateMTU)
                  0001f138    0000004c              : OneLib_HCI_hci_event.obj (.text.HCI_HardwareErrorEvent)
                  0001f184    0000004c              : OneLib_HCI_hci_event_raw.obj (.text.HCI_InitEventMasks)
                  0001f1d0    0000004c              : OneLib_HCI_hci.obj (.text.HCI_LE_ConnUpdateCmd)
                  0001f21c    0000004c              : OneLib_HCI_hci_event.obj (.text.HCI_NumOfCompletedPacketsEvent)
                  0001f268    0000004c     driverlib.a : interrupt.c.obj (.text.IntSetPend)
                  0001f2b4    0000004c     OneLib.a : OneLib_LL_ll.obj (.text.LL_ClearResolvingList)
                  0001f300    0000004c              : OneLib_LL_ll.obj (.text.LL_clearAllActiveConns)
                  0001f34c    0000004c     driverlib.a : lrfd.c.obj (.text.LRFDApplyClockDependencies)
                  0001f398    0000004c     rcl_cc23x0r5.a : LRFCC23X0.c.obj (.text.LRF_programTemperatureCompensatedTxPower)
                  0001f3e4    0000004c                    : LRFCC23X0.c.obj (.text.LRF_writeTxFifoWords)
                  0001f430    0000004c     ti_freertos_config.o (.text.MessageQueueP_pend)
                  0001f47c    0000004c     ti_freertos_config.o (.text.MessageQueueP_post)
                  0001f4c8    0000004c     rcl_cc23x0r5.a : RCL.c.obj (.text.RCL_open)
                  0001f514    0000004c     ti_freertos_config.o (.text.SemaphoreP_construct)
                  0001f560    0000004c     simple_gatt_profile.o (.text.SimpleGattProfile_getParameter)
                  0001f5ac    0000004c     ti_freertos_config.o (.text.__aeabi_errno_addr)
                  0001f5f8    0000004c     OneLib.a : OneLib_Host_GAP_gap_configmgr.obj (.text.gapReadBufSizeCmdStatus)
                  0001f644    0000004c              : OneLib_Host_Profiles_gattservapp.obj (.text.gattServApp_ClearPrepareWriteQ)
                  0001f690    0000004c              : OneLib_LL_ll_common.obj (.text.llGenPrnE)
                  0001f6dc    0000004c              : OneLib_LL_ll_common.obj (.text.llProcessChanMap)
                  0001f728    0000004c              : OneLib_LL_ll_common.obj (.text.llReleaseAllConnId)
                  0001f774    0000004c              : OneLib_LL_ll_ae.obj (.text.llRemoveAdvSortedEntry)
                  0001f7c0    0000004c              : OneLib_LL_ll_scheduler.obj (.text.llSelectTaskAdv)
                  0001f80c    0000004c              : OneLib_LL_ll_common.obj (.text.llSetStarvationMode)
                  0001f858    0000004c              : OneLib_LL_ll_ecc.obj (.text.ll_eccInit)
                  0001f8a4    0000004c     ti_freertos_config.o (.text.removeThreadKeys)
                  0001f8f0    0000004c     OneLib.a : OneLib_Host_SM_sm_pairing.obj (.text.sm_computeDHKey)
                  0001f93c    0000004c     ti_freertos_config.o (.text.xTaskCheckForTimeOut)
                  0001f988    0000004a     rcl_cc23x0r5.a : LRF.c.obj (.text.LRF_loadImage)
                  0001f9d2    00000002     OneLib.a : common_lib_opt_ctrl_stub_past_receiver.obj (.text.OPT_LL_PAST_R_ResetConnParamsToDefault)
                  0001f9d4    0000004a     libclang_rt.builtins.a : fixdfsi.S.obj (.text.__fixdfsi)
                  0001fa1e    0000004a     ti_freertos_config.o (.text.calloc)
                  0001fa68    0000004a     OneLib.a : OneLib_Host_GAP_linkdb.obj (.text.linkDB_GetInfo)
                  0001fab2    0000004a              : OneLib_LL_ll_common.obj (.text.llGetNextDataChanAlgo2)
                  0001fafc    0000004a     ecc.a : lowlevelapi.c.obj (.text.zADD32)
                  0001fb46    00000002     OneLib.a : common_lib_opt_ctrl_stub_past_receiver.obj (.text.OPT_LL_PAST_R_SetFeatureBit)
                  0001fb48    00000048     secure_drivers_cc23x0r5.a : AESCCMLPF3.c.obj (.text.AESCCMLPF3_processCTRCounterBlock)
                  0001fb90    00000048                               : AESCCMLPF3.c.obj (.text.AESCCMLPF3_processOneStepCTRPolling)
                  0001fbd8    00000048     bleapputil_process.o (.text.BLEAppUtil_callEventHandler)
                  0001fc20    00000048     bleapputil_init.o (.text.BLEAppUtil_invokeFunction)
                  0001fc68    00000048     bleapputil_stack_callbacks.o (.text.BLEAppUtil_processStackMsgCB)
                  0001fcb0    00000048     ti_freertos_config.o (.text.ClockP_construct)
                  0001fcf8    00000048     OneLib.a : OneLib_Host_Profiles_gattservapp.obj (.text.GATTServApp_SendServiceChangedInd)
                  0001fd40    00000048     icall_POSIX.o (.text.ICall_newTask)
                  0001fd88    00000048     icall_POSIX.o (.text.ICall_wait)
                  0001fdd0    00000048     OneLib.a : OneLib_LL_ll_ae.obj (.text.LL_AE_Init)
                  0001fe18    00000048              : OneLib_HCI_hci_event.obj (.text.LL_ConnParamUpdateCback)
                  0001fe60    00000048              : OneLib_HCI_hci_event.obj (.text.LL_ConnParamUpdateRejectCback)
                  0001fea8    00000048              : OneLib_HCI_hci_event.obj (.text.LL_DataLengthChangeEventCback)
                  0001fef0    00000048              : OneLib_HCI_hci_event.obj (.text.LL_EncLtkReqCback)
                  0001ff38    00000048              : OneLib_LL_ll.obj (.text.LL_RemoteConnParamReqNegReply)
                  0001ff80    00000048              : OneLib_LL_ll.obj (.text.LL_SetResolvablePrivateAddressTimeout)
                  0001ffc8    00000048     rcl_cc23x0r5.a : LRFCC23X0.c.obj (.text.LRF_setTemperatureTrim)
                  00020010    00000048     nvocmp.o (.text.NVOCMP_loadApiPtrsMin)
                  00020058    00000048     nvocmp.o (.text.NVOCMP_readItem)
                  000200a0    00000048     drivers_cc23x0r5.a : NVS.c.obj (.text.NVS_open)
                  000200e8    00000048                        : PowerCC23X0.c.obj (.text.PowerCC23X0_hfxtAmpsettledTimeout)
                  00020130    00000048                        : PowerCC23X0.c.obj (.text.PowerLPF3_getHfxtAmpAdjustment)
                  00020178    00000048     rcl_cc23x0r5.a : RCL_Scheduler.c.obj (.text.RCL_Scheduler_postEvent)
                  000201c0    00000048     drivers_cc23x0r5.a : RingBuf.c.obj (.text.RingBuf_put)
                  00020208    00000048                        : TemperatureLPF3.c.obj (.text.degreesToCode)
                  00020250    00000048     StackWrapper.a : StackWrapper_Host_gapbondmgr.obj (.text.gapBondStateStartNextGATTDisc)
                  00020298    00000048     OneLib.a : OneLib_Host_GAP_gap_linkmgr.obj (.text.gapFreeAuthLink)
                  000202e0    00000048              : OneLib_Host_GATT_gatt_server.obj (.text.gattProcessReadByGrpTypeReq)
                  00020328    00000048              : OneLib_HCI_hci_event_raw.obj (.text.hciAllocAndPrepHciEvtPkt)
                  00020370    00000048              : OneLib_Host_L2CAP_l2cap_util.obj (.text.l2capNotifySignal)
                  000203b8    00000048              : OneLib_Host_L2CAP_l2cap_util.obj (.text.l2capSendPkt)
                  00020400    00000048              : OneLib_LL_ll_common.obj (.text.llCalcConnMissCount)
                  00020448    00000048              : OneLib_LL_ll_common.obj (.text.llConnSetupBuffers)
                  00020490    00000048              : OneLib_LL_ll_common.obj (.text.llPostSetupCtrlPktPeri)
                  000204d8    00000048              : OneLib_LL_ll_scheduler.obj (.text.llSchedulerInit)
                  00020520    00000048              : OneLib_LL_ll_common.obj (.text.llSendReject)
                  00020568    00000048              : OneLib_LL_ll_common.obj (.text.llSetPhy)
                  000205b0    00000048              : OneLib_LL_ll_scheduler.obj (.text.llSetTaskAdv)
                  000205f8    00000048     ti_freertos_config.o (.text.mq_receive)
                  00020640    00000048     StackWrapper.a : StackWrapper_OSAL_osal.obj (.text.osal_msg_extract)
                  00020688    00000048     ti_freertos_config.o (.text.pthread_mutex_unlock)
                  000206d0    00000048     OneLib.a : OneLib_Host_GAP_gap_linkmgr.obj (.text.sendTerminateEvent)
                  00020718    00000048              : OneLib_Host_SM_sm_rsppairing.obj (.text.smpResponderProcessSigningInfo)
                  00020760    00000048     ti_freertos_config.o (.text.xTimerCreateTimerTask)
                  000207a8    00000044     secure_drivers_cc23x0r5.a : AESCMACLPF3.c.obj (.text.AESCMACLPF3_generateSubKey)
                  000207ec    00000044                               : AESCMACLPF3.c.obj (.text.AESCMACLPF3_processBlocks)
                  00020830    00000044     OneLib.a : OneLib_LL_ll_al.obj (.text.AL_Alloc)
                  00020874    00000044     bleapputil_task.o (.text.BLEAppUtil_convertBdAddr2Str)
                  000208b8    00000044     bleapputil_init.o (.text.BLEAppUtil_registerEventHandler)
                  000208fc    00000044     secure_drivers_cc23x0r5.a : ECCInitLPF3SW.c.obj (.text.ECCInitLPF3SW_Curve25519)
                  00020940    00000044     OneLib.a : OneLib_Host_GATT_gatt_server.obj (.text.GATT_FindHandle)
                  00020984    00000044     drivers_cc23x0r5.a : GPIOLPF3.c.obj (.text.GPIO_setInterruptConfig)
                  000209c8    00000044     OneLib.a : OneLib_Host_GAP_gap_advertiser.obj (.text.GapAdv_disable)
                  00020a0c    00000044              : OneLib_HCI_TL_hci_tl.obj (.text.HCI_Init)
                  00020a50    00000044              : OneLib_HCI_TL_hci_tl.obj (.text.HCI_ProcessEvent)
                  00020a94    00000044              : OneLib_LL_ll_enc.obj (.text.LL_ENC_EncryptMsg)
                  00020ad8    00000044              : OneLib_LL_ll_privacy.obj (.text.LL_PRIV_ResolveRPA)
                  00020b1c    00000044     app_peripheral.o (.text.Peripheral_start)
                  00020b60    00000044     rcl_cc23x0r5.a : RCL_Buffer.c.obj (.text.RCL_MultiBuffer_ListInfo_init)
                  00020ba4    00000044                    : RCL_Buffer.c.obj (.text.RCL_MultiBuffer_getBuffer)
                  00020be8    00000044     drivers_cc23x0r5.a : UART2LPF3.c.obj (.text.UART2LPF3_initIO)
                  00020c2c    00000044     OneLib.a : OneLib_Host_GATT_gatt_task.obj (.text.gattGetPayload)
                  00020c70    00000044              : OneLib_Host_L2CAP_l2cap_util.obj (.text.l2capParseCmdReject)
                  00020cb4    00000044              : OneLib_Host_GAP_linkdb.obj (.text.linkDB_Find)
                  00020cf8    00000044              : OneLib_LL_ll_common.obj (.text.llAtLeastTwoChans)
                  00020d3c    00000044              : OneLib_LL_ll_scheduler.obj (.text.llCmdAdvStartedEventHandle)
                  00020d80    00000044              : OneLib_LL_ll_common.obj (.text.llPeriSetConnAddr)
                  00020dc4    00000044              : OneLib_LL_ll_common.obj (.text.llTime2Octets)
                  00020e08    00000044              : OneLib_LL_ll_ecc.obj (.text.ll_ReadLocalP256PublicKey)
[...]
2000692c  CryptoResourceLPF3_hwi                           
20006948  clockHwi                                         
20006964  gapParams                                        
20006980  workerThreadEntity                               
2000699c  connOutput                                       
200069dc  cpOperationECB                                   
200069f0  operationComputeSharedSecret                     
20006a04  remoteTaskParams                                 
20006a18  gLtkReqDetails                                   
20006a2a  deviceFeatureSet                                 
20006a3c  eccParams                                        
20006a4c  encParamsCCM                                     
20006a5c  encParamsECB                                     
20006a6c  gRankFLTable                                     
20006a7c  llTaskList                                       
20006a8c  localCryptoKey                                   
20006a9c  localPrivateKey                                  
20006aac  localPublicKey                                   
20006abc  operationECB                                     
20006acc  operationGeneratePublicKey                       
20006adc  remotePublicKey                                  
20006aec  sharedSecret                                     
20006afc  swParamList                                      
20006b34  displayUart2Object                               
20006b58  BLEAppUtil_threadEntity                          
20006b60  POSIX_args                                       
20006b68  RNGLPF3RF_objects                                
20006b70  gParamUpdateReq                                  
20006b78  llConnEvtNotice                                  
20006b80  llConns                                          
20006b88  privInfo                                         
20006b90  rclState                                         
20006b98  gapCurrentRandomAddr                             
20006b9e  buildInfo                                        
20006ba0  ownPublicAddr                                    
20006ba6  connInitialMaxTxOctets                           
20006ba8  ownRandomAddr                                    
20006bae  connInitialMaxTxTime                             
20006bb0  ownSavedPublicAddr                               
20006bb6  verInfo                                          
20006bc1  gAntennasInfo                                    
20006be0  BDAddrPerConnHandle                              
20006be4  SysBootMsg                                       
20006be8  activeConns                                      
20006bec  appInitDoneHandler                               
20006bf0  dtmInfo                                          
20006bf4  ecdhHandle                                       
20006bf8  encHandleCCM                                     
20006bfc  encHandleECB                                     
20006c00  errorHandlerCb                                   
20006c04  extStackSettings                                 
20006c08  handle_left                                      
20006c0c  handle_right                                     
20006c10  l2capChannels                                    
20006c14  l2capPsm                                         
20006c18  linkDB                                           
20006c1c  llECCCurveParams                                 
20006c20  operationResult                                  
20006c24  osal_last_timestamp                              
20006c28  osal_max_msecs                                   
20006c2c  osal_qHead                                       
20006c30  osal_syncHandle                                  
20006c34  osal_tickperiod                                  
20006c38  pNextAdvSet                                      
20006c3c  pRfPathComp                                      
20006c40  resolvingList                                    
20006c44  rfHandle                                         
20006c48  rngHandle                                        
20006c4c  taskEndAction                                    
20006c50  tasksEvents                                      
20006c54  timerHead                                        
20006c58  connInitialMaxTxTimeCoded                        
20006c5a  connInitialMaxTxTimeUncoded                      
20006c5c  maximumPduSize                                   
20006c5e  pwrmgr_attribute                                 
20006c60  supportedMaxRxOctets                             
20006c62  supportedMaxRxTime                               
20006c64  supportedMaxTxOctets                             
20006c66  supportedMaxTxTime                               
20006c68  LL_TaskID                                        
20006c69  NVOCMP_size                                      
20006c6a  NVSLPF3_objects                                  
20006c6b  adcNoiseHandlerState                             
20006c6c  aeCurAdvEnableHandle                             
20006c6d  aeCurConnHandle                                  
20006c6e  aeCurHandle                                      
20006c6f  alSize                                           
20006c70  defaultPhy                                       
20006c71  extInitIndex                                     
20006c72  extScanIndex                                     
20006c73  fastTxRespTime                                   
20006c74  gAction                                          
20006c75  gCurTxPowerVal                                   
20006c76  gapDeviceAddrMode                                
20006c77  gapTaskID                                        
20006c78  gattNumConns                                     
20006c79  gattTaskID                                       
20006c7a  hciGapTaskID                                     
20006c7b  hciL2capTaskID                                   
20006c7c  hciSmpTaskID                                     
20006c7d  hciTaskID                                        
20006c7e  hciTestTaskID                                    
20006c7f  hciVsEvtMask                                     
20006c80  icall_liteTaskId                                 
20006c81  l2capNumChannels                                 
20006c82  l2capTaskID                                      
20006c83  l2cap_gattServAppTaskID                          
20006c84  linkDBNumConns                                   
20006c85  llCryptoMode                                     
20006c86  llECDHMode                                       
20006c87  llState                                          
20006c88  maxNumConns                                      
20006c89  maxNumTxDataBufs                                 
20006c8a  maxTxPwrForDTM                                   
20006c8b  numActiveAdvSets                                 
20006c8c  numComplPkts                                     
20006c8d  numComplPktsFlush                                
20006c8e  numComplPktsLimit                                
20006c8f  numTxDataBufs                                    
20006c90  onePktPerEvt                                     
20006c91  osal_entity                                      
20006c92  peripheralAdvHandles                             
20006c93  rlSize                                           
20006c94  rxFifoFlowCtrl                                   
20006c95  secondaryAdvChannelMapPopCount                   
20006c96  slOverride                                       
20006c97  smGenerateDHKeyStatus                            
20006c98  smReadLocalP256PublicKeyStatus                   
20006c99  smTaskID                                         
20006ee0  gapAttrTbl                                       
20007112  smExpectAppKeysInd                               
20007113  SM_appTaskID                                     
200072ac  HwiP_swiPIntNum                                  
200072c8  gpioPinConfigs                                   
20007330  gapBond_removeLRUBond                            
20007331  gapBond_syncRL                                   
2000734c  gapBondStateNodeHead                             
20007350  gapBond_lruBondList                              
20007360  clientCbs                                        
20007374  gapBond_remoteOobData                            
20007544  pairMode                                         
20007545  mitm                                             
20007546  ioCap                                            
20007547  bonding                                          
20007548  secureConnection                                 
20007549  authenPairingOnly                                
2000754a  autoSyncAL                                       
2000754b  eccReGenPolicy                                   
2000754c  KeySize                                          
2000754d  removeLRUBond                                    
2000754e  KeyDistList                                      
2000754f  eccDebugKeys                                     
20007550  allowDebugKeys                                   
20007551  eraseBondWhileInConn                             
20007552  sameIrkAction                                    
20007553  advData1                                         
2000755a  scanResData1                                     
20007574  advParams1                                       
20007590  llUserConfig                                     
200075d8  sm_eccKeys_sc_host_debug                         
20007618  centAddrRes                                      
20007619  resolvablePrivateAddressOnly                     
2000761a  appearance                                       
20007620  periConnParameters                               
20007628  deviceName                                       
200076a2  gapAppTaskID                                     
200076a3  gapEndAppTaskID                                  
200076a4  linkParam                                        
200076a8  rxDataQ                                          
200076cc  appMainPeriCentParams                            
200076d4  appMainParams                                    
200076f8  dispHandle                                       
2000771c  eccParams_NISTP256                               
20007740  gapProfileRole                                   
20007741  gapConfig_IRK                                    
20007751  gapConfig_SRK                                    
20007764  enckey                                           
20007784  attDeviceName                                    
200077a4  gapParameters                                    
200077c2  baseTaskID                                       
200077c6  rclTemperatureThreshold                          
200077e0  hciEvtMaskLe                                     
200077e8  hciEvtMaskPage1                                  
200077f0  hciEvtMaskPage2                                  
200077f8  connectionConnHandler                            
20007804  connectionHciGAPHandler                          
20007810  pairingPasscodeHandler                           
2000781c  PairingPairStateHandler                          
20007828  peripheralConnHandler                            
20007834  peripheralAdvHandler                             
20007840  DisplayUart2Ansi_escInitial                      
20007854  randomAddressConfigured                          
20007858  defaultChannelMap                                
20007860  secondaryAdvChannelMap                           
200078ba  devInfo11073CertUUID                             
200078cc  maxSupportedAdvSets                              
200078cd  aePeripheralSCA                                  
200078d0  advSetList                                       
200078d4  extScanInfo                                      
200078d8  extInitInfo                                      
200078e0  osal_eventloop_hook                              
200078e4  osal_icallMsg_hook                               
200078ec  BLEAppUtilLocal_GeneralParams                    
200078f0  BLEAppUtilLocal_PeriCentParams                   
200078f4  BLEAppUtil_bondMgrCBs                            
2000790c  eccCryptoKey                                     
2000791c  encCryptoKey                                     
2000793b  gapBondParams                                    
2000794a  devInfoFirmwareRevUUID                           
20007959  devInfoHardwareRevUUID                           
2000795b  appTaskID                                        
2000795c  pPairingParams                                   
20007960  pfnResponderCBs                                  
20007964  pfnInitiatorCBs                                  
20007968  alTable                                          
2000796c  alTableScan                                      
20007970  gDenyList                                        
20007980  ICall_enterCriticalSection                       
20007984  ICall_leaveCriticalSection                       
20007988  ICall_dispatcher                                 
2000798c  halSchedFsmCb                                    
20007990  halDispatchFsmCb                                 
20007994  halCommandFsmCb                                  
20007998  bleAppServiceInfoTable                           
200079a4  dataGATTHandler                                  
200079b0  hciEvtMask                                       
200079c5  devInfoMfrNameUUID                               
200079c7  appearanceCharProps                              
200079d8  terminateReason                                  
200079da  gParamUpdateConnHandle                           
200079dc  pAuthLink                                        
200079f8  assertSubcause                                   
200079f9  legacyMode                                       
200079fc  halAssertCback                                   
20007a00  bm_preReleaseBuffCB                              
20007a08  OSAL_timeSeconds                                 
20007a10  fXtalInv                                         
20007a18  rclHandles                                       
20007a20  user0Cfg                                         
20007a28  l2capNumDataPkts                                 
20007a29  flowCtrlTaskId                                   
20007a2a  flowCtrlFwdTaskId                                
20007a2b  l2capNumPSM                                      
20007a2c  l2capNumCoChannels                               
20007a2d  l2capUserConfig                                  
20007a2f  pRandomAddress                                   
20007a35  DisplayUart2Ansi_escClearScreen                  
20007a3a  ctrlToHostEnable                                 
20007a3c  numHostBufs                                      
20007a3e  defaultTxPowerDbm                                
20007a40  bleUserCfg_maxPduSize                            
20007a46  devInfoModelNumberUUID                           
20007a48  BLEAppUtilEventHandlersHead                      
20007a50  RNGLPF3RF_noiseConditioningKeyWord0              
20007a54  RNGLPF3RF_noiseConditioningKeyWord1              
20007a58  RNGLPF3RF_noiseConditioningKeyWord2              
20007a5c  RNGLPF3RF_noiseConditioningKeyWord3              
20007a60  RemoteTask                                       
20007a64  appAssertCback                                   
20007a68  attClientNotifyTxCB                              
20007a6c  attServerNotifyTxCB                              
20007a70  enckeyLen                                        
20007a78  ggs_AppCBs                                       
20007a7c  linkCmd                                          
20007a80  llSystemStatus                                   
20007a84  localPrivKeyMaterialLen                          
20007a88  pAdvDataEntry                                    
20007a8c  pGapPeripheralConnCBs                            
20007a94  pSmResponderCBs                                  
20007a98  pfnBMAlloc                                       
20007a9c  pfnBMFree                                        
20007aa0  pfnBondMgrCBs                                    
20007aa4  pfnCentralConnCBs                                
20007aa8  pfnPeripheralConnCBs                             
20007aac  pxCurrentTCB                                     
20007abc  txDataQ                                          
20007ac4  devInfoPnpIdUUID                                 
20007ac6  devInfoSerialNumberUUID                          
20007ac8  devInfoServUUID                                  
20007aca  devInfoSoftwareRevUUID                           
20007acc  devInfoSystemIdUUID                              
20007ace  disconnectImmedConnId                            
20007ad0  l2capMtuSize                                     
20007ad4  llUserConfig_maxPduSize                          
20007ad6  maxExtAdvDataLen                                 
20007ad8  simpleGattProfile_ServUUID                       
20007ada  simpleGattProfile_char1UUID                      
20007adc  simpleGattProfile_char2UUID                      
20007ade  simpleGattProfile_char3UUID                      
20007ae0  simpleGattProfile_char4UUID                      
20007ae2  simpleGattProfile_char5UUID                      
20007ae4  smRspWaitingConnHandle                           
20007ae6  att_sendRspOnly                                  
20007ae7  centAddrResCharProps                             
20007ae8  channel2usage                                    
20007af2  deviceNameCharProps                              
20007af3  extScanChanMap                                   
20007af4  gapState                                         
20007af5  gapUnwantedTaskID                                
20007af7  hciPTMenabled                                    
20007aff  l2capFlowCtrlMode                                
20007b00  l2capId                                          
20007b01  linkDB_secureConnectionOnlyMode                  
20007b02  periConnParamCharProps                           
20007b03  pwrmgr_initialized                               
20007b04  qosDefaultPriorityAdvParameter                   
20007b05  qosDefaultPriorityConnParameter                  
20007b06  rclPbeGpoMask                                    
20007b08  resolvablePrivateAddressOnlyCharProps            
20007b10  smAllowDebugKeysMode                             
20007b11  smAppProcessLTKRequest                           
20007b12  smAuthenPairingOnlyMode                          
20008c00  __stack                                          
20009000  __STACK_END                                      
20009000  __STACK_TOP                                      
4e020000  ccfg                                             
4e020000  ti_utils_build_GenMap_sym_CRC_CCFG_BOOT_CFG_begin
4e02000b  ti_utils_build_GenMap_sym_CRC_CCFG_BOOT_CFG_end  
4e020010  ti_utils_build_GenMap_sym_CRC_CCFG_begin         
4e02074b  ti_utils_build_GenMap_sym_CRC_CCFG_end           
4e0207d0  ti_utils_build_GenMap_sym_CRC_CCFG_DEBUG_begin   
4e0207fb  ti_utils_build_GenMap_sym_CRC_CCFG_DEBUG_end     
90000000  TimestampP_nativeFormat64_copy                   
90000004  TimestampP_nativeFormat32_copy                   
ffffffff  __TI_pprof_out_hndl                              
ffffffff  __TI_prof_data_size                              
ffffffff  __TI_prof_data_start                             
ffffffff  __binit__                                        
ffffffff  binit                                            
UNDEFED   RCL_Debug_assertProxy                            
UNDEFED   RCL_Profiling_eventHook                          
UNDEFED   __mpu_init                                       
UNDEFED   _system_post_cinit                               

[2336 symbols]
